******************************************************************************
            TI ARM Clang Linker Unix v1.3.0                    
******************************************************************************
>> Linked Mon Mar  9 18:15:30 2026

OUTPUT FILE NAME:   </home/svc_mee_ci_l2h4060@magna.global/prjtools/ti-psdk-rtos-j721s2-08_05_00_11/pdk_j721s2_08_05_00_36/packages/ti/boot/sbl/binary/j721s2_hyd_hs/mmcsd/bin/sbl_mmcsd_img_mcu1_0_release.xer5f>
ENTRY POINT SYMBOL: "_sblResetVectors"  address: 41c00100


MEMORY CONFIGURATION

         name            origin    length      used     unused   attr    fill
----------------------  --------  ---------  --------  --------  ----  --------
  RESET_VECTORS         41c00100   00000100  00000100  00000000     X
  OCMRAM_SBL            41c00200   0007fde0  000511ec  0002ebf4  RWIX
  OCMRAM_SBL_PHY_TUNING 41c7ffe0   00000020  00000000  00000020  RWIX
  OCMRAM_SBL_SYSFW      41c80000   00040000  00000008  0003fff8  RWIX
  OCMRAM_SBL_RESERVED_C 41cc0000   0003db00  00000000  0003db00  RWIX
  OCMC_RAM_X509_HEADER  41cfdb00   00000500  00000000  00000500  RWIX
  MCU1_0_DDR_CERT_STORE 9dfefc00   00010000  00000000  00010000  RWIX


SEGMENT ALLOCATION MAP

run origin  load origin   length   init length attrs members
----------  ----------- ---------- ----------- ----- -------
41c00100    41c00100    000000f0   000000f0    r-x
  41c00100    41c00100    000000f0   000000f0    r-x .rstvectors
41c001f0    41c001f0    00000010   00000000    rw-
  41c001f0    41c001f0    00000010   00000000    rw- .sbl_profile_info
41c00200    41c00200    000258b0   000258b0    r-x
  41c00200    41c00200    000258a0   000258a0    r-x .text
  41c25aa0    41c25aa0    00000010   00000010    r-- .const
41c25b00    41c25b00    00008b80   00000000    rw-
  41c25b00    41c25b00    00008b80   00000000    rw- .data
41c2e680    41c2e680    00008210   00008210    r--
  41c2e680    41c2e680    00008210   00008210    r-- .rodata
41c36900    41c36900    0000736c   00000000    rw-
  41c36900    41c36900    0000736c   00000000    rw- .bss
41c3dc6c    41c3dc6c    0000384c   0000384c    r--
  41c3dc6c    41c3dc6c    0000384c   0000384c    r-- .const.devgroup.MAIN
41c41500    41c41500    00002b00   00002b00    r--
  41c41500    41c41500    00002b00   00002b00    r-- .boardcfg_data
41c44000    41c44000    00002e20   00000000    rw-
  41c44000    41c44000    00002000   00000000    rw- .sysmem
  41c46000    41c46000    00000e20   00000000    rw- .bss.devgroup.MAIN
41c46e20    41c46e20    000010c8   000010c8    r-x
  41c46e20    41c46e20    00000960   00000960    r-- .const.devgroup.MCU_WAKEUP
  41c47780    41c47780    00000450   00000450    r-x .startupCode
  41c47bd0    41c47bd0    00000318   00000318    r-- .startupData
41c47ee8    41c47ee8    0000023c   00000000    rw-
  41c47ee8    41c47ee8    0000023c   00000000    rw- .bss.devgroup.MCU_WAKEUP
41c48128    41c48128    000023d0   000023d0    r-x
  41c48128    41c48128    00000100   00000100    r-x .bootCode
  41c48228    41c48228    000022d0   000022d0    r-- .cinit
41c78fe0    41c78fe0    00005000   00000000    r--
  41c78fe0    41c78fe0    00000800   00000000    r-- .undStack
  41c797e0    41c797e0    00002000   00000000    r-- .svcStac
  41c7b7e0    41c7b7e0    00001000   00000000    r-- .irqStack
  41c7c7e0    41c7c7e0    00001000   00000000    r-- .fiqStack
  41c7d7e0    41c7d7e0    00000800   00000000    r-- .abortStack
41c7dfe0    41c7dfe0    00002000   00000000    rw-
  41c7dfe0    41c7dfe0    00002000   00000000    rw- .stack
41c80000    41c80000    00000008   00000000    rw-
  41c80000    41c80000    00000008   00000000    rw- .firmware


SECTION ALLOCATION MAP

 output                                  attributes/
section   page    origin      length       input sections
--------  ----  ----------  ----------   ----------------
.rstvectors 
*          0    41c00100    000000f0     
                  41c00100    000000ac     sbl_lib_mmcsd_hs.aer5f : sbl_init.oer5f (.rstvectors)
                  41c001ac    00000040     ti.csl.init.aer5f : resetvecs.oer5f (.rstvectors)
                  41c001ec    00000004     --HOLE-- [fill = 00000000]

.sbl_profile_info 
*          0    41c001f0    00000010     UNINITIALIZED
                  41c001f0    0000000c     sbl_main.oer5f (.sbl_profile_info)
                  41c001fc    00000004     --HOLE--

.text      0    41c00200    000258a0     
                  41c00200    000013d4     ti.drv.mmcsd.aer5f : MMCSD_v2.oer5f (.text.MMCSD_v2_open)
                  41c015d4    00000c34                        : MMCSD_v2.oer5f (.text.MMCSD_v2_transfer)
                  41c02208    00000b80     rm_pm_hal.aer5f : pll.oer5f (.text.pll_calc)
                  41c02d88    00000990                     : rm_udmap.oer5f (.text.rm_udmap_flow_cfg)
                  41c03718    00000864     sciclient_direct_hs.aer5f : sciclient_rm_irq.oer5f (.text.Sciclient_rmIrqFindRoute)
                  41c03f7c    0000079c     rm_pm_hal.aer5f : rm_udmap.oer5f (.text.rm_udmap_tx_ch_cfg)
                  41c04718    00000768                     : rm_udmap.oer5f (.text.rm_udmap_rx_ch_cfg)
                  41c04e80    00000664     ti.drv.i2c.aer5f : I2C_v1.oer5f (.text.I2C_primeTransfer_v1)
                  41c054e4    000004ec     rm_pm_hal.aer5f : clk_div.oer5f (.text.clk_div_set_freq)
                  41c059d0    000004e0     ti.drv.i2c.aer5f : I2C_v1.oer5f (.text.I2C_v1_hwiFxn)
                  41c05eb0    000004b8     rm_pm_hal.aer5f : rm_udmap.oer5f (.text.rm_udmap_flow_size_thresh_cfg)
                  41c06368    000004a8                     : psc.oer5f (.text.lpsc_module_sync_state)
                  41c06810    00000488                     : rm_ra.oer5f (.text.rm_ra_cfg)
                  41c06c98    0000045c                     : clk_pll_16fft.oer5f (.text.clk_pll_16fft_internal_set_freq)
                  41c070f4    00000458     sbl_lib_mmcsd_hs.aer5f : sbl_rprc.oer5f (.text.SBL_MulticoreImageParse)
                  41c0754c    00000438                            : sbl_sci_client.oer5f (.text.SBL_SciClientInit)
                  41c07984    00000430     ti.fs.fatfs.aer5f : ff.oer5f (.text.dir_register)
                  41c07db4    00000428     ti.drv.mmcsd.aer5f : MMCSD_v2.oer5f (.text.MMCSD_switch_eMMC_mode)
                  41c081dc    00000414     sciclient_direct_hs.aer5f : sciclient.oer5f (.text.Sciclient_serviceSecureProxy)
                  41c085f0    000003f4     ti.fs.fatfs.aer5f : ff.oer5f (.text.follow_path)
                  41c089e4    000003ec                       : ff.oer5f (.text.find_volume)
                  41c08dd0    000003cc     sciclient_direct_hs.aer5f : sciclient_rm_irq.oer5f (.text.Sciclient_rmIrqGetRoute)
                  41c0919c    000003cc     rm_pm_hal.aer5f : pll.oer5f (.text.pll_consider)
                  41c09568    000003a8     ti.board.aer5f : board_power.oer5f (.text.PMIC_Update_HERA_Wdg_Slave_Addr)
                  41c09910    00000384     rm_pm_hal.aer5f : device_clk.oer5f (.text.__device_clk_set_freq)
                  41c09c94    00000378     sbl_lib_mmcsd_hs.aer5f : sbl_slave_core_boot.oer5f (.text.SBL_SlaveCoreBoot)
                  41c0a00c    00000374     rm_pm_hal.aer5f : clk_pll_16fft.oer5f (.text.clk_pll_16fft_init)
                  41c0a380    0000036c     ti.drv.mmcsd.aer5f : MMCSD_v2.oer5f (.text.MMCSD_v2_hwiFxn)
                  41c0a6ec    00000368                        : MMCSD_v2.oer5f (.text.MMCSD_switch_card_speed)
                  41c0aa54    0000035c     ti.csl.aer5f : mmcsd.oer5f (.text.HSMMCSDHostCapabilityGet)
                  41c0adb0    00000344     libc.a : _printfi.c.obj (.text:__TI_printfi_minimal)
                  41c0b0f4    0000033c     ti.board.aer5f : board_ddr.oer5f (.text.Board_DDRInit)
                  41c0b430    00000334     sciclient_direct_hs.aer5f : sciclient_rm_irq.oer5f (.text.Sciclient_rmProgramInterruptRoute)
                  41c0b764    0000001c     ti.fs.fatfs.aer5f : FATFS_drv.oer5f (.text.FATFS_diskStatus)
                  41c0b780    00000330     ti.csl.aer5f : interrupt_handlers.oer5f (.text.hwi)
                  41c0bab0    0000032c     rm_pm_hal.aer5f : rm_irq.oer5f (.text.rm_irq_release)
                  41c0bddc    00000320     ti.drv.uart.aer5f : UART_v1.oer5f (.text.UART_open_v1)
                  41c0c0fc    0000031c     ti.drv.mmcsd.aer5f : MMCSD_v2.oer5f (.text.MMCSD_v2_control)
                  41c0c418    0000031c     sciclient_direct_hs.aer5f : sciclient_direct.oer5f (.text.Sciclient_service)
                  41c0c734    000002cc     ti.csl.aer5f : csl_arm_r5.oer5f (.text)
                  41c0ca00    000002c0     rm_pm_hal.aer5f : rm_irq.oer5f (.text.rm_irq_set)
                  41c0ccc0    000002b0     sbl_lib_mmcsd_hs.aer5f : sbl_slave_core_boot.oer5f (.text.SBL_SetupCoreMem)
                  41c0cf70    000002a8                            : sbl_soc.oer5f (.text.SBL_VerifyMulticoreImage)
                  41c0d218    000002a4     ti.drv.mmcsd.aer5f : MMCSD_soc.oer5f (.text.MMCSD_configSocIntrPath)
                  41c0d4bc    0000029c     sciclient_direct_hs.aer5f : sciclient.oer5f (.text.Sciclient_init)
                  41c0d758    00000280     rm_pm_hal.aer5f : device.oer5f (.text.devices_init)
                  41c0d9d8    0000027c     ti.drv.uart.aer5f : UART_stdio.oer5f (.text.UART_printf)
                  41c0dc54    00000274     sciclient_direct_hs.aer5f : sciclient_rm_irq.oer5f (.text.Sciclient_rmClearInterruptRoute)
                  41c0dec8    0000024c     ti.board.aer5f : board_pll.oer5f (.text.Board_PLLInit)
                  41c0e114    00000244     sbl_lib_mmcsd_hs.aer5f : sbl_rprc.oer5f (.text.SBL_BootCore)
                  41c0e358    00000244     ti.fs.fatfs.aer5f : ff.oer5f (.text.dir_find)
                  41c0e59c    0000023c                       : ff.oer5f (.text.f_lseek)
                  41c0e7d8    00000238     ti.drv.uart.aer5f : UART_v1.oer5f (.text.UART_v1_hwiIntFxn)
                  41c0ea10    00000238     ti.fs.fatfs.aer5f : ff.oer5f (.text.f_read)
                  41c0ec48    00000228     ti.drv.i2c.aer5f : I2C_v1.oer5f (.text.I2C_open_v1)
                  41c0ee70    00000218     sciclient_direct_hs.aer5f : sciclient_direct.oer5f (.text.Sciclient_ProcessPmMessage)
                  41c0f088    00000218     rm_pm_hal.aer5f : psc.oer5f (.text.psc_pre_init)
                  41c0f2a0    00000210     ti.drv.i2c.aer5f : I2C_v1.oer5f (.text.I2C_v1_control)
                  41c0f4b0    0000020c     ti.fs.fatfs.aer5f : ff.oer5f (.text.f_open)
                  41c0f6bc    000001f8     sciclient_direct_hs.aer5f : sciclient_rom.oer5f (.text.Sciclient_loadFirmware)
                  41c0f8b4    000001e8     sbl_main.oer5f (.text.main)
                  41c0fa9c    000001d0     libclang_rt.builtins.a : udivsi3.S.obj (.text)
                  41c0fc6c    000001cc     rm_pm_hal.aer5f : clk.oer5f (.text.clk_init)
                  41c0fe38    000001cc                     : rm_udmap.oer5f (.text.rm_udmap_gcfg_cfg)
                  41c10004    000001cc                     : rm_udmap.oer5f (.text.udmap_oes_index_validate)
                  41c101d0    000001c4                     : rm_ir.oer5f (.text.rm_ir_configure)
                  41c10394    000001c0                     : psc.oer5f (.text.psc_uninit)
                  41c10554    000001bc     libc.a : memory.c.obj (.text.free)
                  41c10710    000001b8     ti.board.aer5f : board_init.oer5f (.text.Board_init)
                  41c108c8    000001b8     ti.csl.aer5f : uart.oer5f (.text.UARTFIFOConfig)
                  41c10a80    000001b0     ti.fs.fatfs.aer5f : FATFS_drv.oer5f (.text.FATFS_diskInitialize)
                  41c10c30    000001b0     libc.a : memory.c.obj (.text.aligned_alloc)
                  41c10de0    000001ac     ti.fs.fatfs.aer5f : FATFS_drv.oer5f (.text.FATFS_open)
                  41c10f8c    000001ac     ti.osal.aer5f : Arch_util.oer5f (.text.OsalArch_HwiPCreate)
                  41c11138    000001a4     ti.fs.fatfs.aer5f : ff.oer5f (.text.dir_next)
                  41c112dc    000001a0     sbl_lib_mmcsd_hs.aer5f : sbl_mmcsd.oer5f (.text.SBL_ReadSysfwImage)
                  41c1147c    0000019c     sciclient_direct_hs.aer5f : sciclient_direct.oer5f (.text.Sciclient_ProcessRmMessage)
                  41c11618    0000019c     rm_pm_hal.aer5f : rm_ra.oer5f (.text.ra_get_ring_evt)
                  41c117b4    00000198     ti.csl.aer5f : uart.oer5f (.text.UARTDivisorLatchWrite)
                  41c1194c    00000194     rm_pm_hal.aer5f : clk_mux.oer5f (.text.clk_set_parent)
                  41c11ae0    00000190     ti.csl.aer5f : mmcsdphy.oer5f (.text.HSMMCSDPhyConfigure)
                  41c11c70    00000190                  : i2c.oer5f (.text.I2CMasterInitExpClk)
                  41c11e00    00000184     ti.drv.i2c.aer5f : I2C_v1.oer5f (.text.I2C_transfer_v1)
                  41c11f84    00000184     rm_pm_hal.aer5f : device_clk.oer5f (.text.device_clk_get_parent)
                  41c12108    00000184                     : rm_ra.oer5f (.text.ra_set_ring_evt)
                  41c1228c    00000180     libsysbm.a : memcpy32.S.obj (.text:memcpy)
                  41c1240c    00000178     ti.drv.uart.aer5f : UART_v1.oer5f (.text.UART_write2_v1)
                  41c12584    00000174     libc.a : fputs.c.obj (.text.fputs)
                  41c126f8    00000170     rm_pm_hal.aer5f : clk_pll_16fft.oer5f (.text.clk_pll_16fft_get_freq)
                  41c12868    0000016c                     : device_clk.oer5f (.text.device_clk_set_gated)
                  41c129d4    0000016c     ti.fs.fatfs.aer5f : ff.oer5f (.text.put_fat)
                  41c12b40    00000168     ti.drv.uart.aer5f : UART_v1.oer5f (.text.UART_readPolling_v1)
                  41c12ca8    00000168     rm_pm_hal.aer5f : rm_ia.oer5f (.text.ia_validate_evt)
                  41c12e10    00000164     ti.drv.mmcsd.aer5f : MMCSD_v2.oer5f (.text.MMCSD_v2_read)
                  41c12f74    00000164                        : MMCSD_v2.oer5f (.text.MMCSD_v2_write)
                  41c130d8    0000015c     sciclient_direct_hs.aer5f : sciclient_rm_irq.oer5f (.text.Sciclient_rmIrqDeleteRoute)
                  41c13234    00000158                               : sciclient_rm_irq.oer5f (.text.Sciclient_rmIrqProgramRoute)
                  41c1338c    00000158     ti.drv.uart.aer5f : UART_v1.oer5f (.text.UART_read2_v1)
                  41c134e4    00000154     rm_pm_hal.aer5f : rm_ia.oer5f (.text.rm_ia_init)
                  41c13638    00000154                     : rm_udmap.oer5f (.text.rm_udmap_is_managed_resasg_utype)
                  41c1378c    00000150     ti.fs.fatfs.aer5f : ff.oer5f (.text.create_chain)
                  41c138dc    00000150     rm_pm_hal.aer5f : dmsc.oer5f (.text.j721s2_sys_reset_handler)
                  41c13a2c    00000150     ti.csl.aer5f : csl_arm_r5_pmu.oer5f (.text)
                  41c13b7c    0000014c     rm_pm_hal.aer5f : clk_div.oer5f (.text.clk_div_notify_freq)
                  41c13cc8    00000148     libc.a : setvbuf.c.obj (.text.setvbuf)
                  41c13e10    00000144     sbl_lib_mmcsd_hs.aer5f : sbl_soc.oer5f (.text.SBL_GetMsgLen)
                  41c13f54    0000013c     sciclient_direct_hs.aer5f : sciclient_direct.oer5f (.text.Sciclient_boardCfgParseHeader)
                  41c14090    0000013c     rm_pm_hal.aer5f : device_clk.oer5f (.text.device_clk_set_parent)
                  41c141cc    00000138     sciclient_direct_hs.aer5f : sciclient_pm.oer5f (.text.Sciclient_pmQueryModuleClkFreq)
                  41c14304    00000138     rm_pm_hal.aer5f : psc.oer5f (.text.psc_pd_get)
                  41c1443c    00000138                     : device_process.oer5f (.text.set_device_handler)
                  41c14574    00000128                     : psc.oer5f (.text.psc_post_init)
                  41c1469c    00000128                     : rm_udmap.oer5f (.text.udmap_get_ch_evt)
                  41c147c4    00000124     ti.board.aer5f : board_mmr.oer5f (.text.Board_unlockMMR)
                  41c148e8    00000124     ti.drv.mmcsd.aer5f : MMCSD_v2.oer5f (.text.MMCSD_v2_close)
                  41c14a0c    00000124     rm_pm_hal.aer5f : device_psc.oer5f (.text.soc_device_init)
                  41c14b30    00000124                     : rm_udmap.oer5f (.text.udmap_set_ch_evt)
                  41c14c54    00000120                     : clk_pll_16fft.oer5f (.text.clk_pll_16fft_wait_for_lock)
                  41c14d74    0000011c     sbl_main.oer5f (.text.SBL_PMICWdgCfgInit)
                  41c14e90    00000118     ti.drv.i2c.aer5f : I2C_soc.oer5f (.text.I2C_configSocIntrPath)
                  41c14fa8    00000118     libclang_rt.builtins.a : udivmoddi4.S.obj (.text)
                  41c150c0    00000114     ti.board.aer5f : board_ethernet_config.oer5f (.text.Board_cpsw2gEthPhyConfig)
                  41c151d4    00000114     sciclient_direct_hs.aer5f : sciclient_pm.oer5f (.text.Sciclient_pmSetModuleClkFreq)
                  41c152e8    00000110     sbl_lib_mmcsd_hs.aer5f : sbl_sci_client.oer5f (.text.SBL_disableFwlRegion)
                  41c153f8    00000110     ti.fs.fatfs.aer5f : ff.oer5f (.text.get_fat)
                  41c15508    0000010c     rm_pm_hal.aer5f : map.oer5f (.text.map_add)
                  41c15614    00000108     ti.board.aer5f : board_ethernet_config.oer5f (.text.Board_cpsw2gMainEthPhyConfig)
                  41c1571c    00000108     ti.drv.i2c.aer5f : I2C_v1.oer5f (.text.I2C_v1_resetCtrl)
                  41c15824    0000000c     ti.csl.aer5f : i2c.oer5f (.text.I2CConfig)
                  41c15830    00000108     sciclient_direct_hs.aer5f : sciclient_direct.oer5f (.text.boardcfgRmFindCertSize)
                  41c15938    00000108     rm_pm_hal.aer5f : boardcfg-user.oer5f (.text.boardcfg_rm_receive_and_validate)
                  41c15a40    00000108                     : psc.oer5f (.text.psc_pd_put)
                  41c15b48    00000104     ti.board.aer5f : board_lld_init.oer5f (.text.Board_i2cInit)
                  41c15c4c    00000104     ti.drv.uart.aer5f : UART_v1.oer5f (.text.UART_writeData_v1)
                  41c15d50    00000104     rm_pm_hal.aer5f : clk.oer5f (.text.clk_set_freq)
                  41c15e54    00000100     ti.csl.aer5f : mmcsd.oer5f (.text.HSMMCSDBusFreqSet)
                  41c15f54    00000100     rm_pm_hal.aer5f : rm_ir.oer5f (.text.ir_clear_rom_mapping)
                  41c16054    00000100                     : rm_core.oer5f (.text.rm_core_init)
                  41c16154    000000fc                     : clk.oer5f (.text.clk_generic_set_freq_parent)
                  41c16250    000000f8     ti.fs.fatfs.aer5f : ff.oer5f (.text.f_sync)
                  41c16348    000000f8     rm_pm_hal.aer5f : clock.oer5f (.text.get_clock_handler)
                  41c16440    000000f8                     : div64.oer5f (.text.pm_div64)
                  41c16538    000000f4     ti.board.aer5f : board_lld_init.oer5f (.text.Board_uartStdioInit)
                  41c1662c    000000f4     ti.fs.fatfs.aer5f : ff.oer5f (.text.dir_sdi)
                  41c16720    000000f0     ti.drv.mmcsd.aer5f : MMCSD_v2.oer5f (.text.MMCSD_v2_cmdStatusFxn)
                  41c16810    000000f0     rm_pm_hal.aer5f : device_pm.oer5f (.text.device_set_state)
                  41c16900    000000f0                     : clock.oer5f (.text.query_freq_handler)
                  41c169f0    000000ec     ti.board.aer5f : board_pinmux.oer5f (.text.Board_pinmuxUpdate)
                  41c16adc    000000ec     ti.osal.aer5f : SemaphoreP_nonos.oer5f (.text.SemaphoreP_create)
                  41c16bc8    000000e8     sbl_lib_mmcsd_hs.aer5f : sbl_slave_core_boot.oer5f (.text.SBL_BootImage)
                  41c16cb0    000000e8     sciclient_direct_hs.aer5f : sciclient.oer5f (.text.Sciclient_serviceGetThreadIds)
                  41c16d98    000000e8     ti.drv.uart.aer5f : UART_stdio.oer5f (.text.UART_convertVal)
                  41c16e80    000000e8     libc.a : fputc.c.obj (.text.fputc)
                  41c16f68    000000e8     ti.drv.mmcsd.aer5f : MMCSD_v2.oer5f (.text.mmcsd_tuning_procedure)
                  41c17050    000000e4     rm_pm_hal.aer5f : clk_div.oer5f (.text.clk_div_reg_go_set_div)
                  41c17134    000000e4                     : clk_pll_16fft.oer5f (.text.clk_pll_16fft_set_freq)
                  41c17218    000000e4                     : device.oer5f (.text.devices_deinit)
                  41c172fc    000000e4                     : rm_udmap.oer5f (.text.rm_udmap_flow_delegate)
                  41c173e0    000000e0                     : psc.oer5f (.text.lpsc_module_wait)
                  41c174c0    000000e0                     : rm_udmap.oer5f (.text.rm_udmap_init)
                  41c175a0    000000dc     ti.csl.aer5f : mmcsdphy.oer5f (.text.HSMMCSDPhyInit)
                  41c1767c    000000dc     sciclient_direct_hs.aer5f : sciclient_secureproxy.oer5f (.text.Sciclient_sendMessage)
                  41c17758    000000dc     rm_pm_hal.aer5f : rm_ia.oer5f (.text.ia_get_oes_evt)
                  41c17834    000000dc     ti.drv.mmcsd.aer5f : MMCSD_soc.oer5f (.text.mmcsd_tuning_procedure_EMMC_manual)
                  41c17910    000000dc                        : MMCSD_soc.oer5f (.text.mmcsd_tuning_procedure_SD_manual)
                  41c179ec    000000d8     sbl_lib_mmcsd_hs.aer5f : sbl_mmcsd.oer5f (.text.SBL_MMCBootImage)
                  41c17ac4    000000d8     sciclient_direct_hs.aer5f : sciclient_rm_irq.oer5f (.text.Sciclient_rmIrInpIsFree)
                  41c17b9c    000000d8     rm_pm_hal.aer5f : clk_mux_j7_dpi.oer5f (.text.clk_mux_j7_dpi_3_pclk_set_parent)
                  41c17c74    000000d8                     : rm_ia.oer5f (.text.ia_set_oes_evt)
                  41c17d4c    000000d8                     : clock.oer5f (.text.set_freq_handler)
                  41c17e24    000000d4     sciclient_direct_hs.aer5f : sciclient.oer5f (.text.Sciclient_configPrmsInit)
                  41c17ef8    000000d4                               : sciclient_procboot.oer5f (.text.Sciclient_procBootWaitProcessorState)
                  41c17fcc    000000d4     rm_pm_hal.aer5f : psc.oer5f (.text.lpsc_module_put_internal)
                  41c180a0    000000d4                     : rm_ia.oer5f (.text.rm_ia_vint_map)
                  41c18174    000000d0     ti.board.aer5f : board_ddr.oer5f (.text.Board_DDRInfoHandler)
                  41c18244    000000d0                    : tps65941.oer5f (.text.Board_tps65941SetGPIO2withCRC)
                  41c18314    000000d0     ti.fs.fatfs.aer5f : FATFS_drv.oer5f (.text.FATFS_close)
                  41c183e4    000000d0     ti.csl.aer5f : mmcsd.oer5f (.text.HSMMCSDCommandSend)
                  41c184b4    000000d0                  : mmcsdphy.oer5f (.text.HSMMCSDSoftPhyConfigure)
                  41c18584    000000d0     ti.drv.uart.aer5f : UART_v1.oer5f (.text.UART_writePolling_v1)
                  41c18654    000000d0     rm_pm_hal.aer5f : device_prepare.oer5f (.text.device_prepare)
                  41c18724    000000d0                     : rm_core.oer5f (.text.rm_core_resasg_validate_resource)
                  41c187f4    000000d0                     : rm_udmap.oer5f (.text.udmap_check_flow_index)
                  41c188c4    000000cc     ti.drv.i2c.aer5f : I2C_v1.oer5f (.text.I2C_v1_recoverBus)
                  41c18990    000000cc     sciclient_direct_hs.aer5f : sciclient_boardcfg.oer5f (.text.Sciclient_boardCfg)
                  41c18a5c    000000cc                               : sciclient_boardcfg.oer5f (.text.Sciclient_boardCfgPm)
                  41c18b28    000000cc                               : sciclient_boardcfg.oer5f (.text.Sciclient_boardCfgRm)
                  41c18bf4    000000cc                               : sciclient_boardcfg.oer5f (.text.Sciclient_boardCfgSec)
                  41c18cc0    000000cc                               : sciclient_pm.oer5f (.text.Sciclient_pmGetModuleClkNumParent)
                  41c18d8c    000000cc                               : sciclient_pm.oer5f (.text.Sciclient_pmGetModuleClkParent)
                  41c18e58    000000cc                               : sciclient_pm.oer5f (.text.Sciclient_pmGetModuleState)
                  41c18f24    000000cc     ti.csl.aer5f : uart.oer5f (.text.UARTIntDisable)
                  41c18ff0    000000cc     ti.drv.uart.aer5f : UART_v1.oer5f (.text.UART_v1_readData)
                  41c190bc    000000cc     rm_pm_hal.aer5f : clk_dev.oer5f (.text.clk_from_device_get_state)
                  41c19188    000000cc     libc.a : getdevice.c.obj (.text.getdevice)
                  41c19254    000000cc     ti.fs.fatfs.aer5f : ff.oer5f (.text.remove_chain)
                  41c19320    000000cc     rm_pm_hal.aer5f : rm_ir.oer5f (.text.rm_ir_init)
                  41c193ec    000000cc                     : rm_ra.oer5f (.text.rm_ra_validate_ring_index)
                  41c194b8    000000c8     ti.board.aer5f : tps65941.oer5f (.text.Board_PMIC_SoftReset)
                  41c19580    000000c8                    : tps65941.oer5f (.text.Board_tps65941RetToLongWinwithCRC)
                  41c19648    000000c8     sciclient_direct_hs.aer5f : sciclient_direct.oer5f (.text.Sciclient_boardCfgPrepHeader)
                  41c19710    000000c8                               : sciclient_pm.oer5f (.text.Sciclient_pmModuleGetClkStatus)
                  41c197d8    000000c8     rm_pm_hal.aer5f : device_process.oer5f (.text.get_device_handler)
                  41c198a0    000000c8                     : rm_ia.oer5f (.text.rm_ia_vint_unmap)
                  41c19968    000000c8                     : rm_ra.oer5f (.text.rm_ra_mon_cfg)
                  41c19a30    000000c4     ti.board.aer5f : board_init.oer5f (.text.Board_setupGpio)
                  41c19af4    000000c4     sciclient_direct_hs.aer5f : sciclient.oer5f (.text.Sciclient_ISR)
                  41c19bb8    000000c4     rm_pm_hal.aer5f : clk.oer5f (.text.clk_notify_sibling_freq)
                  41c19c7c    000000c4                     : clock.oer5f (.text.set_clock_handler)
                  41c19d40    000000c4                     : rm_udmap.oer5f (.text.udmap_check_index_range)
                  41c19e04    000000c0     sciclient_direct_hs.aer5f : sciclient_pm.oer5f (.text.Sciclient_pmSetModuleClkParent)
                  41c19ec4    000000c0                               : sciclient.oer5f (.text.Sciclient_servicePrepareHeader)
                  41c19f84    000000c0     ti.csl.aer5f : uart.oer5f (.text.UARTIntEnable)
                  41c1a044    000000c0     rm_pm_hal.aer5f : clk_pll_16fft.oer5f (.text.clk_pll_16fft_hsdiv_set_freq)
                  41c1a104    000000c0                     : clk_pll_16fft.oer5f (.text.clk_pll_16fft_postdiv_set_freq)
                  41c1a1c4    000000c0                     : rm_core.oer5f (.text.rm_core_get_resource_range)
                  41c1a284    000000bc     ti.board.aer5f : tps65941.oer5f (.text.Board_tps65941WdtLongWinConfigwithCRC)
                  41c1a340    000000bc     sciclient_direct_hs.aer5f : sciclient_rm_irq.oer5f (.text.Sciclient_rmTranslateIntOutput)
                  41c1a3fc    000000bc     ti.drv.uart.aer5f : UART_v1.oer5f (.text.UART_close_v1)
                  41c1a4b8    000000bc     rm_pm_hal.aer5f : rm_core.oer5f (.text.core_resasg_get_range)
                  41c1a574    000000b8     ti.csl.aer5f : mmcsd.oer5f (.text.HSMMCSDAdmaAddressSet)
                  41c1a62c    000000b8     sbl_lib_mmcsd_hs.aer5f : sbl_soc.oer5f (.text.SBL_FindSeq)
                  41c1a6e4    000000b8     sciclient_direct_hs.aer5f : sciclient_pm.oer5f (.text.Sciclient_pmModuleClkRequest)
                  41c1a79c    000000b8     ti.osal.aer5f : SemaphoreP_nonos.oer5f (.text.SemaphoreP_pend)
                  41c1a854    000000b8     rm_pm_hal.aer5f : rm_ir.oer5f (.text.rm_ir_get_outp)
                  41c1a90c    000000b8                     : rm_ra.oer5f (.text.rm_ra_is_managed_resasg_utype)
                  41c1a9c4    000000b4     ti.board.aer5f : tps65941.oer5f (.text.Board_tps65941RetToLongWin)
                  41c1aa78    000000b4     ti.csl.aer5f : lpddr4.oer5f (.text.LPDDR4_Start)
                  41c1ab2c    000000b4     sbl_lib_mmcsd_hs.aer5f : sbl_slave_core_boot.oer5f (.text.SBL_ConfigMcuLockStep)
                  41c1abe0    000000b4     sciclient_direct_hs.aer5f : sciclient_rm_irq.oer5f (.text.Sciclient_rmIrOutpIsFree)
                  41c1ac94    000000b4     libc.a : fclose.c.obj (.text.__TI_closefile)
                  41c1ad48    000000b4     rm_pm_hal.aer5f : clk.oer5f (.text.clk_deinit_pm_devgrp)
                  41c1adfc    000000b4                     : clk_pll_16fft.oer5f (.text.clk_pll_16fft_postdiv_set_div)
                  41c1aeb0    000000b4                     : psc.oer5f (.text.psc_drop_pwr_up_ref)
                  41c1af64    000000b4                     : rm_udmap.oer5f (.text.udmap_clear_rom_oes)
                  41c1b018    000000b0     ti.drv.mmcsd.aer5f : MMCSD_v2.oer5f (.text.mmcsd_send_tuning)
                  41c1b0c8    000000b0                        : MMCSD_v2.oer5f (.text.mmcsd_send_tuning_eMMC)
                  41c1b178    000000b0     ti.fs.fatfs.aer5f : ff.oer5f (.text.sync_fs)
                  41c1b228    000000ac     ti.csl.aer5f : mmcsd.oer5f (.text.HSMMCSDBusWidthSet)
                  41c1b2d4    000000ac     sciclient_direct_hs.aer5f : sciclient_pm.oer5f (.text.Sciclient_pmSetModuleState)
                  41c1b380    000000ac                               : sciclient_procboot.oer5f (.text.Sciclient_procBootSetSequenceCtrl)
                  41c1b42c    000000ac     rm_pm_hal.aer5f : clk_pll_16fft.oer5f (.text.clk_pll_16fft_get_state)
                  41c1b4d8    000000ac                     : device_clk.oer5f (.text.device_clk_get_hw_ready)
                  41c1b584    000000ac     libc.a : fseek.c.obj (.text.fseeko)
                  41c1b630    000000ac     rm_pm_hal.aer5f : device_clk.oer5f (.text.get_dev_clk)
                  41c1b6dc    000000ac     libc.a : copy_decompress_lzss.c.obj (.text:decompress:lzss)
                  41c1b788    000000a8     ti.board.aer5f : tps65941.oer5f (.text.Board_tps65941WdtLongWinConfig)
                  41c1b830    000000a8     rm_pm_hal.aer5f : clk_div.oer5f (.text.clk_div_reg_set_div)
                  41c1b8d8    000000a8                     : clk_mux_j7_dpi.oer5f (.text.clk_mux_j7_dpi_1_clk_out_set_parent)
                  41c1b980    000000a8                     : clk_mux_j7_dpi.oer5f (.text.clk_mux_j7_dpi_2_pclk_set_parent)
                  41c1ba28    000000a8                     : device_clk.oer5f (.text.device_clk_init)
                  41c1bad0    000000a8                     : psc.oer5f (.text.lpsc_module_set_module_reset)
                  41c1bb78    000000a4     sciclient_direct_hs.aer5f : sciclient_procboot.oer5f (.text.Sciclient_procBootReleaseProcessor)
                  41c1bc1c    000000a4     rm_pm_hal.aer5f : clk.oer5f (.text.clk_get)
                  41c1bcc0    000000a4                     : clk.oer5f (.text.clk_notify_freq)
                  41c1bd64    000000a4                     : psc.oer5f (.text.lpsc_module_clk_put)
                  41c1be08    000000a4     libc.a : memory.c.obj (.text.split)
                  41c1beac    000000a0     libsysbm.a : hostrename.c.obj (.text.HOSTrename)
                  41c1bf4c    000000a0     ti.csl.aer5f : mmcsd.oer5f (.text.HSMMCSDDataSet)
                  41c1bfec    000000a0                  : uart.oer5f (.text.UARTSubConfigTCRTLRModeEn)
                  41c1c08c    000000a0     rm_pm_hal.aer5f : clk_mux.oer5f (.text.clk_mux_set_parent)
                  41c1c12c    000000a0                     : rm_ra.oer5f (.text.ra_check_index_range)
                  41c1c1cc    000000a0     libsysbm.a : memset32.S.obj (.text:memset)
                  41c1c26c    0000009c     ti.board.aer5f : board_clock.oer5f (.text.Board_moduleClockEnable)
                  41c1c308    0000009c                    : tps65941.oer5f (.text.Board_tps65941SetGPIO2)
                  41c1c3a4    0000009c     ti.csl.aer5f : csl_emif.oer5f (.text.CSL_emifConfig)
                  41c1c440    0000009c                  : csl_vim.oer5f (.text.CSL_vimCfgIntr)
                  41c1c4dc    0000009c     sciclient_direct_hs.aer5f : sciclient_rm.oer5f (.text.Sciclient_rmGetResourceRange)
                  41c1c578    0000009c     rm_pm_hal.aer5f : psc.oer5f (.text.lpsc_module_set_local_reset)
                  41c1c614    0000009c                     : psc.oer5f (.text.lpsc_module_set_reset_iso)
                  41c1c6b0    0000009c                     : init.oer5f (.text.pm_init)
                  41c1c74c    0000009c                     : resource.oer5f (.text.resource_get)
                  41c1c7e8    0000009c                     : rm_ra.oer5f (.text.rm_ra_init)
                  41c1c884    00000098     ti.board.aer5f : common.oer5f (.text.Board_i2c8BitRegRd)
                  41c1c91c    00000098     libsysbm.a : hostlseek.c.obj (.text.HOSTlseek)
                  41c1c9b4    00000098     sbl_lib_mmcsd_hs.aer5f : sbl_soc.oer5f (.text.SBL_GetCertLen)
                  41c1ca4c    00000098     sciclient_direct_hs.aer5f : sciclient_procboot.oer5f (.text.Sciclient_procBootAuthAndStart)
                  41c1cae4    00000098     libc.a : _io_perm.c.obj (.text.__TI_wrt_ok)
                  41c1cb7c    00000098     rm_pm_hal.aer5f : rm_ia.oer5f (.text.ia_unmap_clear_rom_mapping)
                  41c1cc14    00000098     libc.a : printf.c.obj (.text.printf)
                  41c1ccac    00000094     libsysbm.a : hostopen.c.obj (.text.HOSTopen)
                  41c1cd40    00000094     ti.csl.aer5f : mmcsd.oer5f (.text.HSMMCSDDataGet)
                  41c1cdd4    00000094                  : mmcsd.oer5f (.text.HSMMCSDLinesReset)
                  41c1ce68    00000094     ti.drv.i2c.aer5f : I2C_v1.oer5f (.text.I2C_v1_waitForBb)
                  41c1cefc    00000094     sciclient_direct_hs.aer5f : sciclient_pm.oer5f (.text.Sciclient_pmSetModuleRst)
                  41c1cf90    00000094                               : sciclient_procboot.oer5f (.text.Sciclient_procBootGetProcessorState)
                  41c1d024    00000094                               : sciclient_rm_irq.oer5f (.text.Sciclient_rmIrqCfgIsEventToVintMappingOnly)
                  41c1d0b8    00000094     ti.csl.aer5f : uart.oer5f (.text.UARTTCRTLRBitValRestore)
                  41c1d14c    00000094     sbl_lib_mmcsd_hs.aer5f : UART_soc.oer5f (.text.UART_socInit)
                  41c1d1e0    00000094     rm_pm_hal.aer5f : clk_mux.oer5f (.text.clk_mux_get_parent)
                  41c1d274    00000094                     : clock.oer5f (.text.get_clock_parent_handler)
                  41c1d308    00000094                     : clock.oer5f (.text.get_num_clock_parents_handler)
                  41c1d39c    00000094                     : psc.oer5f (.text.lpsc_module_get_internal)
                  41c1d430    00000094     ti.fs.fatfs.aer5f : ff.oer5f (.text.sync_window)
                  41c1d4c4    00000090     sciclient_direct_hs.aer5f : sciclient_procboot.oer5f (.text.Sciclient_procBootRequestProcessor)
                  41c1d554    00000090     ti.drv.uart.aer5f : UART_stdio.oer5f (.text.UART_stdioInit)
                  41c1d5e4    00000090     rm_pm_hal.aer5f : clk_div.oer5f (.text.clk_div_init)
                  41c1d674    00000090                     : psc.oer5f (.text.psc_pd_wait)
                  41c1d704    00000090                     : device_psc.oer5f (.text.soc_device_get_state)
                  41c1d794    00000090     sbl_lib_mmcsd_hs.aer5f : sbl_misc.oer5f (.text)
                  41c1d824    0000008c     ti.drv.i2c.aer5f : I2C_v1.oer5f (.text.I2C_close_v1)
                  41c1d8b0    0000008c                      : I2C_v1.oer5f (.text.I2C_v1_complete_curr_transfer)
                  41c1d93c    0000008c     sciclient_direct_hs.aer5f : sciclient_firewall.oer5f (.text.Sciclient_firewallGetRegion)
                  41c1d9c8    0000008c                               : sciclient_firewall.oer5f (.text.Sciclient_firewallSetRegion)
                  41c1da54    0000008c                               : sciclient_pm.oer5f (.text.Sciclient_pmSetModuleRst_flags)
                  41c1dae0    0000008c                               : sciclient_rm_irq.oer5f (.text.Sciclient_rmIrqGetNode)
                  41c1db6c    0000008c                               : sciclient_rm.oer5f (.text.Sciclient_rmIrqReleaseRaw)
                  41c1dbf8    0000008c                               : sciclient_rm.oer5f (.text.Sciclient_rmIrqSetRaw)
                  41c1dc84    0000008c     rm_pm_hal.aer5f : clk_pllctrl.oer5f (.text.clk_pllctrl_mux_get_parent)
                  41c1dd10    0000008c                     : device_clk.oer5f (.text.device_clk_set_freq_change)
                  41c1dd9c    0000008c                     : device_clk.oer5f (.text.device_clk_set_ssc)
                  41c1de28    0000008c                     : rm_proxy.oer5f (.text.proxy_get_ring_evt)
                  41c1deb4    0000008c                     : rm_ia.oer5f (.text.rm_ia_is_managed_resasg_utype)
                  41c1df40    0000008c                     : device_psc.oer5f (.text.soc_device_verify_mapping)
                  41c1dfcc    00000088     ti.board.aer5f : common.oer5f (.text.Board_i2c8BitRegWr)
                  41c1e054    00000088     ti.csl.aer5f : mmcsd.oer5f (.text.HSMMCSDBusPower)
                  41c1e0dc    00000088     sbl_lib_mmcsd_hs.aer5f : sbl_soc.oer5f (.text.SBL_moduleClockDisable)
                  41c1e164    00000088     ti.fs.fatfs.aer5f : ff.oer5f (.text.f_mount)
                  41c1e1ec    00000088     rm_pm_hal.aer5f : rm_proxy.oer5f (.text.proxy_set_ring_evt)
                  41c1e274    00000088                     : rm_ir.oer5f (.text.rm_ir_clear)
                  41c1e2fc    00000084     libsysbm.a : hostread.c.obj (.text.HOSTread)
                  41c1e380    00000084                : hostwrite.c.obj (.text.HOSTwrite)
                  41c1e404    00000084     ti.csl.aer5f : lpddr4.oer5f (.text.LPDDR4_ReadReg)
                  41c1e488    00000084     ti.osal.aer5f : RegisterIntr_nonos.oer5f (.text.Osal_RegisterInterrupt)
                  41c1e50c    00000084     sciclient_direct_hs.aer5f : sciclient_procboot.oer5f (.text.Sciclient_procBootSetProcessorCfg)
                  41c1e590    00000084                               : sciclient_rm_irq.oer5f (.text.Sciclient_rmPsPop)
                  41c1e614    00000084     ti.fs.fatfs.aer5f : ff.oer5f (.text.check_fs)
                  41c1e698    00000084     rm_pm_hal.aer5f : clk_mux_j7_dpi.oer5f (.text.clk_mux_j7_dpi_1_clk_out_get_parent)
                  41c1e71c    00000084                     : clk_mux_j7_dpi.oer5f (.text.clk_mux_j7_dpi_2_pclk_get_parent)
                  41c1e7a0    00000084                     : clk_mux_j7_dpi.oer5f (.text.clk_mux_j7_dpi_3_pclk_get_parent)
                  41c1e824    00000084     libsysbm.a : close.c.obj (.text.close)
                  41c1e8a8    00000084     rm_pm_hal.aer5f : rm_irq.oer5f (.text.irq_cfg_is_ir_cfg)
                  41c1e92c    00000084                     : rm_irq.oer5f (.text.irq_cfg_is_oes_only)
                  41c1e9b0    00000084                     : rm_core.oer5f (.text.rm_core_resasg_get_utype_index)
                  41c1ea34    00000084                     : rm_irq.oer5f (.text.rm_irq_oes_src_register)
                  41c1eab8    00000084                     : rm_proxy.oer5f (.text.rm_proxy_init)
                  41c1eb3c    00000084                     : rm_ra.oer5f (.text.rm_ra_deinit)
                  41c1ebc0    00000084                     : rm_udmap.oer5f (.text.rm_udmap_deinit)
                  41c1ec44    00000080     ti.board.aer5f : board_init.oer5f (.text.Board_setupGpio058)
                  41c1ecc4    00000080     sbl_lib_mmcsd_hs.aer5f : sbl_soc.oer5f (.text.SBL_DCacheClean)
                  41c1ed44    00000080                            : sbl_mmcsd.oer5f (.text.SBL_FileRead)
                  41c1edc4    00000080     sciclient_direct_hs.aer5f : sciclient.oer5f (.text.Sciclient_abiCheck)
                  41c1ee44    00000080                               : sciclient.oer5f (.text.Sciclient_serviceGetPayloadSize)
                  41c1eec4    00000080     libc.a : fflush.c.obj (.text.__TI_doflush)
                  41c1ef44    00000080     rm_pm_hal.aer5f : rm_irq.oer5f (.text.irq_cfg_is_ia_cfg)
                  41c1efc4    00000080                     : pll.oer5f (.text.pll_init)
                  41c1f044    00000080                     : rm_ra.oer5f (.text.ra_clear_rom_oes)
                  41c1f0c4    00000080                     : clock.oer5f (.text.set_clock_parent_handler)
                  41c1f144    00000080                     : device_psc.oer5f (.text.soc_device_get_resets)
                  41c1f1c4    00000080                     : device_psc.oer5f (.text.soc_device_set_resets)
                  41c1f244    0000007c     ti.board.aer5f : board_clock.oer5f (.text.Board_moduleClockInitMcu)
                  41c1f2c0    0000007c                    : board_mmr.oer5f (.text.Board_unlockMMRPartition)
                  41c1f33c    0000007c                    : board_power.oer5f (.text.PMIC_Cfg_LongWindow_SetGPIO2)
                  41c1f3b8    0000007c     ti.drv.uart.aer5f : UART_v1.oer5f (.text.UART_readCancelNoCB)
                  41c1f434    0000007c     rm_pm_hal.aer5f : clk_div.oer5f (.text.clk_div_reg_get_div)
                  41c1f4b0    0000007c                     : rm_irq.oer5f (.text.irq_validate_global_event)
                  41c1f52c    0000007c                     : psc.oer5f (.text.lpsc_module_get_local_reset)
                  41c1f5a8    00000078     ti.csl.aer5f : interrupt_register.oer5f (.text.Intc_IntRegister)
                  41c1f620    00000078     ti.osal.aer5f : delay.oer5f (.text.Osal_delay)
                  41c1f698    00000078     ti.drv.uart.aer5f : UART_v1.oer5f (.text.UART_charPut_v1)
                  41c1f710    00000078                       : UART_v1.oer5f (.text.UART_read_v1)
                  41c1f788    00000078                       : UART_v1.oer5f (.text.UART_write_v1)
                  41c1f800    00000078     rm_pm_hal.aer5f : clk_div.oer5f (.text.clk_div_reg_go_get_div)
                  41c1f878    00000078                     : clk_pll_16fft.oer5f (.text.clk_pll_16fft_postdiv_get_div)
                  41c1f8f0    00000078     ti.drv.mmcsd.aer5f : MMCSD_v2.oer5f (.text.mmcsd_check_transfer_ready)
                  41c1f968    00000078     rm_pm_hal.aer5f : device_psc.oer5f (.text.soc_device_get_context_loss_count)
                  41c1f9e0    00000074     ti.csl.aer5f : mmcsd.oer5f (.text.HSMMCSDSoftReset)
                  41c1fa54    00000074     ti.drv.i2c.aer5f : I2C_v1.oer5f (.text.I2C_v1_waitForPin)
                  41c1fac8    00000074     ti.drv.uart.aer5f : UART_v1.oer5f (.text.UART_v1_callback)
                  41c1fb3c    00000074     rm_pm_hal.aer5f : device_clk.oer5f (.text.device_clk_disable)
                  41c1fbb0    00000074                     : device_clk.oer5f (.text.device_clk_enable)
                  41c1fc24    00000074     ti.fs.fatfs.aer5f : ff.oer5f (.text.get_ldnumber)
                  41c1fc98    00000074     rm_pm_hal.aer5f : psc.oer5f (.text.lpsc_module_get_reset_iso)
                  41c1fd0c    00000074     libc.a : snprintf.c.obj (.text.snprintf)
                  41c1fd80    00000074     rm_pm_hal.aer5f : device_psc.oer5f (.text.soc_device_disable)
                  41c1fdf4    00000074                     : rm_udmap.oer5f (.text.udmap_validate_burst_size)
                  41c1fe68    00000070     sciclient_direct_hs.aer5f : sciclient_boardcfg.oer5f (.text.Sciclient_getDefaultBoardCfgInfo)
                  41c1fed8    00000070     rm_pm_hal.aer5f : clk.oer5f (.text.clk_get_state)
                  41c1ff48    00000070                     : clk_mux_j7_dpi.oer5f (.text.clk_mux_j7_dpi_0_pclk_get_parent)
                  41c1ffb8    00000070                     : device_clk.oer5f (.text.get_dev_clk_data)
                  41c20028    00000070                     : clock.oer5f (.text.get_freq_handler)
                  41c20098    00000070                     : rm_irq.oer5f (.text.rm_irq_is_managed_resasg_utype)
                  41c20108    0000006c     libsysbm.a : hostunlink.c.obj (.text.HOSTunlink)
                  41c20174    0000006c     ti.csl.aer5f : mmcsd.oer5f (.text.HSMMCSDUhsModeSet)
                  41c201e0    0000006c                  : interrupt.oer5f (.text.Intc_Init)
                  41c2024c    0000006c                  : lpddr4.oer5f (.text.LPDDR4_WritePhyConfig)
                  41c202b8    0000006c                  : lpddr4.oer5f (.text.LPDDR4_WritePhyIndepConfig)
                  41c20324    0000006c     sbl_lib_mmcsd_hs.aer5f : sbl_sci_client.oer5f (.text.SBL_IsAuthReq)
                  41c20390    0000006c                            : sbl_sci_client.oer5f (.text.SBL_OpenFirewalls)
                  41c203fc    0000006c     ti.drv.uart.aer5f : UART_v1.oer5f (.text.UART_writeCancelNoCB)
                  41c20468    0000006c     libc.a : getdevice.c.obj (.text.finddevice)
                  41c204d4    0000006c     rm_pm_hal.aer5f : mmr_lock.oer5f (.text.mmr_lock_all)
                  41c20540    0000006c                     : mmr_lock.oer5f (.text.mmr_unlock_all)
                  41c205ac    0000006c                     : rm_ia.oer5f (.text.rm_ia_deinit)
                  41c20618    0000006c                     : rm_ir.oer5f (.text.rm_ir_deinit)
                  41c20684    0000006c                     : rm_proxy.oer5f (.text.rm_proxy_deinit)
                  41c206f0    0000006c                     : device_psc.oer5f (.text.soc_device_set_reset_iso)
                  41c2075c    00000068     ti.board.aer5f : tps65941.oer5f (.text.Board_PMIC_ReadWdgINTValCRC)
                  41c207c4    00000068                    : board_mmr.oer5f (.text.Board_lockMMRPartition)
                  41c2082c    00000068     ti.csl.aer5f : mmcsd.oer5f (.text.HSMMCSDCardTuningGet)
                  41c20894    00000068     rm_pm_hal.aer5f : clk_pll_16fft.oer5f (.text.clk_pll_16fft_cal_option4)
                  41c208fc    00000068     ti.osal.aer5f : Arch_util.oer5f (.text.osalArch_TimestampGet64)
                  41c20964    00000068     rm_pm_hal.aer5f : device_psc.oer5f (.text.soc_device_enable)
                  41c209cc    00000068                     : device_psc.oer5f (.text.soc_device_get_reset_iso)
                  41c20a34    00000068                     : device_psc.oer5f (.text.soc_device_ret_disable)
                  41c20a9c    00000068                     : device_psc.oer5f (.text.soc_device_ret_enable)
                  41c20b04    00000068                     : rm_udmap.oer5f (.text.udmap_get_inst)
                  41c20b6c    00000064     ti.fs.fatfs.aer5f : FATFS_drv.oer5f (.text.FATFS_init)
                  41c20bd0    00000064     ti.csl.aer5f : mmcsd.oer5f (.text.HSMMCSDIsIntClockStable)
                  41c20c34    00000064                  : mmcsd.oer5f (.text.HSMMCSDResponseGet)
                  41c20c98    00000064     ti.osal.aer5f : HwiP_nonos.oer5f (.text.HwiP_delete)
                  41c20cfc    00000064     ti.csl.aer5f : interrupt_register.oer5f (.text.Intc_IntUnregister)
                  41c20d60    00000064                  : lpddr4.oer5f (.text.LPDDR4_WriteCtlConfig)
                  41c20dc4    00000064     ti.osal.aer5f : SemaphoreP_nonos.oer5f (.text.SemaphoreP_delete)
                  41c20e28    00000064     ti.csl.aer5f : uart.oer5f (.text.UARTFIFORegisterWrite)
                  41c20e8c    00000064     rm_pm_hal.aer5f : clk_pll_16fft.oer5f (.text.clk_pll_16fft_bypass)
                  41c20ef0    00000064                     : device_clk.oer5f (.text.device_clk_get_num_parents)
                  41c20f54    00000064                     : device_pm.oer5f (.text.device_disable)
                  41c20fb8    00000064     ti.fs.fatfs.aer5f : ff.oer5f (.text.validate)
                  41c2101c    00000060                       : FATFS_drv.oer5f (.text.FATFS_diskWrite)
                  41c2107c    00000060     libsysbm.a : hostclose.c.obj (.text.HOSTclose)
                  41c210dc    00000060     ti.csl.aer5f : mmcsd.oer5f (.text.HSMMCSDIntClock)
                  41c2113c    00000060                  : lpddr4_32bit.oer5f (.text.LPDDR4_CheckCtlInterrupt)
                  41c2119c    00000060     sciclient_direct_hs.aer5f : sciclient_direct.oer5f (.text.Sciclient_pmSetCpuResetMsgProxy)
                  41c211fc    00000060                               : sciclient_direct.oer5f (.text.Sciclient_pmSetMsgProxy)
                  41c2125c    00000060     rm_pm_hal.aer5f : clk_mux_j7_dpi.oer5f (.text.clk_mux_j7_dpi_0_pclk_set_parent)
                  41c212bc    00000060                     : device_psc.oer5f (.text.soc_device_ret_disable_internal)
                  41c2131c    00000060                     : device_psc.oer5f (.text.soc_device_ret_enable_internal)
                  41c2137c    0000005c     ti.board.aer5f : board_clock.oer5f (.text.Board_moduleClockInitMain)
                  41c213d8    0000005c     ti.csl.aer5f : csl_vim.oer5f (.text.CSL_vimGetActivePendingIntr)
                  41c21434    0000005c     ti.drv.i2c.aer5f : I2C_soc.oer5f (.text.I2C_socInit)
                  41c21490    0000005c     sciclient_direct_hs.aer5f : sciclient_rm_irq.oer5f (.text.Sciclient_rmIrqUnmappedVintRouteDelete)
                  41c214ec    0000005c     rm_pm_hal.aer5f : rm_ia.oer5f (.text.ia_get_inst)
                  41c21548    0000005c                     : psc.oer5f (.text.psc_lookup)
                  41c215a4    0000005c                     : rm_ra.oer5f (.text.ra_check_monitor_index_range)
                  41c21600    0000005c     libc.a : autoinit.c.obj (.text:__TI_auto_init_nobinit_nopinit)
                  41c2165c    00000058     ti.csl.aer5f : mmcsd.oer5f (.text.HSMMCSDIntrDisable)
                  41c216b4    00000058                  : mmcsd.oer5f (.text.HSMMCSDIntrEnable)
                  41c2170c    00000058                  : mmcsd.oer5f (.text.HSMMCSDIntrStatusDisable)
                  41c21764    00000058                  : mmcsd.oer5f (.text.HSMMCSDIntrStatusEnable)
                  41c217bc    00000058     ti.drv.i2c.aer5f : I2C_drv.oer5f (.text.I2C_init)
                  41c21814    00000058     ti.drv.mmcsd.aer5f : MMCSD_drv.oer5f (.text.MMCSD_init)
                  41c2186c    00000058     ti.osal.aer5f : SemaphoreP_nonos.oer5f (.text.SemaphoreP_post)
                  41c218c4    00000058     ti.drv.uart.aer5f : UART_drv.oer5f (.text.UART_init)
                  41c2191c    00000058     libsysbm.a : trgmsg.c.obj (.text.__TI_readmsg)
                  41c21974    00000058                : trgmsg.c.obj (.text.__TI_writemsg)
                  41c219cc    00000058     libc.a : snprintf.c.obj (.text._outs)
                  41c21a24    00000058     rm_pm_hal.aer5f : clk.oer5f (.text.clk_drop_pwr_up_en)
                  41c21a7c    00000058                     : clk.oer5f (.text.clk_put)
                  41c21ad4    00000058                     : device_clk.oer5f (.text.device_clk_get_freq)
                  41c21b2c    00000058                     : device.oer5f (.text.devices_init_rw)
                  41c21b84    00000058                     : psc.oer5f (.text.lpsc_module_clk_get)
                  41c21bdc    00000058                     : psc.oer5f (.text.psc_lookup_lpsc)
                  41c21c34    00000058                     : rm_ra.oer5f (.text.ra_get_inst)
                  41c21c8c    00000058                     : device_process.oer5f (.text.set_device_resets_handler)
                  41c21ce4    00000054     ti.fs.fatfs.aer5f : FATFS_drv.oer5f (.text.FATFS_diskRead)
                  41c21d38    00000054     ti.csl.aer5f : uart.oer5f (.text.UARTDivisorValCompute)
                  41c21d8c    00000054     libc.a : fopen.c.obj (.text.__TI_cleanup)
                  41c21de0    00000054     rm_pm_hal.aer5f : clk.oer5f (.text.clk_get_parent_freq)
                  41c21e34    00000054                     : clk.oer5f (.text.clk_value_set_freq)
                  41c21e88    00000054     libc.a : exit.c.obj (.text.exit)
                  41c21edc    00000054     rm_pm_hal.aer5f : rm_ir.oer5f (.text.ir_get_inst)
                  41c21f30    00000054     ti.fs.fatfs.aer5f : ff.oer5f (.text.move_window)
                  41c21f84    00000054     rm_pm_hal.aer5f : psc.oer5f (.text.pd_initiate)
                  41c21fd8    00000050     ti.board.aer5f : board_ethernet_config.oer5f (.text.BoardDiag_ethPhyRegRead)
                  41c22028    00000050                    : board_ethernet_config.oer5f (.text.Board_cpsw2gMainEthConfig)
                  41c22078    00000050                    : board_ethernet_config.oer5f (.text.Board_ethPhyExtendedRegRead)
                  41c220c8    00000050                    : board_ethernet_config.oer5f (.text.Board_ethPhyExtendedRegWrite)
                  41c22118    00000050     ti.csl.aer5f : csl_cache.oer5f (.text.CSL_armR5CacheInv)
                  41c22168    00000050                  : mmcsdphy.oer5f (.text.HSMMCSDSoftPhyInit)
                  41c221b8    00000050                  : i2c.oer5f (.text.I2CBufferStatus)
                  41c22208    00000050                  : i2c.oer5f (.text.I2COwnAddressSet)
                  41c22258    00000050                  : lpddr4.oer5f (.text.LPDDR4_PollCtlIrq)
                  41c222a8    00000050     sbl_lib_mmcsd_hs.aer5f : sbl_soc.oer5f (.text.SBL_LogCycleCount)
                  41c222f8    00000050                            : sbl_slave_core_boot.oer5f (.text.SBL_ReleaseCore)
                  41c22348    00000050     sciclient_direct_hs.aer5f : sciclient.oer5f (.text.Sciclient_getCurrentContext)
                  41c22398    00000050     ti.csl.aer5f : uart.oer5f (.text.UARTCharGetNonBlocking2)
                  41c223e8    00000050                  : uart.oer5f (.text.UARTCharPutNonBlocking)
                  41c22438    00000050     rm_pm_hal.aer5f : boardcfg-user.oer5f (.text.boardcfg_pm_receive_and_validate)
                  41c22488    00000050                     : clk_pll_16fft.oer5f (.text.clk_pll_16fft_set_state)
                  41c224d8    00000050                     : psc.oer5f (.text.psc_lookup_pd)
                  41c22528    0000004c     ti.board.aer5f : board_init.oer5f (.text.Board_setupGpio087)
                  41c22574    0000004c     ti.csl.aer5f : csl_cache.oer5f (.text.CSL_armR5CacheWbInv)
                  41c225c0    0000004c                  : mmcsd.oer5f (.text.HSMMCSDIntrStatusGet)
                  41c2260c    0000004c     ti.drv.mmcsd.aer5f : MMCSD_drv.oer5f (.text.MMCSD_open)
                  41c22658    0000004c     ti.osal.aer5f : Arch_util.oer5f (.text.OsalArch_HwiPDelete)
                  41c226a4    0000004c     sbl_lib_mmcsd_hs.aer5f : sbl_slave_core_boot.oer5f (.text.SBL_RequestCore)
                  41c226f0    0000004c                            : sbl_soc.oer5f (.text.SBL_SocEarlyInit)
                  41c2273c    0000004c     sciclient_direct_hs.aer5f : sciclient_rm_irq.oer5f (.text.Sciclient_rmPsPush)
                  41c22788    0000004c     ti.drv.uart.aer5f : UART_stdio.oer5f (.text.UART_putc)
                  41c227d4    0000004c     rm_pm_hal.aer5f : clk_mux.oer5f (.text.clk_get_parent)
                  41c22820    0000004c                     : clk_pll_16fft.oer5f (.text.clk_pll_16fft_cal_option3)
                  41c2286c    0000004c                     : rm_irq.oer5f (.text.irq_is_evt_src)
                  41c228b8    0000004c                     : rm_proxy.oer5f (.text.proxy_get_inst)
                  41c22904    0000004c                     : rm_core.oer5f (.text.rm_core_validate_devgrp)
                  41c22950    00000048     ti.board.aer5f : board_ethernet_config.oer5f (.text.Board_cpsw2gMacModeConfig)
                  41c22998    00000048                    : tps65941.oer5f (.text.Board_tps65941GetCRCStatus)
                  41c229e0    00000048     ti.csl.aer5f : csl_vim.oer5f (.text.CSL_vimClrIntrPending)
                  41c22a28    00000048                  : csl_vim.oer5f (.text.CSL_vimSetIntrEnable)
                  41c22a70    00000048     sciclient_direct_hs.aer5f : sciclient_secureproxy.oer5f (.text.Sciclient_flush)
                  41c22ab8    00000048                               : sciclient_rm_irq.oer5f (.text.Sciclient_rmIaVintGetInfo)
                  41c22b00    00000048     rm_pm_hal.aer5f : clk.oer5f (.text.clk_get_freq)
                  41c22b48    00000048                     : clk.oer5f (.text.clk_set_state)
                  41c22b90    00000048                     : device_pm.oer5f (.text.device_set_retention)
                  41c22bd8    00000048                     : device_pm.oer5f (.text.device_suspend)
                  41c22c20    00000048     libc.a : memccpy.c.obj (.text.memccpy)
                  41c22c68    00000048     ti.drv.mmcsd.aer5f : MMCSD_v2.oer5f (.text.mmcsd_send_cmd23)
                  41c22cb0    00000048     rm_pm_hal.aer5f : rm_proxy.oer5f (.text.proxy_check_index_range)
                  41c22cf8    00000048                     : rm_ia.oer5f (.text.rm_ia_vint_get_info)
                  41c22d40    00000048     libsysbm.a : unlink.c.obj (.text.unlink)
                  41c22d88    00000044     ti.csl.aer5f : mmcsd.oer5f (.text.HSMMCSDDmaSelect)
                  41c22dcc    00000044                  : lpddr4_32bit.oer5f (.text.LPDDR4_AckCtlInterrupt)
                  41c22e10    00000044     ti.osal.aer5f : RegisterIntr_nonos.oer5f (.text.Osal_RegisterInterrupt_initParams)
                  41c22e54    00000044     ti.board.aer5f : board_power.oer5f (.text.PMIC_Cfg_SetGPIO2)
                  41c22e98    00000044                    : board_power.oer5f (.text.PMIC_EnterLongWindow_Wdg)
                  41c22edc    00000044     ti.csl.aer5f : uart.oer5f (.text.UARTCharPut)
                  41c22f20    00000044     ti.drv.uart.aer5f : UART_stdio.oer5f (.text.UART_dataWrite)
                  41c22f64    00000044     rm_pm_hal.aer5f : clk_fixed.oer5f (.text.clk_fixed_get_freq)
                  41c22fa8    00000044                     : device_prepare.oer5f (.text.device_prepare_exclusive)
                  41c22fec    00000044                     : rm.oer5f (.text.rm_deinit)
                  41c23030    00000044                     : device_psc.oer5f (.text.soc_device_get_state_internal)
                  41c23074    00000040     ti.board.aer5f : board_lld_init.oer5f (.text.Board_getI2CHandle)
                  41c230b4    00000040     ti.csl.aer5f : mmcsd.oer5f (.text.HSMMCSDBusVoltSet)
                  41c230f4    00000040                  : mmcsd.oer5f (.text.HSMMCSDCardTuningSet)
                  41c23134    00000040     ti.drv.i2c.aer5f : I2C_soc.oer5f (.text.I2C_socGetInitCfg)
                  41c23174    00000040     ti.drv.mmcsd.aer5f : MMCSD_v2.oer5f (.text.MMCSD_socGetInitCfg)
                  41c231b4    00000040     ti.board.aer5f : board_power.oer5f (.text.PMIC_ReadWdgINTVal)
                  41c231f4    00000040     ti.csl.aer5f : uart.oer5f (.text.UARTIsTransmitterEmpty)
                  41c23234    00000040     sbl_lib_mmcsd_hs.aer5f : UART_soc.oer5f (.text.UART_socGetInitCfg)
                  41c23274    00000040     rm_pm_hal.aer5f : psc.oer5f (.text.device_lookup)
                  41c232b4    00000040     ti.fs.fatfs.aer5f : diskio.oer5f (.text.disk_register)
                  41c232f4    00000040     libc.a : memory.c.obj (.text.free_list_insert)
                  41c23334    00000040     rm_pm_hal.aer5f : rm.oer5f (.text.rm_init)
                  41c23374    00000040                     : device_psc.oer5f (.text.soc_device_disable_internal)
                  41c233b4    00000040                     : device_psc.oer5f (.text.soc_device_enable_internal)
                  41c233f4    0000003c     ti.csl.aer5f : mmcsd.oer5f (.text.HSMMCSDAdmaLengthSelect)
                  41c23430    0000003c                  : mmcsd.oer5f (.text.HSMMCSDDataTimeoutSet)
                  41c2346c    0000003c                  : mmcsd.oer5f (.text.HSMMCSDGetDataSignalLevel)
                  41c234a8    0000003c                  : mmcsd.oer5f (.text.HSMMCSDHSModeSet)
                  41c234e4    0000003c                  : mmcsd.oer5f (.text.HSMMCSDHostVer4Select)
                  41c23520    0000003c                  : mmcsd.oer5f (.text.HSMMCSDIsCardInserted)
                  41c2355c    0000003c                  : mmcsdphy.oer5f (.text.HSMMCSDPhy_get_otap)
                  41c23598    0000003c                  : mmcsdphy.oer5f (.text.HSMMCSDSoftPhy_get_otap)
                  41c235d4    0000003c                  : mmcsd.oer5f (.text.HSMMCSDSwitchSignalVoltage)
                  41c23610    0000003c     ti.osal.aer5f : HwiP_nonos.oer5f (.text.HwiP_create)
                  41c2364c    0000003c     ti.csl.aer5f : lpddr4.oer5f (.text.LPDDR4_Init)
                  41c23688    0000003c                  : uart.oer5f (.text.UARTEnhanFuncEnable)
                  41c236c4    0000003c     rm_pm_hal.aer5f : clk_div.oer5f (.text.clk_get_div)
                  41c23700    0000003c                     : clk.oer5f (.text.clk_lookup)
                  41c2373c    0000003c                     : clk_div.oer5f (.text.clk_lookup)
                  41c23778    0000003c                     : clk_mux.oer5f (.text.clk_lookup)
                  41c237b4    0000003c                     : clk_pll_16fft.oer5f (.text.clk_lookup)
                  41c237f0    0000003c                     : device_clk.oer5f (.text.clk_lookup)
                  41c2382c    0000003c                     : psc.oer5f (.text.clk_lookup)
                  41c23868    0000003c                     : clk.oer5f (.text.clk_ssc_allow)
                  41c238a4    0000003c                     : clk.oer5f (.text.clk_ssc_block)
                  41c238e0    0000003c                     : map.oer5f (.text.closest)
                  41c2391c    0000003c                     : psc.oer5f (.text.lpsc_module_idx)
                  41c23958    0000003c                     : mmr_lock.oer5f (.text.mmr_unlock)
                  41c23994    0000003c                     : rm_ia.oer5f (.text.rm_ia_validate_vint)
                  41c239d0    0000003c                     : rm_ir.oer5f (.text.rm_ir_validate_output)
                  41c23a0c    00000038     ti.board.aer5f : board_pll.oer5f (.text.Board_PLLInitMain)
                  41c23a44    00000038                    : board_pll.oer5f (.text.Board_PLLInitMcu)
                  41c23a7c    00000038                    : board_clock.oer5f (.text.Board_moduleClockInit)
                  41c23ab4    00000038     ti.csl.aer5f : csl_vim.oer5f (.text.CSL_vimAckIntr)
                  41c23aec    00000038                  : mmcsd.oer5f (.text.HSMMCSDBlkLenSet)
                  41c23b24    00000038                  : mmcsd.oer5f (.text.HSMMCSDEnhancedStrobeSet)
                  41c23b5c    00000038     ti.drv.i2c.aer5f : I2C_soc.oer5f (.text.I2C_socSetInitCfg)
                  41c23b94    00000038     ti.drv.mmcsd.aer5f : MMCSD_v2.oer5f (.text.MMCSD_socSetInitCfg)
                  41c23bcc    00000038     sciclient_direct_hs.aer5f : sciclient_rm_irq.oer5f (.text.Sciclient_rmIaGetInst)
                  41c23c04    00000038                               : sciclient_rm_irq.oer5f (.text.Sciclient_rmIrGetInst)
                  41c23c3c    00000038                               : sciclient_secureproxy.oer5f (.text.Sciclient_waitThread)
                  41c23c74    00000038     sbl_lib_mmcsd_hs.aer5f : UART_soc.oer5f (.text.UART_socSetInitCfg)
                  41c23cac    00000038     rm_pm_hal.aer5f : boardcfg-user.oer5f (.text.boardcfg_get_rm_devgrp)
                  41c23ce4    00000038                     : clk.oer5f (.text.clk_value_get_freq)
                  41c23d1c    00000038                     : resource.oer5f (.text.device_resource_mem)
                  41c23d54    00000038     ti.fs.fatfs.aer5f : diskio.oer5f (.text.disk_unregister)
                  41c23d8c    00000038     rm_pm_hal.aer5f : rm_ir.oer5f (.text.ir_clear_outp)
                  41c23dc4    00000038                     : psc.oer5f (.text.lpsc_module_get_state)
                  41c23dfc    00000038                     : osal_glue.oer5f (.text.osal_delay)
                  41c23e34    00000038                     : psc.oer5f (.text.psc_pd_clk_put)
                  41c23e6c    00000038                     : rm_ir.oer5f (.text.rm_ir_is_managed_resasg_utype)
                  41c23ea4    00000038                     : rm_proxy.oer5f (.text.rm_proxy_cfg)
                  41c23edc    00000038                     : rm_proxy.oer5f (.text.rm_proxy_is_managed_resasg_utype)
                  41c23f14    00000038                     : map.oer5f (.text.u32map_get)
                  41c23f4c    00000034     ti.board.aer5f : board_ethernet_config.oer5f (.text.Board_ethPhyRegWrite)
                  41c23f80    00000034     ti.fs.fatfs.aer5f : FATFS_drv.oer5f (.text.FATFS_getFreeVolIndex)
                  41c23fb4    00000034     ti.csl.aer5f : interrupt.oer5f (.text.Intc_IntClrPend)
                  41c23fe8    00000034     ti.drv.mmcsd.aer5f : MMCSD_soc.oer5f (.text.MMCSD_socPhyInit)
                  41c2401c    00000034                        : MMCSD_v2.oer5f (.text.MMCSD_v2_init)
                  41c24050    00000034     ti.osal.aer5f : SemaphoreP_nonos.oer5f (.text.SemaphoreP_Params_init)
                  41c24084    00000034     ti.csl.aer5f : uart.oer5f (.text.UARTEnhanFuncBitValRestore)
                  41c240b8    00000034                  : uart.oer5f (.text.UARTIntIdentityGet)
                  41c240ec    00000034                  : uart.oer5f (.text.UARTReadStatus)
                  41c24120    00000034     ti.drv.uart.aer5f : UART_v1.oer5f (.text.UART_writeCancel_v1)
                  41c24154    00000034     rm_pm_hal.aer5f : device_clk.oer5f (.text.device_clk_set_input_term)
                  41c24188    00000034     ti.fs.fatfs.aer5f : diskio.oer5f (.text.disk_read)
                  41c241bc    00000034                       : diskio.oer5f (.text.disk_write)
                  41c241f0    00000034     libsysbm.a : lseek.c.obj (.text.lseek)
                  41c24224    00000034     rm_pm_hal.aer5f : psc.oer5f (.text.psc_read)
                  41c24258    00000034                     : device_psc.oer5f (.text.soc_device_get_context_loss_count_internal)
                  41c2428c    00000034     libsysbm.a : write.c.obj (.text.write)
                  41c242c0    00000034     ti.osal.aer5f : TimestampProvider_asm.oer5f (.text)
                  41c242f4    00000030     ti.board.aer5f : board_pinmux.oer5f (.text.Board_pinmuxWriteReg)
                  41c24324    00000030     ti.csl.aer5f : csl_emif.oer5f (.text.CSL_emifClearAllECCErrors)
                  41c24354    00000030                  : gpio.oer5f (.text.GPIOSetDirMode_v0)
                  41c24384    00000030                  : mmcsd.oer5f (.text.HSMMCSDIntrStatusClear)
                  41c243b4    00000030                  : mmcsdphy.oer5f (.text.HSMMCSDPhyDisableDLL)
                  41c243e4    00000030     ti.board.aer5f : board_power.oer5f (.text.PMIC_SoftReset)
                  41c24414    00000030                    : tps65941.oer5f (.text.PmicWdg_getCRC8Val)
                  41c24444    00000030     ti.osal.aer5f : SemaphoreP_nonos.oer5f (.text.SemaphoreP_getCount)
                  41c24474    00000030                   : TimerP_nonos.oer5f (.text.TimerP_getTimeInUsecs)
                  41c244a4    00000030     ti.csl.aer5f : uart.oer5f (.text.UARTHardwareFlowCtrlOptSet)
                  41c244d4    00000030     libc.a : snprintf.c.obj (.text._outc)
                  41c24504    00000030     rm_pm_hal.aer5f : clk_soc_hfosc0.oer5f (.text.clk_soc_hfosc0_get_freq)
                  41c24534    00000030     ti.fs.fatfs.aer5f : ff.oer5f (.text.f_close)
                  41c24564    00000030     libc.a : memory.c.obj (.text.free_list_remove)
                  41c24594    00000030     rm_pm_hal.aer5f : rm_irq.oer5f (.text.irq_trace_remaining_params)
                  41c245c4    00000030     libc.a : fputs.c.obj (.text.memchr)
                  41c245f4    00000030     rm_pm_hal.aer5f : mmr_lock.oer5f (.text.mmr_lock)
                  41c24624    00000030                     : notifier.oer5f (.text.notifier_call)
                  41c24654    00000030                     : clk_pll_16fft.oer5f (.text.pll_16fft_pllm_valid)
                  41c24684    00000030                     : clk_div.oer5f (.text.pm_writel_verified)
                  41c246b4    00000030                     : clk_mux_j7_dpi.oer5f (.text.pm_writel_verified)
                  41c246e4    00000030                     : clk_pll_16fft.oer5f (.text.pm_writel_verified)
                  41c24714    00000030                     : psc.oer5f (.text.psc_write)
                  41c24744    00000030     ti.fs.fatfs.aer5f : ff.oer5f (.text.sum_sfn)
                  41c24774    00000030     rm_pm_hal.aer5f : core.oer5f (.text.sys_reset_handler)
                  41c247a4    0000002c     ti.board.aer5f : board_pinmux.oer5f (.text.Board_pinmuxConfig)
                  41c247d0    0000002c                    : tps65941.oer5f (.text.Board_tps65941CalculateCRC)
                  41c247fc    0000002c     ti.csl.aer5f : gpio.oer5f (.text.GPIOPinWrite_v0)
                  41c24828    0000002c                  : mmcsd.oer5f (.text.HSMMCSDUhsDrvStrengthSet)
                  41c24854    0000002c                  : interrupt.oer5f (.text.Intc_IntPrioritySet)
                  41c24880    0000002c     sbl_lib_mmcsd_hs.aer5f : sbl_rprc.oer5f (.text.SBL_ReadMem)
                  41c248ac    0000002c                            : sbl_soc.oer5f (.text.SBL_SocLateInit)
                  41c248d8    0000002c                            : sbl_soc.oer5f (.text.SBL_init_profile)
                  41c24904    0000002c     sciclient_direct_hs.aer5f : sciclient_secureproxy.oer5f (.text.Sciclient_readThread32)
                  41c24930    0000002c     ti.drv.mmcsd.aer5f : MMCSD_v2.oer5f (.text.delay)
                  41c2495c    0000002c     rm_pm_hal.aer5f : dmsc.oer5f (.text.dmsc_init)
                  41c24988    0000002c                     : rm_ir.oer5f (.text.ir_get_inp)
                  41c249b4    00000028     ti.csl.aer5f : csl_r5.oer5f (.text.CSL_armR5GetCpuID)
                  41c249dc    00000028     ti.drv.i2c.aer5f : I2C_drv.oer5f (.text.I2C_open)
                  41c24a04    00000028     ti.drv.mmcsd.aer5f : MMCSD_soc.oer5f (.text.MMCSD_socPhyConfigure)
                  41c24a2c    00000028                        : MMCSD_v2.oer5f (.text.MMCSD_v2_waitDat0)
                  41c24a54    00000028     ti.csl.aer5f : uart.oer5f (.text.UARTLineCharacConfig)
                  41c24a7c    00000028     ti.fs.fatfs.aer5f : ff.oer5f (.text.clust2sect)
                  41c24aa4    00000028     rm_pm_hal.aer5f : device_clk.oer5f (.text.dev_get_clk)
                  41c24acc    00000028     ti.osal.aer5f : Arch_util.oer5f (.text.osalArch_TimestampInit)
                  41c24af4    00000028     rm_pm_hal.aer5f : sleep.oer5f (.text.sleep_modes_register)
                  41c24b1c    00000028     libclang_rt.builtins.a : ashldi3.S.obj (.text)
                  41c24b44    00000028                            : lshrdi3.S.obj (.text)
                  41c24b6c    00000024     ti.board.aer5f : board_utils.oer5f (.text.Board_getSocDomain)
                  41c24b90    00000024     ti.drv.i2c.aer5f : I2C_v1.oer5f (.text.I2C_v1_udelay)
                  41c24bb4    00000024     ti.csl.aer5f : interrupt.oer5f (.text.Intc_IntDisable)
                  41c24bd8    00000024                  : interrupt.oer5f (.text.Intc_IntEnable)
                  41c24bfc    00000024     sciclient_direct_hs.aer5f : sciclient_secureproxy.oer5f (.text.Sciclient_readThreadCount)
                  41c24c20    00000024                               : sciclient_secureproxy.oer5f (.text.Sciclient_verifyThread)
                  41c24c44    00000024     ti.csl.aer5f : uart.oer5f (.text.UARTInt2Disable)
                  41c24c68    00000024     ti.drv.uart.aer5f : UART_v1.oer5f (.text.UART_readCancel_v1)
                  41c24c8c    00000024     rm_pm_hal.aer5f : boardcfg-user.oer5f (.text.boardcfg_get_rm_resasg_size)
                  41c24cb0    00000024                     : clk_pll_16fft.oer5f (.text.clk_pll_16fft_postdiv_valid_div)
                  41c24cd4    00000024                     : device_clk.oer5f (.text.device_clk_set_freq)
                  41c24cf8    00000024     ti.fs.fatfs.aer5f : diskio.oer5f (.text.disk_ioctl)
                  41c24d1c    00000024                       : diskio.oer5f (.text.disk_status)
                  41c24d40    00000024     rm_pm_hal.aer5f : rm_irq.oer5f (.text.irq_oes_src_lookup)
                  41c24d64    00000024     ti.fs.fatfs.aer5f : ff.oer5f (.text.ld_clust)
                  41c24d88    00000024     rm_pm_hal.aer5f : clk_pll_16fft.oer5f (.text.pll_16fft_clkod_valid)
                  41c24dac    00000024     libclang_rt.builtins.a : aeabi_uldivmod.S.obj (.text)
                  41c24dd0    00000020     ti.board.aer5f : board_utils.oer5f (.text.Board_setI2cInitConfig)
                  41c24df0    00000020     ti.csl.aer5f : mmcsd.oer5f (.text.HSMMCSDSDClockDisable)
                  41c24e10    00000020     ti.osal.aer5f : HwiP_nonos.oer5f (.text.HwiP_Params_init)
                  41c24e30    00000020     ti.csl.aer5f : interrupt_register.oer5f (.text.IntDefaultHandler)
                  41c24e50    00000020                  : lpddr4_32bit.oer5f (.text.LPDDR4_EnablePIInitiator)
                  41c24e70    00000020                  : lpddr4.oer5f (.text.LPDDR4_Probe)
                  41c24e90    00000020     ti.drv.mmcsd.aer5f : MMCSD_soc.oer5f (.text.MMCSD_socPhyDisableDLL)
                  41c24eb0    00000020     ti.osal.aer5f : Utils_nonos.oer5f (.text.Osal_DebugP_assert)
                  41c24ed0    00000020     ti.csl.aer5f : low_level_hw.oer5f (.text.SdhcRegisterWriteFieldByte)
                  41c24ef0    00000020                  : low_level_hw.oer5f (.text.SdhcRegisterWriteFieldDWord)
                  41c24f10    00000020                  : low_level_hw.oer5f (.text.SdhcWriteRegisterFieldValueDWord)
                  41c24f30    00000020                  : uart.oer5f (.text.UARTOperatingModeSelect)
                  41c24f50    00000020     libc.a : args_main.c.obj (.text._args_main)
                  41c24f70    00000020     rm_pm_hal.aer5f : clk_div.oer5f (.text.clk_div_get_freq)
                  41c24f90    00000020                     : clk_pll_16fft.oer5f (.text.clk_pll_16fft_check_lock)
                  41c24fb0    00000020                     : clk_pll_16fft.oer5f (.text.clk_pll_16fft_is_bypass)
                  41c24fd0    00000020     ti.fs.fatfs.aer5f : diskio.oer5f (.text.disk_initialize)
                  41c24ff0    00000020     rm_pm_hal.aer5f : rm_irq.oer5f (.text.rm_irq_deinit)
                  41c25010    00000020     ti.fs.fatfs.aer5f : ff.oer5f (.text.st_clust)
                  41c25030    0000001c     ti.csl.aer5f : mmcsd.oer5f (.text.HSMMCSDGetSignalVoltage)
                  41c2504c    0000001c                  : i2c.oer5f (.text.I2CFIFOClear)
                  41c25068    0000001c     ti.drv.i2c.aer5f : I2C_drv.oer5f (.text.I2C_Params_init)
                  41c25084    0000001c                      : I2C_drv.oer5f (.text.I2C_transfer)
                  41c250a0    0000001c     ti.drv.mmcsd.aer5f : MMCSD_drv.oer5f (.text.MMCSD_Params_init)
                  41c250bc    0000001c                        : MMCSD_drv.oer5f (.text.MMCSD_read)
                  41c250d8    0000001c                        : MMCSD_drv.oer5f (.text.MMCSD_write)
                  41c250f4    0000001c     ti.board.aer5f : board_power.oer5f (.text.PMIC_GetCRCStatus)
                  41c25110    0000001c     sbl_lib_mmcsd_hs.aer5f : sbl_rprc.oer5f (.text.SBL_SetMulticoreImageImgReadfxn)
                  41c2512c    0000001c     ti.csl.aer5f : uart.oer5f (.text.UARTInt2Enable)
                  41c25148    0000001c     rm_pm_hal.aer5f : boardcfg-user.oer5f (.text.boardcfg_get_rm_resasg)
                  41c25164    0000001c                     : device_clk.oer5f (.text.device_clk_get_freq_change)
                  41c25180    0000001c                     : device_clk.oer5f (.text.device_clk_get_input_term)
                  41c2519c    0000001c                     : device_clk.oer5f (.text.device_clk_get_ssc)
                  41c251b8    0000001c                     : device_clk.oer5f (.text.device_clk_get_sw_gated)
                  41c251d4    0000001c                     : device_clk.oer5f (.text.device_clk_query_freq)
                  41c251f0    0000001c                     : rm_core.oer5f (.text.rm_core_map_region)
                  41c2520c    0000001c                     : rm_core.oer5f (.text.rm_core_unmap_region)
                  41c25228    0000001c     libc.a : _printfi.c.obj (.text.strlen)
                  41c25244    0000001c     libsysbm.a : hostrename.c.obj (.text.strlen)
                  41c25260    0000001c     rm_pm_hal.aer5f : sys-reset.oer5f (.text.system_reset)
                  41c2527c    0000001c     libclang_rt.builtins.a : aeabi_memset.S.obj (.text)
                  41c25298    00000018     ti.board.aer5f : board_ddr.oer5f (.text.Board_DDRSetPLLClock)
                  41c252b0    00000018                    : board_ethernet_config.oer5f (.text.Board_ethConfigCpsw2g)
                  41c252c8    00000018                    : board_ethernet_config.oer5f (.text.Board_ethConfigCpsw2gMain)
                  41c252e0    00000018     ti.csl.aer5f : i2c.oer5f (.text.I2CMasterIntEnableEx)
                  41c252f8    00000018                  : i2c.oer5f (.text.I2CSlaveIntEnableEx)
                  41c25310    00000018                  : interrupt.oer5f (.text.Intc_IntSetSrcType)
                  41c25328    00000018                  : interrupt.oer5f (.text.Intc_SystemDisable)
                  41c25340    00000018                  : interrupt.oer5f (.text.Intc_SystemEnable)
                  41c25358    00000018     ti.drv.mmcsd.aer5f : MMCSD_drv.oer5f (.text.MMCSD_close)
                  41c25370    00000018                        : MMCSD_drv.oer5f (.text.MMCSD_control)
                  41c25388    00000018     sciclient_direct_hs.aer5f : sciclient_secureproxy.oer5f (.text.Sciclient_threadStatusReg)
                  41c253a0    00000018                               : sciclient.oer5f (.text.Sciclient_utilByteCopy)
                  41c253b8    00000018     ti.csl.aer5f : uart.oer5f (.text.UARTBreakCtl)
                  41c253d0    00000018                  : uart.oer5f (.text.UARTLoopbackModeControl)
                  41c253e8    00000018     ti.drv.uart.aer5f : UART_drv.oer5f (.text.UART_open)
                  41c25400    00000018     ti.fs.fatfs.aer5f : ff.oer5f (.text.chk_chr)
                  41c25418    00000018     rm_pm_hal.aer5f : device.oer5f (.text.pm_devgroup_is_enabled)
[...]
41c35b34  tisci_if_MCASP2                                                                            
41c35b3c  tisci_if_MCASP3                                                                            
41c35b44  tisci_if_MCASP4                                                                            
41c35b4c  tisci_if_MCU_NAVSS0_INTR_ROUTER_0                                                          
41c35b54  tisci_if_NAVSS0_MAILBOX1_0                                                                 
41c35b5c  tisci_if_NAVSS0_MAILBOX1_10                                                                
41c35b64  tisci_if_NAVSS0_MAILBOX1_11                                                                
41c35b6c  tisci_if_NAVSS0_MAILBOX1_1                                                                 
41c35b74  tisci_if_NAVSS0_MAILBOX1_2                                                                 
41c35b7c  tisci_if_NAVSS0_MAILBOX1_3                                                                 
41c35b84  tisci_if_NAVSS0_MAILBOX1_4                                                                 
41c35b8c  tisci_if_NAVSS0_MAILBOX1_5                                                                 
41c35b94  tisci_if_NAVSS0_MAILBOX1_6                                                                 
41c35b9c  tisci_if_NAVSS0_MAILBOX1_7                                                                 
41c35ba4  tisci_if_NAVSS0_MAILBOX1_8                                                                 
41c35bac  tisci_if_NAVSS0_MAILBOX1_9                                                                 
41c35bb4  tisci_if_NAVSS0_MAILBOX_0                                                                  
41c35bbc  tisci_if_NAVSS0_MAILBOX_10                                                                 
41c35bc4  tisci_if_NAVSS0_MAILBOX_11                                                                 
41c35bcc  tisci_if_NAVSS0_MAILBOX_1                                                                  
41c35bd4  tisci_if_NAVSS0_MAILBOX_2                                                                  
41c35bdc  tisci_if_NAVSS0_MAILBOX_3                                                                  
41c35be4  tisci_if_NAVSS0_MAILBOX_4                                                                  
41c35bec  tisci_if_NAVSS0_MAILBOX_5                                                                  
41c35bf4  tisci_if_NAVSS0_MAILBOX_6                                                                  
41c35bfc  tisci_if_NAVSS0_MAILBOX_7                                                                  
41c35c04  tisci_if_NAVSS0_MAILBOX_8                                                                  
41c35c0c  tisci_if_NAVSS0_MAILBOX_9                                                                  
41c35c14  tisci_if_SA2_UL0                                                                           
41c35c1c  tisci_if_TIMER14                                                                           
41c35c24  tisci_if_TIMER15                                                                           
41c35c2c  tisci_if_TIMER16                                                                           
41c35c34  tisci_if_TIMER17                                                                           
41c35c3c  tisci_if_TIMER18                                                                           
41c35c44  tisci_if_TIMER19                                                                           
41c36728  evt_rt_srcs_count                                                                          
41c3672c  gRmIrqTreeCount                                                                            
41c36730  ra_inst_count                                                                              
41c36734  soc_clock_count                                                                            
41c36738  soc_devgroup_count                                                                         
41c3673c  soc_device_count                                                                           
41c36744  tisci_if_CODEC0                                                                            
41c36748  tisci_if_DCC0                                                                              
41c3674c  tisci_if_DCC1                                                                              
41c36750  tisci_if_DCC2                                                                              
41c36754  tisci_if_DCC3                                                                              
41c36758  tisci_if_DCC4                                                                              
41c3675c  tisci_if_DCC5                                                                              
41c36760  tisci_if_DCC6                                                                              
41c36764  tisci_if_DCC7                                                                              
41c36768  tisci_if_DCC8                                                                              
41c3676c  tisci_if_DCC9                                                                              
41c36770  tisci_if_DMPAC0_INTD_0                                                                     
41c36774  tisci_if_DSS_DSI0                                                                          
41c36778  tisci_if_DSS_DSI1                                                                          
41c3677c  tisci_if_DSS_EDP0                                                                          
41c36780  tisci_if_ECAP0                                                                             
41c36784  tisci_if_ECAP1                                                                             
41c36788  tisci_if_ECAP2                                                                             
41c3678c  tisci_if_ELM0                                                                              
41c36790  tisci_if_EQEP0                                                                             
41c36794  tisci_if_EQEP1                                                                             
41c36798  tisci_if_EQEP2                                                                             
41c3679c  tisci_if_GPIO0                                                                             
41c367a0  tisci_if_GPIO2                                                                             
41c367a4  tisci_if_GPIO4                                                                             
41c367a8  tisci_if_GPIO6                                                                             
41c367ac  tisci_if_GPMC0                                                                             
41c367b0  tisci_if_GTC0                                                                              
41c367b4  tisci_if_I2C0                                                                              
41c367b8  tisci_if_I2C1                                                                              
41c367bc  tisci_if_I2C2                                                                              
41c367c0  tisci_if_I2C3                                                                              
41c367c4  tisci_if_I2C4                                                                              
41c367c8  tisci_if_I2C5                                                                              
41c367cc  tisci_if_I2C6                                                                              
41c367d0  tisci_if_J7AEP_GPU_BXS464_WRAP0                                                            
41c367d4  tisci_if_J7AEP_GPU_BXS464_WRAP0_GPU_SS_0                                                   
41c367d8  tisci_if_MCSPI0                                                                            
41c367dc  tisci_if_MCSPI1                                                                            
41c367e0  tisci_if_MCSPI2                                                                            
41c367e4  tisci_if_MCSPI3                                                                            
41c367e8  tisci_if_MCSPI4                                                                            
41c367ec  tisci_if_MCSPI5                                                                            
41c367f0  tisci_if_MCSPI6                                                                            
41c367f4  tisci_if_MCSPI7                                                                            
41c367f8  tisci_if_MCU_NAVSS0_UDMASS_INTA_0                                                          
41c367fc  tisci_if_MMCSD0                                                                            
41c36800  tisci_if_MMCSD1                                                                            
41c36804  tisci_if_NAVSS0_CPTS_0                                                                     
41c36808  tisci_if_NAVSS0_MODSS_INTA_0                                                               
41c3680c  tisci_if_NAVSS0_MODSS_INTA_1                                                               
41c36810  tisci_if_NAVSS0_PVU_0                                                                      
41c36814  tisci_if_NAVSS0_PVU_1                                                                      
41c36818  tisci_if_NAVSS0_UDMASS_INTA_0                                                              
41c3681c  tisci_if_TIMER0                                                                            
41c36820  tisci_if_TIMER10                                                                           
41c36824  tisci_if_TIMER11                                                                           
41c36828  tisci_if_TIMER12                                                                           
41c3682c  tisci_if_TIMER13                                                                           
41c36830  tisci_if_TIMER1                                                                            
41c36834  tisci_if_TIMER2                                                                            
41c36838  tisci_if_TIMER3                                                                            
41c3683c  tisci_if_TIMER4                                                                            
41c36840  tisci_if_TIMER5                                                                            
41c36844  tisci_if_TIMER6                                                                            
41c36848  tisci_if_TIMER7                                                                            
41c3684c  tisci_if_TIMER8                                                                            
41c36850  tisci_if_TIMER9                                                                            
41c36854  tisci_if_UART0                                                                             
41c36858  tisci_if_UART1                                                                             
41c3685c  tisci_if_UART2                                                                             
41c36860  tisci_if_UART3                                                                             
41c36864  tisci_if_UART4                                                                             
41c36868  tisci_if_UART5                                                                             
41c3686c  tisci_if_UART6                                                                             
41c36870  tisci_if_UART7                                                                             
41c36874  tisci_if_UART8                                                                             
41c36878  tisci_if_UART9                                                                             
41c3687c  tisci_if_VPAC0                                                                             
41c36880  tisci_if_WKUP_GPIO0                                                                        
41c36884  tisci_if_WKUP_GPIO1                                                                        
41c36888  udmap_inst_count                                                                           
41c36900  FATFS_objects                                                                              
41c39500  soc_devices                                                                                
41c3a230  sblProfileLog                                                                              
41c3ae30  soc_clocks                                                                                 
41c3b774  UartObjects                                                                                
41c3bd90  MMCSDObjects                                                                               
41c3c340  semStructs                                                                                 
41c3c840  soc_clock_values                                                                           
41c3cf1c  __TI_tmpnams                                                                               
41c3d400  I2cObjects                                                                                 
41c3d738  __CIOBUF_                                                                                  
41c3dae8  k3xx_evmEntry                                                                              
41c3dba8  gBoardDdrObject                                                                            
41c3dc40  adma2_desc                                                                                 
41c3dc4c  parmbuf                                                                                    
41c3dc60  fp_readData                                                                                
41c3dc64  fp_seek                                                                                    
41c3dc68  gVimBaseAddr                                                                               
41c41500  gSciclient_boardCfgLow                                                                     
41c41b80  gSciclient_boardCfgLow_rm                                                                  
41c43180  gSciclient_boardCfgLow_sec                                                                 
41c43980  gSciclient_boardCfgLow_pm                                                                  
41c44000  _sys_memory                                                                                
41c47780  CSL_armR5MPUCfg                                                                            
41c4787c  __mpu_init                                                                                 
41c47938  CSL_armR5StartupGetCpuID                                                                   
41c47960  CSL_startupVimSetIntrEnable                                                                
41c479b8  CSL_startupVimClrIntrPending                                                               
41c479f8  _system_pre_init                                                                           
41c47a00  _system_post_cinit                                                                         
41c47a04  CSL_armR5StartupCacheEnableAllCache                                                        
41c47a18  CSL_armR5StartupCacheEnableForceWrThru                                                     
41c47a38  CSL_armR5StartupCacheEnableICache                                                          
41c47a68  CSL_armR5StartupCacheEnableDCache                                                          
41c47a98  CSL_armR5StartupCacheInvalidateAllIcache                                                   
41c47ab0  CSL_armR5StartupCacheInvalidateAllDcache                                                   
41c47ac8  CSL_armR5StartupCacheInvalidateAllCache                                                    
41c47adc  CSL_armR5StartupMpuEnable                                                                  
41c47b04  CSL_armR5StartupMpuCfgRegion                                                               
41c47b20  CSL_armR5StartupReadMpidrReg                                                               
41c47b2c  CSL_armR5StartupFpuEnable                                                                  
41c47b54  CSL_armR5StartupIntrEnableVic                                                              
41c47b78  CSL_armR5StartupIntrEnableFiq                                                              
41c47b98  CSL_armR5StartupIntrEnableIrq                                                              
41c47bb8  CSL_armR5SetDLFOBit                                                                        
41c4813c  _c_int00                                                                                   
41c48214  HF                                                                                         
41c48228  __TI_static_base__                                                                         
41c4a490  __TI_Handler_Table_Base                                                                    
41c4a49c  __TI_Handler_Table_Limit                                                                   
41c4a4c8  __TI_CINIT_Base                                                                            
41c4a4f8  __TI_CINIT_Limit                                                                           
41c4a4f8  __TI_CINIT_Warm                                                                            
41c78fe0  __UND_STACK_START                                                                          
41c797e0  __SVC_STACK_START                                                                          
41c797e0  __UND_STACK_END                                                                            
41c7b7e0  __IRQ_STACK_START                                                                          
41c7b7e0  __SVC_STACK_END                                                                            
41c7c7e0  __FIQ_STACK_START                                                                          
41c7c7e0  __IRQ_STACK_END                                                                            
41c7d7e0  __ABORT_STACK_START                                                                        
41c7d7e0  __FIQ_STACK_END                                                                            
41c7dfe0  __ABORT_STACK_END                                                                          
41c7dfe0  __stack                                                                                    
41c7ffe0  __STACK_END                                                                                
41c80000  gSciclient_firmware                                                                        
ffffffff  __TI_pprof_out_hndl                                                                        
ffffffff  __TI_prof_data_size                                                                        
ffffffff  __TI_prof_data_start                                                                       
ffffffff  __binit__                                                                                  
ffffffff  binit                                                                                      
UNDEFED   __c_args__                                                                                 

[1409 symbols]
