******************************************************************************
            TI ARM Clang Linker PC v1.3.0                      
******************************************************************************
>> Linked Mon Mar  9 18:11:36 2026

OUTPUT FILE NAME:   <L2H4060Hsm.out>
ENTRY POINT SYMBOL: "brsStartupEntry"  address: 0002ecc0


MEMORY CONFIGURATION

         name            origin    length      used     unused   attr    fill
----------------------  --------  ---------  --------  --------  ----  --------
  VECTORS               00000000   00000900  00000858  000000a8  RWIX
  SRAM_0                00000900   0002f700  0002e45a  000012a6  RWIX
  SRAM_1                00030000   00010000  0000fae7  00000519  RWIX


SEGMENT ALLOCATION MAP

run origin  load origin   length   init length attrs members
----------  ----------- ---------- ----------- ----- -------
00000000    00000000    0000085c   0000085c    r--
  00000000    00000000    00000804   00000804    r-- .OS_INTVEC_CORE0_CONST
  00000808    00000808    00000054   00000054    r-- .cinit
00001a18    00001a18    00029780   00029780    r-x
  00001a18    00001a18    0001dcd8   0001dcd8    r-x .text
  0001f6f0    0001f6f0    00007b9b   00007b9b    r-- .rodata
  0002728c    0002728c    00003f0a   00003f0a    r-x .OS_CODE
  0002b196    0002b196    00000002   00000002    r-x .OS_USER_CODE
0002b198    0002b198    000030d8   00000000    rw-
  0002b198    0002b198    00001cd7   00000000    rw- .vLinkGenVarSectionGroup
  0002ce70    0002ce70    00001400   00000000    rw- .OS_STACKS_CORE0_VAR_NOINIT
0002e270    0002e270    00000800   00000000    r--
  0002e270    0002e270    00000800   00000000    r-- .STACK_C0
0002ea70    0002ea70    000002c8   000002c8    r-x
  0002ea70    0002ea70    00000250   00000250    r-- .OS_CONST
  0002ecc0    0002ecc0    00000078   00000078    r-x .Startup_Code
0002f000    0002f000    00000024   00000024    r-x
  0002f000    0002f000    00000024   00000024    r-x .OS_INTVEC_CORE0_CODE
00030000    00030000    0000e843   00000000    rw-
  00030000    00030000    0000e843   00000000    rw- .bss
0003e844    00000900    00001118   00001118    rw-
  0003e844    00000900    00001118   00001118    rw- .data
0003f960    0003f960    0000018c   00000000    rw-
  0003f960    0003f960    00000174   00000000    rw- .OS_DATA_CORE0_VAR_NOINIT
  0003fad4    0003fad4    00000018   00000000    rw- .OS_DATA_SHARED_VAR_NOINIT


SECTION ALLOCATION MAP

 output                                  attributes/
section   page    origin      length       input sections
--------  ----  ----------  ----------   ----------------
.OS_STACKS_CORE0_VAR_NOINIT 
*          0    0002ce70    00001400     UNINITIALIZED
                  0002ce70    00000400     Os_Stack_Lcfg.o (.OS_STACK_OSCORE0_ERROR_VAR_NOINIT)
                  0002d270    00000400     Os_Stack_Lcfg.o (.OS_STACK_OSCORE0_INIT_VAR_NOINIT)
                  0002d670    00000400     Os_Stack_Lcfg.o (.OS_STACK_OSCORE0_KERNEL_VAR_NOINIT)
                  0002da70    00000400     Os_Stack_Lcfg.o (.OS_STACK_OSCORE0_SHUTDOWN_VAR_NOINIT)
                  0002de70    00000400     Os_Stack_Lcfg.o (.OS_STACK_OSCORE0_STARTUP_VAR_NOINIT)

.STACK_C0 
*          0    0002e270    00000800     UNINITIALIZED
                  0002e270    00000800     --HOLE--

.MSR_CODE 
*          0    00000900    00000000     UNINITIALIZED

.MSR_CONST 
*          0    00000900    00000000     UNINITIALIZED

.MSR_PBCFG_CONST 
*          0    00000900    00000000     UNINITIALIZED

.data      0    00000900    00001118     RUN ADDR = 0003e844
                  00000900    00001000     mFee_Drv.o (.data.mFee_CopyBuffer)
                  00001900    000000d0     mFee_Drv.o (.data.mFee_BlockConfig)
                  000019d0    00000020     vHsm_Callout_Stubs.o (.data.dkek)
                  000019f0    00000004     vHsm_Callout_Stubs.o (.data.CounterVariable)
                  000019f4    00000004     vHsm_Callout_Stubs.o (.data.SecondCounter)
                  000019f8    00000004     vHsm_Callout_Stubs.o (.data.SecoundCounterDataPtr)
                  000019fc    00000004     vHsm_Callout_Stubs.o (.data.ptr)
                  00001a00    00000004     vHsm_Callout_Stubs.o (.data.timestampAvailaible)
                  00001a04    00000004     vMemAccM_Lcfg.o (.data.vMemAccM_PartitionPublishRequestPtr)
                  00001a08    00000004     vMemAccM_Lcfg.o (.data.vMemAccM_SatellitePartitionDataPtr)
                  00001a0c    00000002     Stubs.o (.data.CertId_Copy)
                  00001a0e    00000001     Crypto_30_Hwa.o (.data.Crypto_30_Hwa_ModuleInitialized)
                  00001a0f    00000001     Crypto_30_LibCv.o (.data.Crypto_30_LibCv_ModuleInitialized)
                  00001a10    00000001     Csm.o (.data.Csm_IsInitialized)
                  00001a11    00000001     Fee.o (.data.Fee_ModuleStatus_t)
                  00001a12    00000001     Fls_30_vMemAccM.o (.data.Fls_30_vMemAccM_ModuleStatus)
                  00001a13    00000001     KeyM.o (.data.KeyM_ModuleInitialized)
                  00001a14    00000001     NvM_JobProc.o (.data.NvM_TaskState_t)
                  00001a15    00000001     vHsm_Core.o (.data.vHsm_ModuleInitialized)
                  00001a16    00000001     vMemAccM_Sched.o (.data.vMemAccM_ModuleInitialized)
                  00001a17    00000001     vMemAccM.o (.data.vMemAccM_RejectRequests)

.text      0    00001a18    0001dcd8     
                  00001a18    000002be     vHsm_Core_SecureBoot.o (.text.vHsm_Core_SecureBoot_ProcessGroupParallel)
                  00001cd6    00000002     BrsHw.o (.text.BrsHwPllInitPowerOn)
                  00001cd8    0000029c     vHsm_KeyM.o (.text.vHsm_KeyM_ProcessJob)
                  00001f74    00000266     actECPoint.o (.text.actECPAdd)
                  000021da    00000002     BrsHw.o (.text.BrsHwWatchdogInitPowerOn)
                  000021dc    00000246     actSHA2_32.o (.text.actSHA2_32_Transform)
                  00002422    00000234     actECPoint.o (.text.actECPDouble)
                  00002656    00000002     BrsMain_Callout_Stubs.o (.text.BrsMain_MemoryInit_StageHardReset_Hook)
                  00002658    000001e2     vstdlib.o (.text.VStdLib_Loc_MemCpy_32_Unaligned)
                  0000283a    00000002     BrsMain_Callout_Stubs.o (.text.BrsMain_MemoryInit_StageOne_Hook)
                  0000283c    000001d0     vHsm_Core_SecureBoot.o (.text.vHsm_Core_SecureBoot_SBU_ProcessSegmentListInformationExtended)
                  00002a0c    000001ce     vHsm_Core_SecureBoot.o (.text.vHsm_Core_SecureBoot_ProcessGroupSequential)
                  00002bda    00000196     Crypto_30_Hwa_Cipher.o (.text.Crypto_30_Hwa_AesDecUpdate)
                  00002d70    0000018a     KeyM_Asn1.o (.text.KeyM_Asn1_UpdateNestingDepth)
                  00002efa    00000002     BrsMain_Callout_Stubs.o (.text.BrsMain_MemoryInit_StageThree_Hook)
                  00002efc    00000186     vHsm_Core_SecureBoot.o (.text.vHsm_SecureBootUpdate_CalculateTagforSegmentAndValidate)
                  00003082    00000002     BrsMain_Callout_Stubs.o (.text.BrsMain_MemoryInit_StageTwo_Hook)
                  00003084    00000178     Crypto_30_GVCS.o (.text.Crypto_30_GVCS_ProcessSecureBootUpdate)
                  000031fc    0000016a     Crypto_30_Hwa.o (.text.Crypto_30_Hwa_DispatchService)
                  00003366    0000016a     actIECDSA.o (.text.actECDSAVerify)
                  000034d0    0000016a     vHsm_Callout_Stubs.o (.text.vHsm_StartApplicationCores_Callout)
                  0000363a    00000160     actIAES.o (.text.actAESDecrypt)
                  0000379a    00000002     BrsMain_Callout_Stubs.o (.text.BrsMain_MemoryInit_StageZero_Hook)
                  0000379c    00000154     actAES.o (.text.actAESKeySetup)
                  000038f0    0000014e     actECDSA.o (.text.actECDSAvp)
                  00003a3e    00000002     BrsMain_Callout_Stubs.o (.text.BrsMain_PreMainHook)
                  00003a40    00000148     KeyM_Cert.o (.text.KeyM_Cert_Init)
                  00003b88    0000013c     Stubs.o (.text.CheckCertificateValidity)
                  00003cc4    0000013a     Crypto_30_GVCS.o (.text.Crypto_30_GVCS_ProcessCertStorage)
                  00003dfe    00000002     CryIf.o (.text.CryIf_Init)
                  00003e00    0000013a     KeyM_Cert.o (.text.KeyM_Cert_VerifyCertPathLenConstraint)
                  00003f3a    00000136     vHsm_Core_SecureBoot.o (.text.vHsm_Core_DispatchSecureBootUpdate)
                  00004070    00000134     KeyM_Cert.o (.text.KeyM_Cert_StateNotify)
                  000041a4    00000130     Crypto_30_GVCS.o (.text.Crypto_30_GVCS_ValidateSd15CertData)
                  000042d4    0000012a     actAES.o (.text.actAESDecryptionRound)
                  000043fe    0000012a     vHsm_Ipc.o (.text.vHsm_Ipc_ReceiveJobRequest)
                  00004528    0000012a     vHsm_Ipc.o (.text.vHsm_Ipc_SetCryptoJobData)
                  00004652    00000128     Crypto_30_LibCv_Random.o (.text.Crypto_30_LibCv_DispatchRandomNistDrbgAesFinish)
                  0000477a    00000002     CryIf.o (.text.CryIf_InitMemory)
                  0000477c    00000128     Csm.o (.text.Csm_Init)
                  000048a4    00000128     sec_proxy_minimal.o (.text.trans_message)
                  000049cc    00000124     KeyM_Cert.o (.text.KeyM_Cert_ParseUTCGeneralizedTime)
                  00004af0    00000124     Stubs.o (.text.ParseUTCGeneralizedTime)
                  00004c14    0000011e     Crypto_30_Hwa_Cipher.o (.text.Crypto_30_Hwa_ProcessAesJob)
                  00004d32    0000011e     Crypto_30_LibCv.o (.text.Crypto_30_LibCv_ProcessJob)
                  00004e50    0000011e     vHsm_Core.o (.text.vHsm_Core_KeyElementGet)
                  00004f6e    0000011c     KeyM_Cert.o (.text.KeyM_Cert_VerifyCertificatesTriggerState)
                  0000508a    00000002     Crypto_30_GVCS.o (.text.Crypto_30_GVCS_InitMemory)
                  0000508c    00000118     actBNMontMul.o (.text.actBNMontMul)
                  000051a4    0000010e     Stubs.o (.text.ADA_CertificateElementVerificationCallout)
                  000052b2    0000010e     KeyM_Asn1.o (.text.KeyM_Asn1_CheckParsedTag)
                  000053c0    0000010e     actCTRDRBG.o (.text.actAesCtrDrbgConstructS)
                  000054ce    0000010e     actECTools.o (.text.actParseDomainExtension)
                  000055dc    0000010e     vHsm_Core_SecureBoot.o (.text.vHsm_SecureBootStorage_InitGroup)
                  000056ea    0000010e     vHsm_Core_SecureBoot.o (.text.vHsm_SecureBoot_SequentialTagCalculationOfGroup)
                  000057f8    0000010a     Crypto_30_LibCv_Signature.o (.text.Crypto_30_LibCv_DispatchSignatureEccPrimeVerifyFinish)
                  00005902    00000102     Stubs.o (.text.ConvertDateToUnixTime)
                  00005a04    00000102     KeyM_Cert.o (.text.KeyM_Cert_ConvertDateToUnixTime)
                  00005b06    00000100     Crypto_30_LibCv_KeyManagement.o (.text.Crypto_30_LibCv_Local_KeyElementSetShe)
                  00005c06    000000fe     actECTools.o (.text.actECInit)
                  00005d04    000000fe     ESLib_RSA_V15_EM.o (.text.esl_verifyPaddingRSAEM_V15)
                  00005e02    000000fa     Crypto_30_LibCv_KeyManagement.o (.text.Crypto_30_LibCv_KeyElementGet)
                  00005efc    000000f6     KeyM_Asn1.o (.text.KeyM_Asn1_ParseElement)
                  00005ff2    00000002     Crypto_30_Hwa_Hw.o (.text.Crypto_30_Hwa_Hw_InitMemory)
                  00005ff4    000000f4     actCTRDRBG.o (.text.actAesCtrDrbgDF)
                  000060e8    000000f2     Crypto_30_GVCS.o (.text.Crypto_30_GVCS_ProcessCertAndDcl)
                  000061da    00000002     Crypto_30_Hwa_Satellite.o (.text.Crypto_30_Hwa_Satellite_Init)
                  000061dc    000000f2     KeyM_Remote.o (.text.KeyM_Remote_VerifyCertificateChain)
                  000062ce    000000ee     Crypto_30_LibCv_Random.o (.text.Crypto_30_LibCv_AesCtrDrbgReseed)
                  000063bc    000000ee     Crypto_30_LibCv_KeyManagement.o (.text.Crypto_30_LibCv_Local_KeyElementGetSheCheckFid)
                  000064aa    000000ec     Crypto_30_LibCv_KeyManagement.o (.text.Crypto_30_LibCv_KeyElementSet)
                  00006596    000000ec     KeyM_Cert.o (.text.KeyM_Cert_ServiceCertSet)
                  00006682    000000ec     vHsm_Ipc.o (.text.vHsm_Ipc3_Job_Deserialize_Parser)
                  0000676e    00000002     Crypto_30_KeyM.o (.text.Crypto_30_KeyM_Init)
                  00006770    000000e8     KeyM_Cert.o (.text.KeyM_Cert_TriggerState)
                  00006858    000000e6     Crypto_30_LibCv_KeyManagement.o (.text.Crypto_30_LibCv_Local_KeyElementCopyPartial)
                  0000693e    000000e6     KeyM_Cert.o (.text.KeyM_Cert_TriggerChainVerification)
                  00006a24    000000e6     KeyM_Cert.o (.text.KeyM_Cert_VerifyCertificatesProcess)
                  00006b0a    00000002     Crypto_30_KeyM.o (.text.Crypto_30_KeyM_InitMemory)
                  00006b0c    000000e4     Crypto_30_LibCv_KeyManagement.o (.text.Crypto_30_LibCv_SheKeyUpdateVerifyM3)
                  00006bf0    000000e2     actAES.o (.text.actAESEncryptionRound)
                  00006cd2    00000002     Csm.o (.text.Csm_CallbackNotification)
                  00006cd4    000000e2     actBNReduce.o (.text.actBNReduce)
                  00006db6    000000e0     Crypto_30_Hwa_Mac.o (.text.Crypto_30_Hwa_ProcessCmacJob)
                  00006e96    000000e0     Crypto_30_LibCv.o (.text.Crypto_30_LibCv_CancelJob)
                  00006f76    000000de     KeyM_Cert.o (.text.KeyM_Cert_AppendCRE)
                  00007054    000000dc     KeyM_Asn1.o (.text.KeyM_Asn1_ParseApplicationTag)
                  00007130    000000da     Crypto_30_LibCv_KeyDerive.o (.text.Crypto_30_LibCv_Local_Kdf_HandleInputParams)
                  0000720a    00000002     Fee_Processing.o (.text.Fee_ActFinalizeChunkLinkWrite)
                  0000720c    000000d8     actECTools.o (.text.actParseSpeedUpExtension)
                  000072e4    000000d8     vHsm_Ipc.o (.text.vHsm_Ipc_TransmitJobResponse)
                  000073bc    000000d6     Crypto_30_LibCv_KeyManagement.o (.text.Crypto_30_LibCv_KeyElementCopyPartial)
                  00007492    000000d6     Crypto_30_LibCv_KeyManagement.o (.text.Crypto_30_LibCv_SheKeyUpdateGenM4M5)
                  00007568    000000d6     KeyM_Asn1.o (.text.KeyM_Asn1_ParseToCertStructure)
                  0000763e    000000d6     actECPoint.o (.text.actECPToAffineFromMont)
                  00007714    000000d4     Crypto_30_GVCS.o (.text.Crypto_30_GVCS_ProcessDclStorage)
                  000077e8    000000d2     KeyM_Asn1.o (.text.KeyM_Asn1_ParseCertKeyUsage)
                  000078ba    000000d0     actIAES.o (.text.actAESEncrypt)
                  0000798a    00000002     Fee_Processing.o (.text.Fee_ActFinalizeInstanceCopy)
                  0000798c    000000ce     Crypto_30_GVCS.o (.text.Crypto_30_GVCS_SearchCertificate)
                  00007a5a    000000ce     actECTools.o (.text.actECParseDomain)
                  00007b28    000000cc     Crypto_30_LibCv_KeyDerive.o (.text.Crypto_30_LibCv_Local_Kdf_CallPRF)
                  00007bf4    000000ca     Crypto_30_Hwa_Cipher.o (.text.Crypto_30_Hwa_AesEncUpdate)
                  00007cbe    00000002     Fee_Processing.o (.text.Fee_ActFinalizeInstanceWrite)
                  00007cc0    000000ca     KeyM_Asn1.o (.text.KeyM_Asn1_GetStaticStructurePath)
                  00007d8a    000000ca     KeyM_Cert.o (.text.KeyM_Cert_GetSignatureElement_X509_ECDSA)
                  00007e54    000000ca     vHsm_Core_SecureBoot.o (.text.vHsm_Core_SecureBoot_HandleComputedTag)
                  00007f1e    000000c8     Crypto_30_LibCv.o (.text.Crypto_30_LibCv_DispatchJob)
                  00007fe6    00000002     Fee_Processing.o (.text.Fee_ActNop)
                  00007fe8    000000c8     Crypto_30_LibCv_KeyManagement.o (.text.Crypto_30_LibCv_KeyCopy)
                  000080b0    000000c8     Fee_Processing.o (.text.Fee_Internal_ValidateChunkLinkInContext)
                  00008178    000000c8     KeyM_Cert.o (.text.KeyM_Cert_SetCertificateInGroup)
                  00008240    000000c8     actCTRDRBG.o (.text.actAesCtrDrbgBcc)
                  00008308    000000c8     actIRSAExp.o (.text.actRSAExponentiation)
                  000083d0    000000c6     Crypto_30_LibCv_KeyManagement.o (.text.Crypto_30_LibCv_SheKeyUpdateExtractKey)
                  00008496    00000002     Fee_Processing.o (.text.Fee_ActUpdateLut)
                  00008498    000000c6     vstdlib.o (.text.VStdLib_Loc_MemCmp_32_Unaligned)
                  0000855e    00000002     Fls_30_vMemAccM_StateMachine.o (.text.Fls_30_vMemAccM_StateMachine_StateIdle)
                  00008560    000000c4     KeyM_Cert.o (.text.KeyM_Cert_ChainCpyToDataBuffer)
                  00008624    000000c2     Crypto_30_LibCv_Signature.o (.text.Crypto_30_LibCv_Dispatch_RsaPkcs1Verify)
                  000086e6    000000c2     Csm.o (.text.Csm_Hash)
                  000087a8    000000c2     Csm.o (.text.Csm_MacVerify)
                  0000886a    000000c2     Csm.o (.text.Csm_SignatureVerify)
                  0000892c    000000c2     Fee_Processing.o (.text.Fee_ActSetupJobProcessing)
                  000089ee    00000002     NvM_Act.o (.text.NvM_ActNop)
                  000089f0    000000c2     KeyM_Cert.o (.text.KeyM_Cert_GetSubjectCommonName)
                  00008ab2    00000002     NvM_Crc.o (.text.NvM_Crc_NoCrc_Calculate)
                  00008ab4    000000c2     KeyM_Cert.o (.text.KeyM_Cert_ParseCRL)
                  00008b76    00000002     NvM_Crc.o (.text.NvM_Crc_NoCrc_CopyToBuffer)
                  00008b78    000000c0     Crypto_30_Hwa_Hw.o (.text.Crypto_30_Hwa_Hw_Sha2ProcessBlocks)
                  00008c38    000000c0     Crypto_30_LibCv_Random.o (.text.Crypto_30_LibCv_AesCtrDrbgSeed_With_Ws)
                  00008cf8    000000c0     Csm.o (.text.Csm_CancelJob)
                  00008db8    000000be     Crypto_30_Hwa_Hw.o (.text.Crypto_30_Hwa_Hw_ToGlobalAddress)
                  00008e76    000000be     Crypto_30_LibCv_KeyManagement.o (.text.Crypto_30_LibCv_KeyElementCopy)
                  00008f34    000000be     KeyM_Cert.o (.text.KeyM_Cert_FormatECDSASignature)
                  00008ff2    000000be     KeyM_Cert.o (.text.KeyM_Cert_GetElementByStructureType)
                  000090b0    000000be     KeyM_Cert.o (.text.KeyM_Cert_StateNotifyValidateChain)
                  0000916e    000000ba     Crypto_30_LibCv_Cipher.o (.text.Crypto_30_LibCv_DispatchCipherAesDecryptStart)
                  00009228    000000ba     Crypto_30_LibCv_Cipher.o (.text.Crypto_30_LibCv_DispatchCipherAesEncryptStart)
                  000092e2    000000ba     Csm.o (.text.Csm_Decrypt)
                  0000939c    000000ba     Csm.o (.text.Csm_Encrypt)
                  00009456    000000ba     Csm.o (.text.Csm_MacGenerate)
                  00009510    000000ba     KeyM_Cert.o (.text.KeyM_Cert_StateSignatureVerify)
                  000095ca    00000002     NvM_MemIfAbstraction.o (.text.NvM_MemIfAbstraction_Init)
                  000095cc    000000ba     KeyM.o (.text.KeyM_CertificateElementGetByIndex)
                  00009686    000000ba     NvM.o (.text.NvM_RestoreBlockDefaults)
                  00009740    000000b8     Crypto_30_LibCv_Random.o (.text.Crypto_30_LibCv_Local_RandomSeed)
                  000097f8    000000b8     KeyM_Cert.o (.text.KeyM_Cert_IdentifyInvalidChain)
                  000098b0    000000b8     KeyM_Cert.o (.text.KeyM_Cert_ServiceCertUpdateTriggerVerification)
                  00009968    000000b8     KeyM_Cert.o (.text.KeyM_Cert_StateSetKeyCVCECC)
                  00009a20    000000b8     actSHA2_32.o (.text.actSHA2_32_Update)
                  00009ad8    000000b8     vHsm_Core.o (.text.vHsm_Core_ProcessJob)
                  00009b90    000000b6     Crypto_30_LibCv_Random.o (.text.Crypto_30_LibCv_AesCtrDrbgSeedFirst)
                  00009c46    000000b6     Crypto_30_LibCv_Mac.o (.text.Crypto_30_LibCv_Dispatch_CmacAesVerify)
                  00009cfc    000000b6     KeyM_Asn1.o (.text.KeyM_Asn1_CheckParsedCertElements)
                  00009db2    00000002     NvM_Cfg.o (.text.NvM_MultiBlockCbk)
                  00009db4    000000b6     KeyM_Cert.o (.text.KeyM_NvBlock_ReadFromBlock_Copy)
                  00009e6a    000000b4     Crypto_30_LibCv_Mac.o (.text.Crypto_30_LibCv_Dispatch_CmacAesGenerate)
                  00009f1e    00000002     NvM_Cfg.o (.text.NvM_NotifyLossOfRedundancy)
                  00009f20    000000b4     Crypto_30_LibCv_KeyManagement.o (.text.Crypto_30_LibCv_SheKeyUpdateCheckUid)
                  00009fd4    000000b4     KeyM_Asn1.o (.text.KeyM_Asn1_ParseCertBasicConstraints)
                  0000a088    000000b4     KeyM_Asn1.o (.text.KeyM_Asn1_SetStringTagType)
                  0000a13c    000000b4     NvM_Act.o (.text.NvM_ActInitBlock)
                  0000a1f0    000000b2     Fee_Processing.o (.text.Fee_ActInitDataChunkAllocCopyFsm)
                  0000a2a2    000000b0     Crypto_30_LibCv.o (.text.Crypto_30_LibCv_Local_DetChecksServiceValues_All)
                  0000a352    000000b0     Fee_Processing.o (.text.Fee_ActInitCreateInstanceFsm)
                  0000a402    000000b0     ESLib_DRBG.o (.text.esl_getStateCTRDRBG)
                  0000a4b2    00000002     libclang_rt.builtins.a : aeabi_div0.c.obj (.text.__aeabi_ldiv0)
                  0000a4b4    000000b0                            : udivmoddi4.S.obj (.text)
                  0000a564    000000ae     Crypto_30_LibCv_KeyManagement.o (.text.Crypto_30_LibCv_SheKeyUpdateVerifyAndExtract)
                  0000a612    00000002     mFee_Drv.o (.text.mFee_SetMode)
                  0000a614    000000ac     ARMBrsHw_CortexM.o (.text.BrsHwDisableInterruptAtPowerOn)
                  0000a6c0    000000ac     Crypto_30_LibCv.o (.text.Crypto_30_LibCv_Init_Key)
                  0000a76c    000000ac     Fee_ChunkInfo.o (.text.Fee_ChunkInfo_EvaluateHeaderData)
                  0000a818    000000ac     KeyM_Cert.o (.text.KeyM_Cert_ProcessCertificateState)
                  0000a8c4    000000ac     KeyM_Cert.o (.text.KeyM_Cert_StateNotifyValidateChainIncomplete)
                  0000a970    000000ac     KeyM_Cert.o (.text.KeyM_Cert_StateStore)
                  0000aa1c    000000ac     NvM.o (.text.NvM_WriteBlock)
                  0000aac8    000000ac     actECPoint.o (.text.actECPSimMult)
                  0000ab74    000000ac     vHsm_Core_SecureBoot.o (.text.vHsm_Core_DispatchSecureBoot)
                  0000ac20    000000aa     Stubs.o (.text.Appl_CertificateElementVerificationCallout)
                  0000acca    000000aa     KeyM_Cert.o (.text.KeyM_Cert_SetCertificate)
                  0000ad74    000000aa     vstdlib.o (.text.VStdLib_Loc_MemCpy_8_31)
                  0000ae1e    000000a8     Crypto_30_Hwa_Hash.o (.text.Crypto_30_Hwa_Sha2Update)
                  0000aec6    000000a8     ESLib_DSAEcP.o (.text.esl_verifyDSAEcP_prim)
                  0000af6e    000000a6     Fee_ChunkInfo.o (.text.Fee_ChunkInfo_CreateFromRawData)
                  0000b014    000000a6     actIRSAExp.o (.text.actRSAInitExponentiation)
                  0000b0ba    00000002     vHsm_Core_SecureBoot.o (.text.vHsm_Core_SecureBoot_PrintState)
                  0000b0bc    000000a6     mFee_Drv.o (.text.mFee_DrvInit)
                  0000b162    00000002     vHsm_Callout_Stubs.o (.text.vHsm_FirstStartup_Callout)
                  0000b164    000000a4     Crypto_30_LibCv.o (.text.Crypto_30_LibCv_Init)
                  0000b208    000000a4     Crypto_30_LibCv_KeyManagement.o (.text.Crypto_30_LibCv_SheKeyUpdateCheckM1Ids)
                  0000b2ac    000000a4     KeyM_Cert.o (.text.KeyM_Cert_GetDynamicIssuerCertId)
                  0000b350    000000a4     KeyM_Cert.o (.text.KeyM_Cert_StateParseCert)
                  0000b3f4    000000a4     NvM_Queue.o (.text.NvM_QueueJob)
                  0000b498    000000a4     vHsm_Callout_Stubs.o (.text.sa2ul_get_dkek)
                  0000b53c    000000a2     Crypto_30_LibCv_Cipher.o (.text.Crypto_30_LibCv_DispatchCipherAesKey)
                  0000b5de    000000a2     Csm.o (.text.Csm_GetJobObj)
                  0000b680    000000a2     KeyM_Cert.o (.text.KeyM_Cert_SearchCert)
                  0000b722    000000a0     Fee_ChunkInfo.o (.text.Fee_ChunkInfo_InitFromLinkData)
                  0000b7c2    00000002     vHsm_Hal.o (.text.vHsm_Hal_HandleResetInfo)
                  0000b7c4    000000a0     KeyM_Asn1.o (.text.KeyM_Asn1_MatchCfgElement)
                  0000b864    0000009e     Crypto_30_Hwa_Cipher.o (.text.Crypto_30_Hwa_AesEncFinish)
                  0000b902    0000009e     Crypto_30_Hwa.o (.text.Crypto_30_Hwa_ProcessJob)
                  0000b9a0    0000009e     Crypto_30_LibCv.o (.text.Crypto_30_LibCv_SearchService)
                  0000ba3e    0000009e     NvM.o (.text.NvM_SetRamBlockStatus)
                  0000badc    0000009e     actECTools.o (.text.actParseSkipUntilFieldPrime)
                  0000bb7a    0000009e     ESLib_RSA_V15_Ver_SHA256.o (.text.esl_verifySigVerifyRSASHA256_V15)
                  0000bc18    0000009e     vHsm_Core_SecureBoot.o (.text.vHsm_Core_SecureBoot_SetSegmentInfoNvM)
                  0000bcb6    00000002     vHsm_Hal.o (.text.vHsm_Hal_Init)
                  0000bcb8    0000009c     Crypto_30_LibCv_KeyManagement.o (.text.Crypto_30_LibCv_SheKeyUpdateMiyaguchiPreneel)
                  0000bd54    0000009c     Fee_Processing.o (.text.Fee_ActEvaluateChunkHopping)
                  0000bdf0    0000009c     actAES.o (.text.actAESProcessMultipleBlocksCTR)
                  0000be8c    0000009c     actECPoint.o (.text.actECPointIsOnCurve)
                  0000bf28    0000009a     Crypto_30_Hwa_Mac.o (.text.Crypto_30_Hwa_CmacUpdate)
                  0000bfc2    0000009a     vMemAccM.o (.text.vMemAccM_Write)
                  0000c05c    00000098     Crypto_30_Hwa_Hw.o (.text.Crypto_30_Hwa_Hw_Sha2Start)
                  0000c0f4    00000098     Crypto_30_LibCv_KeyManagement.o (.text.Crypto_30_LibCv_KeyDerive)
                  0000c18c    00000098     Crypto_30_LibCv_KeyManagement.o (.text.Crypto_30_LibCv_Local_KeyElementCopy)
                  0000c224    00000098     Crypto_30_LibCv_KeyManagement.o (.text.Crypto_30_LibCv_Local_KeyElementGetLengthCheck)
                  0000c2bc    00000098     Fee_Sector.o (.text.Fee_Sector_evaluateHeaderData)
                  0000c354    00000098     KeyM_Cert.o (.text.KeyM_Cert_LoadCertificateFromCsm)
                  0000c3ec    00000098     actAES.o (.text.actAESTransform)
                  0000c484    00000096     Crypto_30_Hwa_Cipher.o (.text.Crypto_30_Hwa_AesDecFinish)
                  0000c51a    00000002     vHsm_Hal.o (.text.vHsm_Hal_SystemInit)
                  0000c51c    00000096     Crypto_30_Hwa_Hw.o (.text.Crypto_30_Hwa_Hw_MemRand)
                  0000c5b2    00000096     KeyM_Asn1.o (.text.KeyM_Asn1_CheckCertElementPath)
                  0000c648    00000096     KeyM_Cert.o (.text.KeyM_Cert_SearchSubjectCommonNameDataInGroup)
                  0000c6de    00000096     vHsm_Core_SecureBoot.o (.text.vHsm_Core_SecureBoot_MainFunction)
                  0000c774    00000094     Crypto_30_GVCS.o (.text.Crypto_30_GVCS_ProcessJob)
                  0000c808    00000094     Crypto_30_Hwa_Cipher.o (.text.Crypto_30_Hwa_AesStart)
                  0000c89c    00000094     actIAES.o (.text.actAESDecryptBlock)
                  0000c930    00000094     actBNModExp.o (.text.actBNModExp)
                  0000c9c4    00000092     Crypto_30_LibCv.o (.text.Crypto_30_LibCv_Local_DetChecksServiceValues)
                  0000ca56    00000092     Fee_Processing.o (.text.Fee_Internal_ApplGetNextBlockToCopy)
                  0000cae8    00000092     KeyM_Asn1.o (.text.KeyM_Asn1_UpdateStructurePath)
                  0000cb7a    00000002     vHsm_KeyM.o (.text.vHsm_KeyM_Init)
                  0000cb7c    00000092     KeyM_Cert.o (.text.KeyM_Cert_IsLowerCertAvailable)
                  0000cc0e    00000092     mFee_Drv.o (.text.mFee_Write)
                  0000cca0    00000092     vMemAccM.o (.text.vMemAccM_Compare)
                  0000cd32    00000092     vMemAccM.o (.text.vMemAccM_Read)
                  0000cdc4    00000090     Crypto_30_Hwa.o (.text.Crypto_30_Hwa_CancelJob)
                  0000ce54    00000090     Fee_Processing.o (.text.Fee_InternalInitSectorSwitchFsm)
                  0000cee4    00000090     KeyM_Cert.o (.text.KeyM_Cert_StateSetKeyRSA)
                  0000cf74    00000090     actCTRDRBG.o (.text.actAesCtrDrbgGenerateSetInput)
                  0000d004    0000008e     Crypto_30_LibCv.o (.text.Crypto_30_LibCv_Process)
                  0000d092    0000008e     KeyM_Cert.o (.text.KeyM_Cert_CertElementGet)
                  0000d120    0000008e     KeyM_Cert.o (.text.KeyM_Cert_ServiceCertUpdateStatus)
                  0000d1ae    0000008e     KeyM.o (.text.KeyM_VerifyCertificates)
                  0000d23c    0000008e     MemIf.o (.text.MemIf_GetStatus)
                  0000d2ca    0000008e     actCTRDRBG.o (.text.actAesCtrDrbgGenerate)
                  0000d358    0000008e     actCTRDRBG.o (.text.actAesCtrDrbgInstantiation)
                  0000d3e6    0000008e     actECTools.o (.text.actParseCurveParameters)
                  0000d474    0000008e     vHsm_Callout_Stubs.o (.text.tisci_configure_firewalls)
                  0000d502    0000008c     Fee_Partition.o (.text.Fee_Partition_initSector)
                  0000d58e    0000008c     KeyM_Asn1.o (.text.KeyM_Asn1_GetCertStructureByStructurePath)
                  0000d61a    0000008c     KeyM_Cert.o (.text.KeyM_Cert_CertElementGetFirstInitializeIterator)
                  0000d6a6    0000008c     KeyM_Cert.o (.text.KeyM_Cert_ParseTime)
                  0000d732    00000002     vHsm_Callout_Stubs.o (.text.vHsm_NvM_InvalidBlockDetected_Callout)
                  0000d734    0000008c     KeyM_Cert.o (.text.KeyM_Cert_VerifyCertElementsCallout)
                  0000d7c0    0000008c     ESLib_DRBG.o (.text.esl_initialSeed_CTRDRBG)
                  0000d84c    0000008c     vMemAccM.o (.text.vMemAccM_Erase)
                  0000d8d8    0000008a     Crypto_30_Hwa_Random.o (.text.Crypto_30_Hwa_TrngBufReadElement)
                  0000d962    0000008a     Crypto_30_LibCv_Mac.o (.text.Crypto_30_LibCv_InitializeCmacAes)
                  0000d9ec    0000008a     KeyM_Cert.o (.text.KeyM_Cert_CertificateElementGetCount)
                  0000da76    00000002     vHsm_Callout_Stubs.o (.text.vHsm_NvM_ProcessBlock_Callout)
                  0000da78    0000008a     KeyM_Cert.o (.text.KeyM_Cert_VerifyGroup)
                  0000db02    0000008a     NvM_Act.o (.text.NvM_ActFinishMainJob)
                  0000db8c    0000008a     NvM_Act.o (.text.NvM_ActFinishWriteBlock)
                  0000dc16    0000008a     vMemAccM_Sched.o (.text.vMemAccM_SchedQueueJobInternal)
                  0000dca0    00000088     Crypto_30_GVCS.o (.text.Crypto_30_GVCS_CopyPublicKey)
                  0000dd28    00000088     Crypto_30_LibCv_Random.o (.text.Crypto_30_LibCv_DispatchRandomNistDrbgAesGeneratePrepare)
                  0000ddb0    00000088     Crypto_30_LibCv_KeyDerive.o (.text.Crypto_30_LibCv_Local_KeyDerive_Nist800108NistFips1864_WS)
                  0000de38    00000088     KeyM.o (.text.KeyM_CertElementGetFirst)
                  0000dec0    00000088     KeyM_Cert.o (.text.KeyM_Cert_ServiceCertUpdateData)
                  0000df48    00000088     KeyM_Cert.o (.text.KeyM_Cert_VerifyCertificate)
                  0000dfd0    00000088     KeyM.o (.text.KeyM_ServiceCertificate)
                  0000e058    00000088     vstdlib.o (.text.VStdLib_Loc_MemCpy_32_Aligned)
                  0000e0e0    00000088     ESLib_DRBG.o (.text.esl_getBytesCTRDRBG)
                  0000e168    00000088     vHsm_Core_SecureBoot.o (.text.vHsm_Core_SecureBoot_ParseSl)
                  0000e1f0    00000086     Crypto_30_Hwa_Hw.o (.text.Crypto_30_Hwa_Hw_Sa3ulSetupTxPacket)
                  0000e276    00000086     Crypto_30_LibCv_KeyManagement.o (.text.Crypto_30_LibCv_Local_KeyElementSetInternal)
                  0000e2fc    00000086     Crypto_30_LibCv_KeyManagement.o (.text.Crypto_30_LibCv_SheKeyUpdate)
                  0000e382    00000086     Fee_Processing.o (.text.Fee_InternalScheduleProcess)
                  0000e408    00000086     KeyM_Remote.o (.text.KeyM_Remote_DispatchRemoteJob)
                  0000e48e    00000084     Crypto_30_Hwa_Hash.o (.text.Crypto_30_Hwa_ProcessSha2)
                  0000e512    00000002     vHsm_Callout_Stubs.o (.text.vHsm_TriggerSoftwareReset_Callout)
                  0000e514    00000084     Crypto_30_LibCv_KeyManagement.o (.text.Crypto_30_LibCv_KeyElementIdsGet)
                  0000e598    00000084     KeyM_Cert.o (.text.KeyM_Cert_CheckChainStorage)
                  0000e61c    00000084     KeyM_Cert.o (.text.KeyM_Cert_LoadCertificateInitValue)
                  0000e6a0    00000084     KeyM_Cert.o (.text.KeyM_Cert_VerifyCertBasicConstraints)
                  0000e724    00000084     actIAES.o (.text.actAESEncryptBlock)
                  0000e7a8    00000084     actCTRDRBG.o (.text.actAesCtrDrbgEncryptBlock)
                  0000e82c    00000084     vMemAccM.o (.text.vMemAccM_IsBlank)
                  0000e8b0    00000082     Crypto_30_GVCS.o (.text.Crypto_30_GVCS_ProcessHeaderOnly)
                  0000e932    00000082     Crypto_30_LibCv_KeyManagement.o (.text.Crypto_30_LibCv_Local_KeyElementCopy_RightsCheck)
                  0000e9b4    00000082     KeyM_Cert.o (.text.KeyM_Cert_GetPubKeyElementsRSA)
                  0000ea36    00000002     --HOLE-- [fill = 0]
                  0000ea38    00000082     actBNReduce.o (.text.actBNReduceLengthCheck)
                  0000eaba    00000002     --HOLE-- [fill = 0]
                  0000eabc    00000082     actBigNum.o (.text.actBNSetOctetString)
                  0000eb3e    00000002     --HOLE-- [fill = 0]
                  0000eb40    00000082     actBigNum.o (.text.actBNSetOctetStringROM)
                  0000ebc2    00000080     Crypto_30_GVCS.o (.text.Crypto_30_GVCS_ValidateSd15HeaderWithoutFileData)
                  0000ec42    00000080     Crypto_30_LibCv_Random.o (.text.Crypto_30_LibCv_Local_RandomSeed_NistDrbgAes_With_Ws)
                  0000ecc2    00000080     Fee_Processing.o (.text.Fee_ActFinalizeJob)
                  0000ed42    00000002     --HOLE-- [fill = 0]
                  0000ed44    00000080     Fee.o (.text.Fee_InitEx)
                  0000edc4    00000080     Fee_Processing.o (.text.Fee_Internal_FblGetNextBlockToCopy)
                  0000ee44    00000080     KeyM_Cert.o (.text.KeyM_Cert_IsCRESet)
                  0000eec4    00000080     KeyM_Cert.o (.text.KeyM_Cert_IsCertElementFound)
                  0000ef44    00000080     KeyM_Cert.o (.text.KeyM_Cert_ServiceCertificateById)
                  0000efc4    00000080     KeyM_Cert.o (.text.KeyM_Cert_VerifyCertificateChain)
                  0000f044    00000080     KeyM_Cert.o (.text.KeyM_NvBlock_Init)
                  0000f0c4    00000080     KeyM.o (.text.KeyM_ServiceCertificateById)
                  0000f144    00000080     NvM_Act.o (.text.NvM_ActFinishReadBlock)
                  0000f1c4    00000080     actAES.o (.text.actAESMakeDecryptionKey)
                  0000f244    0000007e     actCMACAES.o (.text.actCMACAESProcess)
                  0000f2c2    0000007e     actSHA2_32.o (.text.actSHA2_32_Finalize)
                  0000f340    0000007e     ESLib_AES128dec.o (.text.esl_finalizeDecryptAES128)
                  0000f3be    00000002     --HOLE-- [fill = 0]
                  0000f3c0    0000007e     vHsm_Ipc.o (.text.vHsm_Ipc_Init)
                  0000f43e    0000007e     vHsm_Core_SecureBoot.o (.text.vHsm_SecureBoot_GetTagAvailablePtrOfSegmentInfo)
                  0000f4bc    0000007c     Crypto_30_LibCv_KeyManagement.o (.text.Crypto_30_LibCv_SheKeyUpdateProofM4M5)
                  0000f538    0000007c     Fee_Processing.o (.text.Fee_InternalDoWriteStreamFirst)
                  0000f5b4    0000007c     Fee_Processing.o (.text.Fee_InternalInitSearchForNfaFsm)
                  0000f630    0000007c     KeyM_Asn1.o (.text.KeyM_Asn1_StoreRawDataInfo)
                  0000f6ac    0000007c     KeyM_Cert.o (.text.KeyM_Cert_ServiceCertUpdate)
                  0000f728    0000007c     actPadding.o (.text.actPaddingUnpad)
                  0000f7a4    0000007c     vHsm.o (.text.vHsm_MainFunction)
                  0000f820    0000007a     BrsMainStartup.o (.text.Brs_MemoryInit)
                  0000f89a    00000002     --HOLE-- [fill = 0]
                  0000f89c    0000007a     Crypto_30_Hwa_Hw.o (.text.Crypto_30_Hwa_Hw_Sa3ulCopyPSOutput)
                  0000f916    00000002     --HOLE-- [fill = 0]
                  0000f918    0000007a     Crypto_30_Hwa_Random.o (.text.Crypto_30_Hwa_MemRandSlicing)
                  0000f992    00000002     --HOLE-- [fill = 0]
                  0000f994    0000007a     KeyM_Asn1.o (.text.KeyM_Asn1_ParseAsn1BitString)
                  0000fa0e    0000007a     KeyM_Asn1.o (.text.KeyM_Asn1_ParseConstructedTag)
                  0000fa88    0000007a     KeyM_Cert.o (.text.KeyM_Cert_VerifyCertificatesAtStartUp)
                  0000fb02    00000002     --HOLE-- [fill = 0]
                  0000fb04    0000007a     KeyM_Remote.o (.text.KeyM_Remote_DispatchRemoteKeyElementGet)
                  0000fb7e    00000002     --HOLE-- [fill = 0]
                  0000fb80    0000007a     NvM.o (.text.NvM_MainFunction)
                  0000fbfa    00000002     --HOLE-- [fill = 0]
                  0000fbfc    0000007a     vstdlib.o (.text.VStdLib_Loc_MemSet_32_Aligned)
                  0000fc76    0000007a     actECTools.o (.text.actParseFieldConstants)
                  0000fcf0    00000078     Fee_Processing.o (.text.Fee_ActInitializeBlockCopy)
                  0000fd68    00000078     KeyM_Asn1.o (.text.KeyM_Asn1_ParseProcessing)
                  0000fde0    00000078     KeyM_Cert.o (.text.KeyM_Cert_CheckRevocationByCRE)
                  0000fe58    00000078     NvM_Act.o (.text.NvM_ActRestoreRomDefaults)
                  0000fed0    00000078     ESLib_RSA_V15_Ver_SHA256.o (.text.esl_initVerifyRSASHA256_V15)
                  0000ff48    00000078     vHsm_Core_SecureBoot.o (.text.vHsm_Core_SecureBoot_AutostartGroups)
                  0000ffc0    00000078     vHsm_JobProcessor.o (.text.vHsm_JobProcessor_ExecuteCryptoJob)
                  00010038    00000076     Crypto_30_Hwa_Cipher.o (.text.Crypto_30_Hwa_GetAesKey)
                  000100ae    00000076     Crypto_30_Hwa_Random.o (.text.Crypto_30_Hwa_ProcessTrngJob)
                  00010124    00000076     Crypto_30_KeyM.o (.text.Crypto_30_KeyM_ProcessJob)
                  0001019a    00000002     --HOLE-- [fill = 0]
                  0001019c    00000076     KeyM_Cert.o (.text.KeyM_Cert_GetPubKeyElementsECC)
                  00010212    00000002     --HOLE-- [fill = 0]
                  00010214    00000076     vMemAccM_StateMachines.o (.text.vMemAccM_SMCompareWaitExit)
                  0001028a    00000002     --HOLE-- [fill = 0]
                  0001028c    00000074     Crypto_30_Hwa_Mac.o (.text.Crypto_30_Hwa_CmacFinish)
                  00010300    00000074     KeyM_Asn1.o (.text.KeyM_Asn1_GetNestingLevelOfCertElement)
                  00010374    00000074     KeyM_Cert.o (.text.KeyM_Cert_CertDeleteTempData)
                  000103e8    00000074     KeyM_Cert.o (.text.KeyM_Cert_CheckChainStorageInternal)
                  0001045c    00000074     KeyM_Cert.o (.text.KeyM_Cert_ServiceCertUpdatePrepare)
                  000104d0    00000074     vHsm_Ipc.o (.text.vHsm_Ipc_SendImmediateResponse)
                  00010544    00000074     vHsm_Core_SecureBoot.o (.text.vHsm_SecureBoot_GetTagOfSegmentInfo)
                  000105b8    00000072     KeyM_Cert.o (.text.KeyM_Cert_CertElementGetNextUpdateIterator)
                  0001062a    00000072     KeyM_Cert.o (.text.KeyM_Cert_CmpDistinguishedNamesByElement)
                  0001069c    00000072     KeyM_Cert.o (.text.KeyM_NvBlock_WriteToBlock_Copy)
                  0001070e    00000072     NvM_Act.o (.text.NvM_BlockNotification)
                  00010780    00000072     NvM_DataIntegrity.o (.text.NvM_DataIntegrity_CreateGenerateJob)
                  000107f2    00000072     NvM_DataIntegrity.o (.text.NvM_DataIntegrity_CreateValidateJob)
                  00010864    00000072     NvM_Qry.o (.text.NvM_QrySyncDecrypt)
                  000108d6    00000002     --HOLE-- [fill = 0]
                  000108d8    00000072     actAES.o (.text.actAESEncryptMultipleBlocksCBC)
                  0001094a    00000002     --HOLE-- [fill = 0]
                  0001094c    00000072     actBigNum.o (.text.actBNOctetString)
                  000109be    00000072     ESLib_RSAprim_ver.o (.text.esl_initVerifyRSA_prim)
                  00010a30    00000072     mFee_Drv.o (.text.mFee_Read)
                  00010aa2    00000072     vHsm_Core_SecureBoot.o (.text.vHsm_Core_SecureBoot_GetSegmentInfo)
                  00010b14    00000070     Crypto_30_Hwa_Hw.o (.text.Crypto_30_Hwa_Hw_KeyElementSet)
                  00010b84    00000070     KeyM.o (.text.KeyM_CertStructureGet)
                  00010bf4    00000070     KeyM_Cert.o (.text.KeyM_Cert_IsCertRevoked)
                  00010c64    00000070     NvM_Crc.o (.text.NvM_Crc_SetupJob)
                  00010cd4    00000070     ESLib_DRBG.o (.text.esl_seedCTRDRBG)
                  00010d44    00000070     ESLib_RSAprim_ver.o (.text.esl_verifyRSA_prim)
                  00010db4    00000070     vHsm_Core_SecureBoot.o (.text.vHsm_Core_SecureBoot_CheckGroupValidity)
                  00010e24    00000070     vHsm_Ipc.o (.text.vHsm_Ipc3_ParseInputPtr)
                  00010e94    00000070     vHsm_JobProcessor.o (.text.vHsm_JobProcessor_MainFunction)
                  00010f04    0000006e     Crypto_30_Hwa_Hw.o (.text.Crypto_30_Hwa_Hw_InitPktDma)
                  00010f72    00000002     --HOLE-- [fill = 0]
                  00010f74    0000006e     Crypto_30_Hwa.o (.text.Crypto_30_Hwa_Local_DetChecksServiceValues)
                  00010fe2    00000002     --HOLE-- [fill = 0]
                  00010fe4    0000006e     Crypto_30_Hwa_Crypto.o (.text.Crypto_30_Hwa_MacCompare)
                  00011052    0000006e     Crypto_30_LibCv_Random.o (.text.Crypto_30_LibCv_Local_Get_And_Set_NistDrbgAesState)
                  000110c0    0000006e     Crypto_30_LibCv_KeyDerive.o (.text.Crypto_30_LibCv_Local_Kdf_HandleInputParams_Salt)
                  0001112e    00000002     --HOLE-- [fill = 0]
                  00011130    0000006e     Crypto_30_LibCv_Random.o (.text.Crypto_30_LibCv_RandomNistDrbgAes_Set_Mode_And_SeedLength)
                  0001119e    0000006e     KeyM_Cert.o (.text.KeyM_Cert_CheckRevocationByCRL)
                  0001120c    0000006e     KeyM_Cert.o (.text.KeyM_Cert_StateNotifyFinish)
                  0001127a    0000006e     KeyM_Cert.o (.text.KeyM_Cert_TriggerStateAfterCertElementVerification)
                  000112e8    0000006e     NvM_Act.o (.text.NvM_ActProcessEncryptionJob)
                  00011356    0000006e     NvM.o (.text.NvM_GetErrorStatus)
                  000113c4    0000006e     actCMACAES.o (.text.actCMACAESGenerateSubKey)
                  00011432    00000002     --HOLE-- [fill = 0]
                  00011434    0000006e     vHsm_Core_SecureBoot.o (.text.vHsm_Core_SecureBoot_SBU_CheckGroupSegmentModeConsistency)
                  000114a2    00000002     --HOLE-- [fill = 0]
                  000114a4    0000006e     vHsm_Custom.o (.text.vHsm_Custom_ProcessJob)
                  00011512    0000006e     vHsm_Ipc.o (.text.vHsm_Ipc_SetKeyMJobData)
                  00011580    0000006c     Fee_Processing.o (.text.Fee_ActInitWriteProcessingFsm)
                  000115ec    0000006c     KeyM_Asn1.o (.text.KeyM_Asn1_GetLength)
                  00011658    0000006c     KeyM_Cert.o (.text.KeyM_Cert_GetElementByStructureTypeAndOid)
                  000116c4    0000006c     KeyM.o (.text.KeyM_SetCRE)
                  00011730    0000006c     KeyM.o (.text.KeyM_SetCertificateInGroup)
                  0001179c    0000006c     vstdlib.o (.text.VStdLib_Loc_MemSet_8_31)
                  00011808    0000006c     actAES.o (.text.actAESDecryptMultipleBlocksCBC)
                  00011874    0000006c     actBNReduce.o (.text.actBNReduceInitialize)
                  000118e0    0000006c     ESLib_DRBG.o (.text.esl_restoreStateCTRDRBG)
                  0001194c    0000006c     vMemAccM_Sched.o (.text.vMemAccM_SchedQueueGetNextJob)
                  000119b8    0000006a     CryIf.o (.text.CryIf_CancelJob)
                  00011a22    0000006a     CryIf.o (.text.CryIf_ProcessJob)
                  00011a8c    0000006a     Crypto_30_Hwa_Cipher.o (.text.Crypto_30_Hwa_AesProcessBlocksSlicing)
                  00011af6    0000006a     Crypto_30_Hwa_Hw.o (.text.Crypto_30_Hwa_Hw_Sha2Finish)
                  00011b60    0000006a     KeyM.o (.text.KeyM_CertElementGetNext)
                  00011bca    00000002     --HOLE-- [fill = 0]
                  00011bcc    0000006a     actAES.o (.text.actAESDecryptMultipleBlocks)
                  00011c36    00000002     --HOLE-- [fill = 0]
                  00011c38    0000006a     actAES.o (.text.actAESEncryptMultipleBlocks)
                  00011ca2    00000002     --HOLE-- [fill = 0]
                  00011ca4    0000006a     vHsm_Core_SecureBoot.o (.text.vHsm_SecureBootStorage_NvBlockReadFromBlock)
                  00011d0e    00000068     Crypto_30_GVCS.o (.text.Crypto_30_GVCS_ValidateHeaderRsaSignature)
                  00011d76    00000002     --HOLE-- [fill = 0]
                  00011d78    00000068     Crypto_30_Hwa_Mac.o (.text.Crypto_30_Hwa_CmacSubKeyGeneration_k1)
                  00011de0    00000068     Crypto_30_KeyM.o (.text.Crypto_30_KeyM_KeyElementGet)
                  00011e48    00000068     Crypto_30_LibCv_Random.o (.text.Crypto_30_LibCv_Local_Set_NistDrbgState)
                  00011eb0    00000068     Crypto_30_LibCv_KeyManagement.o (.text.Crypto_30_LibCv_SheKeyUpdateDecrypt)
                  00011f18    00000068     Crypto_30_LibCv_KeyManagement.o (.text.Crypto_30_LibCv_SheKeyUpdateEncrypt)
                  00011f80    00000068     Fee_Processing.o (.text.Fee_ActSetupSectorSwitchSourceSearch)
                  00011fe8    00000068     KeyM_Asn1.o (.text.KeyM_Asn1_ParseCertBasicConstraintsHeader)
                  00012050    00000068     KeyM_Asn1.o (.text.KeyM_Asn1_ParsePrimitiveTag)
                  000120b8    00000068     KeyM_Cert.o (.text.KeyM_Cert_CertStructureGetReference)
                  00012120    00000068     KeyM_Cert.o (.text.KeyM_Cert_Parse)
                  00012188    00000068     KeyM_Cert.o (.text.KeyM_Cert_StateNotifyErrorHandling)
                  000121f0    00000068     vHsm_Core_SecureBoot.o (.text.vHsm_Core_SecureBoot_CheckErrors)
                  00012258    00000066     Fls_30_vMemAccM_FlsAccessor.o (.text.Fls_30_vMemAccM_FlsAccessor_RequestAsyncJob)
                  000122be    00000066     Fls_30_vMemAccM_Job.o (.text.Fls_30_vMemAccM_Job_ProcessNextJobStep)
                  00012324    00000066     KeyM_Cert.o (.text.KeyM_Cert_CertElementGetNextStaticChecks)
                  0001238a    00000066     KeyM_Cert.o (.text.KeyM_Cert_StateCheckSubject)
                  000123f0    00000066     ESLib_AES128dec.o (.text.esl_decryptAES128)
                  00012456    00000066     ESLib_AES128enc.o (.text.esl_encryptAES128)
                  000124bc    00000066     ESLib_AES128enc.o (.text.esl_finalizeEncryptAES128)
                  00012522    00000002     --HOLE-- [fill = 0]
                  00012524    00000064     Crypto_30_GVCS.o (.text.Crypto_30_GVCS_VerifyCertStorage)
                  00012588    00000064     Crypto_30_Hwa_Mac.o (.text.Crypto_30_Hwa_CmacProcessBlocksSlicing)
                  000125ec    00000064     Crypto_30_LibCv_KeyDerive.o (.text.Crypto_30_LibCv_Local_KeyDerive)
                  00012650    00000064     KeyM_Asn1.o (.text.KeyM_Asn1_ParseCertExtension)
                  000126b4    00000064     vstdlib.o (.text.VStdLib_MemCmp)
                  00012718    00000064     actCTRDRBG.o (.text.actAesCtrDrbgBlockUpdate)
                  0001277c    00000064     actIRSAExp.o (.text.actRSAInitExpCheckExponent)
                  000127e0    00000064     vHsm_Ipc.o (.text.vHsm_Ipc3_ParseCryptoKeyIds)
                  00012844    00000064     vHsm_KeyM.o (.text.vHsm_KeyM_HandleFlashOperation)
                  000128a8    00000064     vMemAccM_StateMachines.o (.text.vMemAccM_SMWriteIdleDo)
                  0001290c    00000062     Crypto_30_LibCv_KeyManagement.o (.text.Crypto_30_LibCv_KeyValidSet)
                  0001296e    00000062     Csm.o (.text.Csm_PrepareJobObj)
                  000129d0    00000062     Fee_ChunkInfo.o (.text.Fee_ChunkInfo_CheckHeaderConsistency)
                  00012a32    00000062     KeyM.o (.text.KeyM_CertElementGet)
                  00012a94    00000062     KeyM_Cert.o (.text.KeyM_Cert_GetDynamicIssuerCertIdByDN)
                  00012af6    00000002     --HOLE-- [fill = 0]
                  00012af8    00000062     KeyM_Cert.o (.text.KeyM_Cert_SearchElementByStructureType)
                  00012b5a    00000062     KeyM.o (.text.KeyM_GetIssuerCertId)
                  00012bbc    00000062     actBNOddInvModBase.o (.text.actBNOddInvModBase)
                  00012c1e    00000062     actPadding.o (.text.actPaddingPad)
                  00012c80    00000062     vHsm_Core_SecureBoot.o (.text.vHsm_Core_SecureBoot_PerformSanction)
                  00012ce2    00000062     vHsm_Ipc.o (.text.vHsm_Ipc_DetReportError)
                  00012d44    00000060     Crypto_30_LibCv.o (.text.Crypto_30_LibCv_Local_KeyListPreLockKeys)
                  00012da4    00000060     Csm.o (.text.Csm_KeyElementGet)
                  00012e04    00000060     Fee_Processing.o (.text.Fee_InternalInitLinkTableAllocationFsm)
                  00012e64    00000060     NvM_Act.o (.text.NvM_ActCopyNvDataToBuf)
                  00012ec4    00000060     NvM.o (.text.NvM_ReadAll)
                  00012f24    00000060     NvM.o (.text.NvM_WriteAll)
                  00012f84    00000060     vHsm_Core.o (.text.vHsm_Core_KeyElementSet)
                  00012fe4    00000060     vHsm_KeyM.o (.text.vHsm_KeyM_ProcessJob_SecondaryKeyCheck)
                  00013044    00000060     vMemAccM_CfgAb.o (.text.vMemAccM_CfgAbAddressAndLengthValid)
                  000130a4    0000005e     Crypto_30_GVCS.o (.text.Crypto_30_GVCS_PersistRollbackId)
                  00013102    0000005e     Crypto_30_LibCv_Cipher.o (.text.Crypto_30_LibCv_DispatchCipherAesDecryptFinish)
                  00013160    0000005e     Crypto_30_LibCv_Cipher.o (.text.Crypto_30_LibCv_DispatchCipherAesEncryptFinish)
                  000131be    0000005e     Crypto_30_LibCv_Random.o (.text.Crypto_30_LibCv_Local_Generate_NistDrbgAes)
                  0001321c    0000005e     Csm.o (.text.Csm_ProcessJob)
                  0001327a    0000005e     Fee_Processing.o (.text.Fee_ActCheckChunkConsistency)
                  000132d8    0000005e     Fee_Processing.o (.text.Fee_DoProcessing)
                  00013336    0000005e     Fee_Processing.o (.text.Fee_InternalDoWriteStreamThird)
                  00013394    0000005e     Fee_Processing.o (.text.Fee_Proc_InitReverseChunkSearchInSameSector)
                  000133f2    0000005e     KeyM_Cert.o (.text.KeyM_Cert_CheckIssuerValidity)
                  00013450    0000005e     KeyM_Cert.o (.text.KeyM_Cert_StateCheckTimeStamp)
                  000134ae    0000005e     actSHA2_32.o (.text.actSHA256Init)
                  0001350c    0000005c     Crypto_30_LibCv_KeyManagement.o (.text.Crypto_30_LibCv_KeyExchangeCalcPubVal)
                  00013568    0000005c     Crypto_30_LibCv_KeyDerive.o (.text.Crypto_30_LibCv_Local_Kdf_HandleInputParams_Salt_TargetKeyLength)
                  000135c4    0000005c     Crypto_30_LibCv_KeyManagement.o (.text.Crypto_30_LibCv_Local_KeyElementGetStorageIndexExtended)
                  00013620    0000005c     KeyM_Asn1.o (.text.KeyM_Asn1_SetCertKeyUsageBits)
                  0001367c    0000005c     KeyM.o (.text.KeyM_GetCertificate)
                  000136d8    0000005c     ESLib_AES128dec.o (.text.esl_initDecryptAES128)
                  00013734    0000005c     ESLib_AES128enc.o (.text.esl_initEncryptAES128)
                  00013790    0000005c     vMemAccM_StateMachines.o (.text.vMemAccM_SMCompareIdleDo)
                  000137ec    0000005a     BrsMainStartup.o (.text.Brs_ApplicationEntry)
                  00013846    0000005a     Crypto_30_Hwa_Hw.o (.text.Crypto_30_Hwa_Hw_AesStart)
                  000138a0    0000005a     Crypto_30_LibCv_KeyManagement.o (.text.Crypto_30_LibCv_KeyElementSetInternalStandardWithCryptoKeyId)
                  000138fa    0000005a     KeyM_Cert.o (.text.KeyM_Cert_StateSetKeyX509ECC)
                  00013954    0000005a     KeyM_Cert.o (.text.KeyM_Cert_VerifyCertKeyUsage)
                  000139ae    0000005a     KeyM_Cert.o (.text.KeyM_Cert_VerifyCertificates)
                  00013a08    0000005a     NvM_Queue.o (.text.NvM_ActGetNormalPrioJob)
                  00013a62    00000002     --HOLE-- [fill = 0]
                  00013a64    0000005a     vstdlib.o (.text.VStdLib_Loc_MemCmp_32_Aligned)
                  00013abe    0000005a     actECPoint.o (.text.actECPCopy)
                  00013b18    0000005a     ESLib_DRBG.o (.text.esl_reseed_CTRDRBG)
                  00013b72    0000005a     vHsm_Core_SecureBoot.o (.text.vHsm_Core_SecureBoot_EndTagCalculation)
                  00013bcc    0000005a     vMemAccM_Sched.o (.text.vMemAccM_SchedStateProcEnter)
                  00013c26    00000002     --HOLE-- [fill = 0]
                  00013c28    00000058     Crypto_30_Hwa_Hw.o (.text.Crypto_30_Hwa_Hw_Sa3ulPerformContextCleanup)
                  00013c80    00000058     Crypto_30_Hwa_Hw.o (.text.Crypto_30_Hwa_Hw_Sa3ulWaitForPacketProcessing)
                  00013cd8    00000058     Crypto_30_KeyM.o (.text.Crypto_30_KeyM_ServiceCertificate)
                  00013d30    00000058     Crypto_30_LibCv_Cipher.o (.text.Crypto_30_LibCv_DispatchCipherAesEncryptUpdate)
                  00013d88    00000058     Crypto_30_LibCv_KeyManagement.o (.text.Crypto_30_LibCv_SheKeyUpdateCheckCounter)
                  00013de0    00000058     Fee_Processing.o (.text.Fee_InternalEvaluateInstanceStatus)
                  00013e38    00000058     KeyM_Asn1.o (.text.KeyM_Asn1_UpdateAsn1Param)
                  00013e90    00000058     KeyM_Cert.o (.text.KeyM_NvBlock_WriteToBlock_Copy_CRE)
                  00013ee8    00000058     KeyM.o (.text.KeyM_SetCertificateInternal)
                  00013f40    00000058     NvM_Act.o (.text.NvM_ActFinishCfgIdCheck)
                  00013f98    00000058     vstdlib.o (.text.VStdLib_MemCpy)
                  00013ff0    00000058     ESLib_CMACAES256.o (.text.esl_finalizeCMACAES256)
                  00014048    00000058     vHsm_Core.o (.text.vHsm_Core_DispatchService)
                  000140a0    00000056     Crypto_30_Hwa_Hw.o (.text.Crypto_30_Hwa_Hw_PktdmaPerformRxChannelCleanup)
                  000140f6    00000056     Crypto_30_KeyM.o (.text.Crypto_30_KeyM_CertElementGetFirst)
                  0001414c    00000056     Crypto_30_KeyM.o (.text.Crypto_30_KeyM_KeyElementSet)
                  000141a2    00000002     --HOLE-- [fill = 0]
                  000141a4    00000056     Crypto_30_LibCv_Mac.o (.text.Crypto_30_LibCv_CompareMac)
                  000141fa    00000056     Crypto_30_LibCv_KeyManagement.o (.text.Crypto_30_LibCv_RandomSeed)
                  00014250    00000056     Fee_Processing.o (.text.Fee_Proc_InitReversChunkSearchInOlderSector)
                  000142a6    00000056     Fee_Processing.o (.text.Fee_Proc_Write_SetupAllocation)
                  000142fc    00000056     KeyM_Asn1.o (.text.KeyM_Asn1_GetStructurePath)
                  00014352    00000056     KeyM_Cert.o (.text.KeyM_Cert_CertElementGetFirstStaticChecks)
                  000143a8    00000056     KeyM_Cert.o (.text.KeyM_Cert_CheckValidityPeriod)
                  000143fe    00000002     --HOLE-- [fill = 0]
                  00014400    00000056     KeyM_Cert.o (.text.KeyM_Cert_IsCertInChainOfCA)
                  00014456    00000056     KeyM_Cert.o (.text.KeyM_Cert_IsCertRevokedBySingleCRE)
                  000144ac    00000056     KeyM_Cert.o (.text.KeyM_Cert_ParseValidityPeriod)
                  00014502    00000056     KeyM.o (.text.KeyM_VerifyCertificateChainInternal)
                  00014558    00000056     NvM_Act.o (.text.NvM_ActInitReadAll)
                  000145ae    00000056     NvM_JobProc.o (.text.NvM_Fsm)
                  00014604    00000056     actECDSA.o (.text.actECReduceXModN)
                  0001465a    00000056     vMemAccM_StateMachines.o (.text.vMemAccM_SMCalcReadBlankReadJobParams)
                  000146b0    00000054     Crypto_30_Hwa_KeyManagement.o (.text.Crypto_30_Hwa_KeyElementGet)
                  00014704    00000054     Crypto_30_Hwa_KeyManagement.o (.text.Crypto_30_Hwa_KeyElementSet)
                  00014758    00000054     Csm.o (.text.Csm_KeyElementSet)
                  000147ac    00000054     Fee_Partition.o (.text.Fee_Partition_determineRealFillLevel)
                  00014800    00000054     Fee_Processing.o (.text.Fee_Proc_Write_SetupChunkAlloc)
                  00014854    00000054     KeyM.o (.text.KeyM_CertInfoGet)
                  000148a8    00000054     KeyM.o (.text.KeyM_VerifyGroup)
                  000148fc    00000054     NvM_Qry.o (.text.NvM_QryNvBusy)
                  00014950    00000054     actIAES.o (.text.actAESInitDecrypt)
                  000149a4    00000054     actBNReduce.o (.text.actBNReduceRefineQuotientEstimate)
                  000149f8    00000054     actBNReduce.o (.text.actBNReduceUpdateCurrentProduct)
                  00014a4c    00000054     vMemAccM_StateMachines.o (.text.vMemAccM_SMMPSatellite_PublishJobParameter)
                  00014aa0    00000054     vMemAccM_StateMachines.o (.text.vMemAccM_SMReadBlankIsBlankWaitDo)
                  00014af4    00000054     vMemAccM_Sched.o (.text.vMemAccM_SchedCancelJob)
                  00014b48    00000052     Crypto_30_Hwa_Hw.o (.text.Crypto_30_Hwa_Hw_CmacStart)
                  00014b9a    00000052     Crypto_30_Hwa.o (.text.Crypto_30_Hwa_Init)
                  00014bec    00000052     Crypto_30_LibCv_Random.o (.text.Crypto_30_LibCv_Local_Random_Check_For_Write_Once)
                  00014c3e    00000052     Fee_Processing.o (.text.Fee_InternalInitBusyFsm)
                  00014c90    00000052     KeyM.o (.text.KeyM_CertDelete)
                  00014ce2    00000052     KeyM_Cert.o (.text.KeyM_Cert_ConvertPublicPoint_EdDSA)
                  00014d34    00000052     KeyM.o (.text.KeyM_DispatchRemoteKeyElementGet)
                  00014d86    00000052     KeyM_Cert.o (.text.KeyM_NvBlock_Callback)
                  00014dd8    00000052     NvM_Mac.o (.text.NvM_Mac_Process)
                  00014e2a    00000052     ESLib_DRBG.o (.text.esl_initCTRDRBG)
                  00014e7c    00000052     mFee_Drv.o (.text.mFee_DrvMainFunction)
                  00014ece    00000002     --HOLE-- [fill = 0]
                  00014ed0    00000052     vHsm_Ipc.o (.text.vHsm_Ipc_IsPtrValid)
                  00014f22    00000002     --HOLE-- [fill = 0]
                  00014f24    00000052     vHsm.o (.text.vHsm_StartupTwo)
                  00014f76    00000052     vMemAccM_StateMachines.o (.text.vMemAccM_SMIsBlankIdleDo)
                  00014fc8    00000052     vMemAccM_StateMachines.o (.text.vMemAccM_SMReadIdleDo)
                  0001501a    00000002     --HOLE-- [fill = 0]
                  0001501c    00000050     BrsMainStartup.o (.text.Brs_MemoryZeroInit)
                  0001506c    00000050     Crypto_30_GVCS.o (.text.Crypto_30_GVCS_CalculateCertificateLength)
                  000150bc    00000050     Crypto_30_Hwa.o (.text.Crypto_30_Hwa_Local_DetChecksServiceValues_Decrypt)
                  0001510c    00000050     Crypto_30_Hwa.o (.text.Crypto_30_Hwa_Local_DetChecksServiceValues_Encrypt)
                  0001515c    00000050     Crypto_30_LibCv_KeyManagement.o (.text.Crypto_30_LibCv_CertificateVerify)
                  000151ac    00000050     Crypto_30_LibCv_Cipher.o (.text.Crypto_30_LibCv_DispatchCipherAesDecryptUpdate)
                  000151fc    00000050     Crypto_30_LibCv_KeyManagement.o (.text.Crypto_30_LibCv_Local_KeyElementGetStorageIndexBasic)
                  0001524c    00000050     Crypto_30_LibCv_KeyManagement.o (.text.Crypto_30_LibCv_SheKeyUpdateCopyFid)
                  0001529c    00000050     Fee_Processing.o (.text.Fee_ActInitInstanceEvaluationFsm)
                  000152ec    00000050     KeyM_Cert.o (.text.KeyM_Cert_GetCertificate)
                  0001533c    00000050     KeyM_Cert.o (.text.KeyM_Cert_TriggerStartUpHandling)
                  0001538c    00000050     KeyM.o (.text.KeyM_Init)
                  000153dc    00000050     NvM_Queue.o (.text.NvM_QueuePush)
                  0001542c    00000050     actBNReduce.o (.text.actBNReNormalize)
                  0001547c    00000050     actECTools.o (.text.actParseTLVPoint)
                  000154cc    00000050     mFee_Drv.o (.text.mFee_EndJob)
                  0001551c    00000050     vHsm_Hal.o (.text.vHsm_Hal_RatRemapAddress)
                  0001556c    0000004e     Crypto_30_Hwa_Hash.o (.text.Crypto_30_Hwa_Sha2ProcessBlocksSlicing)
                  000155ba    0000004e     Crypto_30_LibCv_KeyManagement.o (.text.Crypto_30_LibCv_KeyExchangeCalcSecret)
                  00015608    0000004e     Fee_Processing.o (.text.Fee_ActInitSearchUpwardsFsm)
                  00015656    0000004e     Fee_Processing.o (.text.Fee_ActInitSearchWrittenInOldSector)
                  000156a4    0000004e     Fee_Processing.o (.text.Fee_FsmProcess)
                  000156f2    0000004e     Fee_Processing.o (.text.Fee_QryBlockPayloadUpdated)
                  00015740    0000004e     KeyM_Asn1.o (.text.KeyM_Asn1_GetTagByte)
                  0001578e    0000004e     KeyM_Cert.o (.text.KeyM_Cert_CertStructureGet)
                  000157dc    0000004e     KeyM_Cert.o (.text.KeyM_Cert_CmpDistinguishedNamesByStructure)
                  0001582a    00000002     --HOLE-- [fill = 0]
                  0001582c    0000004e     KeyM_Cert.o (.text.KeyM_Cert_PushLeafCertToVerify)
                  0001587a    0000004e     KeyM_Remote.o (.text.KeyM_Remote_VerifyCertificates)
                  000158c8    0000004e     KeyM.o (.text.KeyM_VerifyCertificate)
                  00015916    0000004e     NvM_Act.o (.text.NvM_ActInitMainFsm)
                  00015964    0000004e     NvM.o (.text.NvM_CheckBlockPending)
                  000159b2    00000002     --HOLE-- [fill = 0]
                  000159b4    0000004e     NvM_Act.o (.text.NvM_IntUpdateCurrentBlockCRCCompareData)
                  00015a02    00000002     --HOLE-- [fill = 0]
                  00015a04    0000004e     actAES.o (.text.actAESDecryptionFinalRound)
                  00015a52    00000002     --HOLE-- [fill = 0]
                  00015a54    0000004e     actAES.o (.text.actAESEncryptionFinalRound)
                  00015aa2    0000004e     actCMACAES.o (.text.actCMACAESFinalize)
                  00015af0    0000004e     ESLib_CMACAES128.o (.text.esl_initCMACAES128)
                  00015b3e    00000002     --HOLE-- [fill = 0]
                  00015b40    0000004e     mFee_Drv.o (.text.mFee_BlankCondDrvCheck)
                  00015b8e    00000002     --HOLE-- [fill = 0]
                  00015b90    0000004e     vMemAccM_CfgAb.o (.text.vMemAccM_CfgAbGetSubAddrAreaId)
                  00015bde    00000002     --HOLE-- [fill = 0]
                  00015be0    0000004c     Crypto_30_Hwa_Hw.o (.text.Crypto_30_Hwa_Hw_PktdmaPerformTxChannelCleanup)
                  00015c2c    0000004c     Crypto_30_Hwa_Hw.o (.text.Crypto_30_Hwa_Hw_Sa3ulWaitForRxPacketReturn)
                  00015c78    0000004c     Crypto_30_LibCv.o (.text.Crypto_30_LibCv_Local_KeyListAddKey)
                  00015cc4    0000004c     Crypto_30_LibCv_KeyManagement.o (.text.Crypto_30_LibCv_SheKeyUpdateCmac)
                  00015d10    0000004c     Crypto_30_LibCv_KeyManagement.o (.text.Crypto_30_LibCv_SheKeyUpdateFindProof)
                  00015d5c    0000004c     Fee_Processing.o (.text.Fee_ActPrepareChunkHeaderWrite)
                  00015da8    0000004c     KeyM_Cert.o (.text.KeyM_Cert_CertDeletePersistedData)
                  00015df4    0000004c     KeyM_Cert.o (.text.KeyM_Cert_InitChecks)
                  00015e40    0000004c     KeyM_Cert.o (.text.KeyM_Cert_StateSetKey)
                  00015e8c    0000004c     NvM_Crc.o (.text.NvM_CrcJob_Process)
                  00015ed8    0000004c     NvM_Mac.o (.text.NvM_Mac_PerformCsmVerifyJobAttempt)
                  00015f24    0000004c     NvM_Queue.o (.text.NvM_QueuePop)
                  00015f70    0000004c     vstdlib.o (.text.VStdLib_Loc_MemCpy_8_PartialWord)
                  00015fbc    0000004c     actECPoint.o (.text.actECPToMont)
                  00016008    0000004c     ESLib_CMACAES256.o (.text.esl_initCMACAES256)
                  00016054    0000004c     ESLib_DSAEcP.o (.text.esl_initVerifyDSAEcP_prim)
                  000160a0    0000004c     vHsm_Callout_Stubs.o (.text.vHsm_InitTwo_Callout)
                  000160ec    0000004c     vHsm.o (.text.vHsm_RamLoop)
                  00016138    0000004c     vMemAccM_Sched.o (.text.vMemAccM_SchedInit)
                  00016184    0000004c     vMemAccM_Sched.o (.text.vMemAccM_SchedSetupStateMachine)
                  000161d0    0000004a     Crypto_30_Hwa_Random.o (.text.Crypto_30_Hwa_TrngFinish)
                  0001621a    0000004a     Csm.o (.text.Csm_KeySetValid)
                  00016264    0000004a     Fee_Processing.o (.text.Fee_InternalPrepareSectorFormatContext)
                  000162ae    0000004a     KeyM_Asn1.o (.text.KeyM_Asn1_IsSupportedCertExtension)
                  000162f8    0000004a     KeyM_Cert.o (.text.KeyM_Cert_CertificateElementGetCountStaticChecks)
                  00016342    0000004a     KeyM_Cert.o (.text.KeyM_Cert_IsBusy)
                  0001638c    0000004a     KeyM_Cert.o (.text.KeyM_Cert_IsCertRequestEqualTo)
                  000163d6    0000004a     KeyM_Remote.o (.text.KeyM_Remote_SetCertificateInGroup)
                  00016420    0000004a     NvM_Act.o (.text.NvM_InternalCopyData)
                  0001646a    0000004a     NvM_Mac.o (.text.NvM_Mac_PerformCsmGenerateJobAttempt)
                  000164b4    0000004a     actECTools.o (.text.actParsePoint)
                  000164fe    0000004a     ESLib_AES_common.o (.text.esl_AES_setBlockAndPaddingModes)
                  00016548    0000004a     vHsm_Api.o (.text.vHsm_Api_KeyElementGetForCryptoJobs)
                  00016592    00000002     --HOLE-- [fill = 0]
                  00016594    0000004a     vHsm_Core_SecureBoot.o (.text.vHsm_SecureBootStorage_NvBlockWriteToBlock)
                  000165de    0000004a     vMemAccM.o (.text.vMemAccM_GetJobResult)
                  00016628    0000004a     vMemAccM_StateMachines.o (.text.vMemAccM_SMMPSatellite_CopyData)
                  00016672    00000048     Crypto_30_GVCS.o (.text.Crypto_30_GVCS_ParseFileHeader)
                  000166ba    00000048     Crypto_30_Hwa_Hw.o (.text.Crypto_30_Hwa_Hw_Sa3ulProcessPacket)
                  00016702    00000048     Fee_Processing.o (.text.Fee_ActCalcNextInstanceIndexBinary)
                  0001674a    00000048     Fee_Processing.o (.text.Fee_InternalSetupChunkLinkWrite)
                  00016792    00000048     KeyM_Cert.o (.text.KeyM_NvBlock_Trigger_Write_Req)
                  000167da    00000002     --HOLE-- [fill = 0]
                  000167dc    00000048     KeyM_Remote.o (.text.KeyM_Remote_GetServiceCertificateType)
                  00016824    00000048     NvM_Act.o (.text.NvM_ActReadNvBlock)
                  0001686c    00000048     NvM_Qry.o (.text.NvM_QryBlockRelevantForWriteAll)
                  000168b4    00000048     actBNFieldInversion.o (.text.actBNFieldInversion)
                  000168fc    00000048     actECTools.o (.text.actECCheckWorkSpaceSize)
                  00016944    00000048     vHsm_Core_SecureBoot.o (.text.vHsm_Core_SecureBoot_Init)
                  0001698c    00000048     vHsm_Core_SecureBoot.o (.text.vHsm_Core_SecureBoot_ResetSecurebootResult)
                  000169d4    00000048     vHsm_Callout_Stubs.o (.text.vHsm_InitThree_Callout)
                  00016a1c    00000048     vHsm_Core_SecureBoot.o (.text.vHsm_SecureBoot_ProcessAllSegmentsOfGroup)
                  00016a64    00000048     vMemAccM_CfgAb.o (.text.vMemAccM_CfgAbGetSubAddrAreaIdViaHwId)
                  00016aac    00000048     vMemAccM_StateMachines.o (.text.vMemAccM_SMEraseIdleDo)
                  00016af4    00000048     vMemAccM_StateMachines.o (.text.vMemAccM_SMReadBlankIdleDo)
                  00016b3c    00000048     vMemAccM_StateMachines.o (.text.vMemAccM_SMReadBlankReadIdleDo)
                  00016b84    00000046     Crypto_30_GVCS.o (.text.Crypto_30_GVCS_GetPublicKeyOfCertificate)
                  00016bca    00000046     Crypto_30_Hwa_Mac.o (.text.Crypto_30_Hwa_CmacStart)
                  00016c10    00000046     Crypto_30_Hwa_Hw.o (.text.Crypto_30_Hwa_Hw_Init)
                  00016c56    00000046     Crypto_30_LibCv.o (.text.Crypto_30_LibCv_TryObtainingLock)
                  00016c9c    00000046     Fee_Processing.o (.text.Fee_ActFinalizeSetupSectors)
                  00016ce2    00000046     Fee_ChunkInfo.o (.text.Fee_ChunkInfo_GetInstanceStartAddress)
                  00016d28    00000046     Fee_ChunkInfo.o (.text.Fee_ChunkInfo_GetLinkAddress)
                  00016d6e    00000046     Fee_Partition.o (.text.Fee_Partition_init)
                  00016db4    00000046     KeyM_Cert.o (.text.KeyM_Cert_CheckDynamicIssuer)
                  00016dfa    00000046     KeyM_Cert.o (.text.KeyM_NvBlock_Init_CRE)
                  00016e40    00000046     KeyM_Cert.o (.text.KeyM_NvBlock_ReadFromBlock)
                  00016e86    00000046     KeyM_Cert.o (.text.KeyM_NvBlock_ReadFromBlock_Copy_CRE)
                  00016ecc    00000046     KeyM_Cert.o (.text.KeyM_NvBlock_WriteToBlock)
                  00016f12    00000046     actAES.o (.text.actAESInit)
                  00016f58    00000046     ESLib_RSA_V15_Ver_SHA256.o (.text.esl_updateVerifyRSASHA256_V15)
                  00016f9e    00000046     mFee_Drv.o (.text.mFee_UpdateDesc)
                  00016fe4    00000046     vHsm_Core_SecureBoot.o (.text.vHsm_Core_SecureBoot_TagCalculationJob)
                  0001702a    00000002     --HOLE-- [fill = 0]
                  0001702c    00000046     vHsm.o (.text.vHsm_InitState)
                  00017072    00000046     vMemAccM_StateMachines.o (.text.vMemAccM_SMFinalizeJobViaOffset)
                  000170b8    00000044     Crypto_30_GVCS.o (.text.Crypto_30_GVCS_CalculateSerialNumberLength)
                  000170fc    00000044     Crypto_30_GVCS.o (.text.Crypto_30_GVCS_ValidateTargetName)
                  00017140    00000044     Crypto_30_Hwa_Hw.o (.text.Crypto_30_Hwa_Hw_ActivateSa3ulSubsystems)
                  00017184    00000044     Crypto_30_Hwa_Hw.o (.text.Crypto_30_Hwa_Hw_TrngRestart)
                  000171c8    00000044     Crypto_30_LibCv_Cipher.o (.text.Crypto_30_LibCv_Dispatch_AesDecrypt)
                  0001720c    00000044     Crypto_30_LibCv_Cipher.o (.text.Crypto_30_LibCv_Dispatch_AesEncrypt)
                  00017250    00000044     Crypto_30_LibCv_KeyManagement.o (.text.Crypto_30_LibCv_SetKeyState)
                  00017294    00000044     Fee_Processing.o (.text.Fee_ActInitInstanceSearchBinaryFsm)
                  000172d8    00000044     Fee_Processing.o (.text.Fee_ActSwitchOperatingSector)
                  0001731c    00000044     Fee_ChunkInfo.o (.text.Fee_ChunkInfo_ReadInstancePayload)
                  00017360    00000044     Fee_Processing.o (.text.Fee_InternalDoBlockCopyInstanceTrailerWrite)
                  000173a4    00000044     KeyM_Asn1.o (.text.KeyM_Asn1_ParseUniversalTag)
                  000173e8    00000044     KeyM.o (.text.KeyM_CertGetStatus)
                  0001742c    00000044     KeyM_Cert.o (.text.KeyM_Cert_UpdateCertStatusForCRE)
                  00017470    00000044     KeyM.o (.text.KeyM_CertificateElementGetCount)
                  000174b4    00000044     KeyM.o (.text.KeyM_VerifyCertificateChainWithConstPtr)
                  000174f8    00000044     NvM_Act.o (.text.NvM_ActFinishBlock)
                  0001753c    00000044     vHsm.o (.text.vHsm_ExternalIsr)
                  00017580    00000044     vHsm_Ipc.o (.text.vHsm_Ipc3_ParseOutputPtr)
                  000175c4    00000044     vHsm_Ipc.o (.text.vHsm_Ipc_Allocate)
                  00017608    00000044     vHsm_Core.o (.text.vHsm_Local_DetChecksServiceValues)
                  0001764c    00000044     vHsm_Core.o (.text.vHsm_Local_DetChecksServiceValues_SignatureVerify)
                  00017690    00000044     vHsm_Nvm.o (.text.vHsm_NvM_ReadAll)
                  000176d4    00000042     Crypto_30_Hwa_Hw.o (.text.Crypto_30_Hwa_Hw_CmacSubkeys)
                  00017716    00000042     Crypto_30_LibCv_KeyManagement.o (.text.Crypto_30_LibCv_Local_KeyElementGet_Standard)
                  00017758    00000042     Fee_Processing.o (.text.Fee_InternalGetSectorSwitchLogInformation)
                  0001779a    00000042     KeyM_Cert.o (.text.KeyM_Cert_GetIssuerCertId)
                  000177dc    00000042     KeyM_Cert.o (.text.KeyM_Cert_SetCRE)
                  0001781e    00000042     KeyM.o (.text.KeyM_DispatchRemoteJob)
                  00017860    00000042     KeyM.o (.text.KeyM_DispatchRemoteKeyElementSet)
                  000178a2    00000042     KeyM_Cert.o (.text.KeyM_NvBlock_ReadFrom_CRE)
                  000178e4    00000042     KeyM_Cert.o (.text.KeyM_NvBlock_WriteTo_CRE)
                  00017926    00000042     KeyM_Remote.o (.text.KeyM_Remote_ServiceCertificate)
                  00017968    00000042     actBigNum.o (.text.actBNGetBitLength)
                  000179aa    00000042     actECTools.o (.text.actParseTL)
                  000179ec    00000042     vHsm_Callout_Stubs.o (.text.vHsm_SystemInit_Callout)
                  00017a2e    00000042     vMemAccM.o (.text.vMemAccM_RejectNvRamRequests)
                  00017a70    00000040     Crypto_30_GVCS.o (.text.Crypto_30_GVCS_ValidateRollbackId)
                  00017ab0    00000040     Crypto_30_Hwa_Mac.o (.text.Crypto_30_Hwa_GetCmacKey)
                  00017af0    00000040     Crypto_30_Hwa_Hw.o (.text.Crypto_30_Hwa_Hw_AesKeyLoad)
                  00017b30    00000040     Crypto_30_Hwa_KeyManagement.o (.text.Crypto_30_Hwa_KeyValidSet)
                  00017b70    00000040     Crypto_30_KeyM.o (.text.Crypto_30_KeyM_WaitForCertStatus)
                  00017bb0    00000040     Crypto_30_LibCv_Signature.o (.text.Crypto_30_LibCv_Dispatch_EcP256Verify)
                  00017bf0    00000040     Crypto_30_LibCv_Hash.o (.text.Crypto_30_LibCv_Dispatch_SHA256)
                  00017c30    00000040     Crypto_30_LibCv_KeyManagement.o (.text.Crypto_30_LibCv_Local_GetElementsIndexJob)
                  00017c70    00000040     Fee_ChunkInfo.o (.text.Fee_ChunkInfo_ReadChunkHeader)
                  00017cb0    00000040     Fee_ChunkInfo.o (.text.Fee_ChunkInfo_ReadInstanceTrailer)
                  00017cf0    00000040     Fee_Processing.o (.text.Fee_InternalDoBlockCopyWrite)
                  00017d30    00000040     Fee_Processing.o (.text.Fee_InternalInitChunkHoppingFsm)
                  00017d70    00000040     KeyM_Cert.o (.text.KeyM_Cert_GetEmptyGroupCertId)
                  00017db0    00000040     KeyM_Cert.o (.text.KeyM_Cert_GetServiceResult)
                  00017df0    00000040     KeyM_Cert.o (.text.KeyM_Cert_ParseAvailableCertData)
                  00017e30    00000040     KeyM_Cert.o (.text.KeyM_Cert_ServiceCertUpdateCertId)
                  00017e70    00000040     NvM_Act.o (.text.NvM_ActGetMultiBlockJob)
                  00017eb0    00000040     NvM_Act.o (.text.NvM_ActSetupDataIntegrityVerification_ReadAll)
                  00017ef0    00000040     NvM.o (.text.NvM_Init)
                  00017f30    00000040     NvM_Act.o (.text.NvM_InternalCopyBufferedData)
                  00017f70    00000040     vstdlib.o (.text.VStdLib_MemSet)
                  00017fb0    00000040     vHsm_Nvm.o (.text.vHsm_NvM_ProcessBlock)
                  00017ff0    0000003e     Crypto_30_Hwa_Mac.o (.text.Crypto_30_Hwa_CmacSubKeyGeneration_k2)
                  0001802e    0000003e     Crypto_30_Hwa.o (.text.Crypto_30_Hwa_Local_DetChecksServiceValues_Hash)
                  0001806c    0000003e     Crypto_30_Hwa.o (.text.Crypto_30_Hwa_Local_DetChecksServiceValues_MacGenerate)
                  000180aa    0000003e     Crypto_30_LibCv_KeyManagement.o (.text.Crypto_30_LibCv_Local_KeyElementSet)
                  000180e8    0000003e     Fee_Processing.o (.text.Fee_ActFinalizeSectorHeaderEvaluation)
                  00018126    0000003e     Fee_ChunkInfo.o (.text.Fee_ChunkInfo_AssembleLink)
                  00018164    0000003e     Fee_Processing.o (.text.Fee_InternalHandleCancelRequest)
                  000181a2    0000003e     KeyM_Asn1.o (.text.KeyM_Asn1_CheckCertStructureType)
                  000181e0    0000003e     KeyM_Asn1.o (.text.KeyM_Asn1_ParseAsn1Integer32Bit)
                  0001821e    0000003e     KeyM_Asn1.o (.text.KeyM_Asn1_ParseTL)
                  0001825c    0000003e     KeyM_Asn1.o (.text.KeyM_Asn1_SetReferenceOid)
                  0001829a    00000002     --HOLE-- [fill = 0]
                  0001829c    0000003e     KeyM_Cert.o (.text.KeyM_Cert_InvalidateChildCertStatus)
                  000182da    0000003e     KeyM_Cert.o (.text.KeyM_Cert_VerifyCertExtensions)
                  00018318    0000003e     KeyM_Cert.o (.text.KeyM_NvBlock_Callback_CRE)
                  00018356    0000003e     KeyM_Remote.o (.text.KeyM_Remote_ServiceCertificateById)
                  00018394    0000003e     KeyM_Remote.o (.text.KeyM_Remote_VerifyCertificate)
                  000183d2    0000003e     KeyM.o (.text.KeyM_SetCertificate)
                  00018410    0000003e     NvM_Act.o (.text.NvM_ActReadNvBlockDataIntegrityRecordOnly)
[...]
0002ecc0  _Startup_Code_RUN_START                                        
0002ecc0  _Startup_Code_START                                            
0002ecc0  brsStartupEntry                                                
0002ecc1  _start                                                         
0002ecc4  brsPreAsmStartupHook                                           
0002ecc8  coreRegisterInit                                               
0002eccc  coreRegisterInit2                                              
0002ecd0  brsStartupZeroInitLoop                                         
0002ed20  StackPointerInit_c0                                            
0002ed28  coreRegisterInit3                                              
0002ed37  _Startup_Code_ALL_END                                          
0002ed37  _Startup_Code_END                                              
0002ed38  _Startup_Code_ALL_LIMIT                                        
0002ed38  _Startup_Code_LIMIT                                            
0002ed38  _Startup_Code_RUN_LIMIT                                        
0002efff  _OS_INTVEC_CODE_ALL_END                                        
0002efff  _OS_INTVEC_CODE_END                                            
0002f000  _OS_INTVEC_CODE_ALL_LIMIT                                      
0002f000  _OS_INTVEC_CODE_ALL_START                                      
0002f000  _OS_INTVEC_CODE_LIMIT                                          
0002f000  _OS_INTVEC_CODE_RUN_LIMIT                                      
0002f000  _OS_INTVEC_CODE_RUN_START                                      
0002f000  _OS_INTVEC_CODE_START                                          
0002f000  _OS_INTVEC_CORE0_CODE_ALL_START                                
0002f000  _OS_INTVEC_CORE0_CODE_RUN_START                                
0002f000  _OS_INTVEC_CORE0_CODE_START                                    
0002f001  Os_Isr_Core0_Interrupt_234                                     
0002f023  _OS_INTVEC_CORE0_CODE_ALL_END                                  
0002f023  _OS_INTVEC_CORE0_CODE_END                                      
0002f024  _OS_INTVEC_CORE0_CODE_ALL_LIMIT                                
0002f024  _OS_INTVEC_CORE0_CODE_LIMIT                                    
0002f024  _OS_INTVEC_CORE0_CODE_RUN_LIMIT                                
0002ffff  _MSR_PBCFG_VAR_ALL_END                                         
0002ffff  _MSR_PBCFG_VAR_CLEARED_END                                     
0002ffff  _MSR_PBCFG_VAR_INIT_END                                        
0002ffff  _MSR_PBCFG_VAR_NO_INIT_END                                     
0002ffff  _MSR_VAR_ALL_END                                               
0002ffff  _MSR_VAR_CLEARED_END                                           
0002ffff  _MSR_VAR_INIT_END                                              
0002ffff  _MSR_VAR_NO_INIT_END                                           
0002ffff  _MSR_VAR_SAVED_ZONE_ALL_END                                    
0002ffff  _MSR_VAR_SAVED_ZONE_INIT_END                                   
0002ffff  _MSR_VAR_SAVED_ZONE_NO_INIT_END                                
0002ffff  _OS_DATA_CORE0_VAR_ALL_END                                     
0002ffff  _OS_DATA_CORE0_VAR_INIT_END                                    
0002ffff  _OS_DATA_CORE0_VAR_ZERO_INIT_END                               
0002ffff  _OS_DATA_CORE0_VAR_ZERO_INIT_bss_END                           
0002ffff  _OS_DATA_SHARED_VAR_INIT_END                                   
0002ffff  _OS_GLOBALSHARED_VAR_ALL_END                                   
0002ffff  _OS_GLOBALSHARED_VAR_INIT_END                                  
0002ffff  _OS_GLOBALSHARED_VAR_NOINIT_END                                
0002ffff  _OS_GLOBALSHARED_VAR_SAVED_ZONE_ALL_END                        
0002ffff  _OS_GLOBALSHARED_VAR_SAVED_ZONE_INIT_END                       
0002ffff  _OS_GLOBALSHARED_VAR_SAVED_ZONE_NOINIT_END                     
0002ffff  _OS_GLOBALSHARED_VAR_ZERO_INIT_END                             
0002ffff  _OS_GLOBALSHARED_VAR_ZERO_INIT_bss_END                         
00030000  Crypto_30_LibCv_KeyStorage                                     
00030000  _Data_Default_ALL_START                                        
00030000  _MSR_PBCFG_VAR_ALL_LIMIT                                       
00030000  _MSR_PBCFG_VAR_ALL_START                                       
00030000  _MSR_PBCFG_VAR_CLEARED_LIMIT                                   
00030000  _MSR_PBCFG_VAR_CLEARED_RUN_LIMIT                               
00030000  _MSR_PBCFG_VAR_CLEARED_RUN_START                               
00030000  _MSR_PBCFG_VAR_CLEARED_START                                   
00030000  _MSR_PBCFG_VAR_INIT_LIMIT                                      
00030000  _MSR_PBCFG_VAR_INIT_ROM_LIMIT                                  
00030000  _MSR_PBCFG_VAR_INIT_ROM_START                                  
00030000  _MSR_PBCFG_VAR_INIT_RUN_LIMIT                                  
00030000  _MSR_PBCFG_VAR_INIT_RUN_START                                  
00030000  _MSR_PBCFG_VAR_INIT_START                                      
00030000  _MSR_PBCFG_VAR_NO_INIT_LIMIT                                   
00030000  _MSR_PBCFG_VAR_NO_INIT_RUN_LIMIT                               
00030000  _MSR_PBCFG_VAR_NO_INIT_RUN_START                               
00030000  _MSR_PBCFG_VAR_NO_INIT_START                                   
00030000  _MSR_VAR_ALL_LIMIT                                             
00030000  _MSR_VAR_ALL_START                                             
00030000  _MSR_VAR_CLEARED_LIMIT                                         
00030000  _MSR_VAR_CLEARED_RUN_LIMIT                                     
00030000  _MSR_VAR_CLEARED_RUN_START                                     
00030000  _MSR_VAR_CLEARED_START                                         
00030000  _MSR_VAR_INIT_LIMIT                                            
00030000  _MSR_VAR_INIT_ROM_LIMIT                                        
00030000  _MSR_VAR_INIT_ROM_START                                        
00030000  _MSR_VAR_INIT_RUN_LIMIT                                        
00030000  _MSR_VAR_INIT_RUN_START                                        
00030000  _MSR_VAR_INIT_START                                            
00030000  _MSR_VAR_NO_INIT_LIMIT                                         
00030000  _MSR_VAR_NO_INIT_RUN_LIMIT                                     
00030000  _MSR_VAR_NO_INIT_RUN_START                                     
00030000  _MSR_VAR_NO_INIT_START                                         
00030000  _MSR_VAR_SAVED_ZONE_ALL_LIMIT                                  
00030000  _MSR_VAR_SAVED_ZONE_ALL_START                                  
00030000  _MSR_VAR_SAVED_ZONE_INIT_LIMIT                                 
00030000  _MSR_VAR_SAVED_ZONE_INIT_ROM_LIMIT                             
00030000  _MSR_VAR_SAVED_ZONE_INIT_ROM_START                             
00030000  _MSR_VAR_SAVED_ZONE_INIT_RUN_LIMIT                             
00030000  _MSR_VAR_SAVED_ZONE_INIT_RUN_START                             
00030000  _MSR_VAR_SAVED_ZONE_INIT_START                                 
00030000  _MSR_VAR_SAVED_ZONE_NO_INIT_LIMIT                              
00030000  _MSR_VAR_SAVED_ZONE_NO_INIT_RUN_LIMIT                          
00030000  _MSR_VAR_SAVED_ZONE_NO_INIT_RUN_START                          
00030000  _MSR_VAR_SAVED_ZONE_NO_INIT_START                              
00030000  _OS_DATA_CORE0_VAR_ALL_LIMIT                                   
00030000  _OS_DATA_CORE0_VAR_ALL_START                                   
00030000  _OS_DATA_CORE0_VAR_INIT_LIMIT                                  
00030000  _OS_DATA_CORE0_VAR_INIT_ROM_LIMIT                              
00030000  _OS_DATA_CORE0_VAR_INIT_ROM_START                              
00030000  _OS_DATA_CORE0_VAR_INIT_RUN_LIMIT                              
00030000  _OS_DATA_CORE0_VAR_INIT_RUN_START                              
00030000  _OS_DATA_CORE0_VAR_INIT_START                                  
00030000  _OS_DATA_CORE0_VAR_ZERO_INIT_LIMIT                             
00030000  _OS_DATA_CORE0_VAR_ZERO_INIT_RUN_LIMIT                         
00030000  _OS_DATA_CORE0_VAR_ZERO_INIT_RUN_START                         
00030000  _OS_DATA_CORE0_VAR_ZERO_INIT_START                             
00030000  _OS_DATA_CORE0_VAR_ZERO_INIT_bss_LIMIT                         
00030000  _OS_DATA_CORE0_VAR_ZERO_INIT_bss_RUN_LIMIT                     
00030000  _OS_DATA_CORE0_VAR_ZERO_INIT_bss_RUN_START                     
00030000  _OS_DATA_CORE0_VAR_ZERO_INIT_bss_START                         
00030000  _OS_DATA_SHARED_VAR_ALL_START                                  
00030000  _OS_DATA_SHARED_VAR_INIT_LIMIT                                 
00030000  _OS_DATA_SHARED_VAR_INIT_ROM_LIMIT                             
00030000  _OS_DATA_SHARED_VAR_INIT_ROM_START                             
00030000  _OS_DATA_SHARED_VAR_INIT_RUN_LIMIT                             
00030000  _OS_DATA_SHARED_VAR_INIT_RUN_START                             
00030000  _OS_DATA_SHARED_VAR_INIT_START                                 
00030000  _OS_GLOBALSHARED_VAR_ALL_LIMIT                                 
00030000  _OS_GLOBALSHARED_VAR_ALL_START                                 
00030000  _OS_GLOBALSHARED_VAR_INIT_LIMIT                                
00030000  _OS_GLOBALSHARED_VAR_INIT_ROM_LIMIT                            
00030000  _OS_GLOBALSHARED_VAR_INIT_ROM_START                            
00030000  _OS_GLOBALSHARED_VAR_INIT_RUN_LIMIT                            
00030000  _OS_GLOBALSHARED_VAR_INIT_RUN_START                            
00030000  _OS_GLOBALSHARED_VAR_INIT_START                                
00030000  _OS_GLOBALSHARED_VAR_NOINIT_LIMIT                              
00030000  _OS_GLOBALSHARED_VAR_NOINIT_RUN_LIMIT                          
00030000  _OS_GLOBALSHARED_VAR_NOINIT_RUN_START                          
00030000  _OS_GLOBALSHARED_VAR_NOINIT_START                              
00030000  _OS_GLOBALSHARED_VAR_SAVED_ZONE_ALL_LIMIT                      
00030000  _OS_GLOBALSHARED_VAR_SAVED_ZONE_ALL_START                      
00030000  _OS_GLOBALSHARED_VAR_SAVED_ZONE_INIT_LIMIT                     
00030000  _OS_GLOBALSHARED_VAR_SAVED_ZONE_INIT_ROM_LIMIT                 
00030000  _OS_GLOBALSHARED_VAR_SAVED_ZONE_INIT_ROM_START                 
00030000  _OS_GLOBALSHARED_VAR_SAVED_ZONE_INIT_RUN_LIMIT                 
00030000  _OS_GLOBALSHARED_VAR_SAVED_ZONE_INIT_RUN_START                 
00030000  _OS_GLOBALSHARED_VAR_SAVED_ZONE_INIT_START                     
00030000  _OS_GLOBALSHARED_VAR_SAVED_ZONE_NOINIT_LIMIT                   
00030000  _OS_GLOBALSHARED_VAR_SAVED_ZONE_NOINIT_RUN_LIMIT               
00030000  _OS_GLOBALSHARED_VAR_SAVED_ZONE_NOINIT_RUN_START               
00030000  _OS_GLOBALSHARED_VAR_SAVED_ZONE_NOINIT_START                   
00030000  _OS_GLOBALSHARED_VAR_ZERO_INIT_LIMIT                           
00030000  _OS_GLOBALSHARED_VAR_ZERO_INIT_RUN_LIMIT                       
00030000  _OS_GLOBALSHARED_VAR_ZERO_INIT_RUN_START                       
00030000  _OS_GLOBALSHARED_VAR_ZERO_INIT_START                           
00030000  _OS_GLOBALSHARED_VAR_ZERO_INIT_bss_LIMIT                       
00030000  _OS_GLOBALSHARED_VAR_ZERO_INIT_bss_RUN_LIMIT                   
00030000  _OS_GLOBALSHARED_VAR_ZERO_INIT_bss_RUN_START                   
00030000  _OS_GLOBALSHARED_VAR_ZERO_INIT_bss_START                       
00030000  __start___llvm_prf_cnts                                        
00030000  __stop___llvm_prf_cnts                                         
00030000  _bss_RUN_START                                                 
00030000  _bss_START                                                     
000369ac  KeyM_CertStorage                                               
0003b1e0  Crypto_30_LibCv_UnionWS_vHsm_LibCv                             
0003b9a8  Crypto_30_LibCv_UnionWS_vHsm_LibCv_GVCS                        
0003c170  NvM_InternalBuffer_au8                                         
0003c7d6  KeyM_CREStorage                                                
0003ce36  KeyM_ElementStorageRef                                         
0003d370  Crypto_30_Hwa_UnionWS_vHsm_Hwa                                 
0003d6d0  Crypto_30_LibCv_UnionWS_vHsm_LibCv_KeyM                        
0003da28  Crypto_30_LibCv_UnionWS_vHsm_LibCv_HighPrio                    
0003dc4c  Fee_Globals_t                                                  
0003dd94  Crypto_30_LibCv_UnionWS_vHsm_LibCv_vHsmSecureBootParallelCmac  
0003e0e8  NvM_JobQueue_at                                                
0003e184  KeyM_Cert_CertInfo                                             
0003e214  KeyM_KeyUsageStorage                                           
0003e298  vHsm_SecureBootStorage                                         
0003e31c  NvM_CipheredDataBuffer                                         
0003e38c  KeyM_BasicConstraintsStorage                                   
0003e3ec  KeyM_CommonCertData                                            
0003e44c  NvM_CurrentBlockInfo_t                                         
0003e514  Crypto_30_LibCv_KeyLock                                        
0003e54f  NvM_BlockMngmtArea_at                                          
0003e5fb  Csm_JobState                                                   
0003e619  NvM_DcmBlockMngmt_t                                            
0003e668  KeyM_Cert_LeafCertsToVerify                                    
0003e680  KeyM_Cert_VerifyChain                                          
0003e698  Crypto_30_LibCv_BufferLength                                   
0003e6ac  Crypto_30_LibCv_Lock                                           
0003e6c0  Crypto_30_LibCv_Queue                                          
0003e6d4  Crypto_30_LibCv_WrittenLength                                  
0003e6e8  vHsm_ResetInfo                                                 
0003e72c  NvM_SecondaryRedundantBlockDataIntegrityRecord                 
0003e73c  vMemAccM_MngmtAreas                                            
0003e758  KeyM_Cert_Lock                                                 
0003e764  KeyM_Cert_StorageType                                          
0003e770  KeyM_NvBlock_State                                             
0003e7a0  CurrentEpochTime                                               
0003e7a8  CurrentTimeStamp                                               
0003e7b0  NotAfterTimeStamp                                              
0003e7b8  NotBeforeTimeStamp                                             
0003e7c0  NvM_CurrentJob_t                                               
0003e7c8  Crypto_30_LibCv_DriverObjectState                              
0003e7cd  Crypto_30_LibCv_ProcessJob_Trigger_Write                       
0003e7f8  CertElementDataLength_Copy                                     
0003e7fc  CertElementData_Copy                                           
0003e800  Crypto_30_Hwa_Lock                                             
0003e804  vHsm_Ipc_MemoryPtr                                             
0003e826  CertElementId_Copy                                             
0003e836  Crypto_30_Hwa_DriverObjectState                                
0003e837  KeyM_Cert_GlobalState                                          
0003e838  KeyM_Cert_TaskState                                            
0003e839  KeyM_Cert_UpdateFlag                                           
0003e83a  KeyM_Remote_TaskState                                          
0003e83b  NvM_ApiFlags_u8                                                
0003e83c  NvM_JobMainState_t                                             
0003e83d  NvM_JobSubState_t                                              
0003e83e  Result_Copy                                                    
0003e83f  brsDisIntITmp                                                  
0003e840  brsDisIntPrioTmp                                               
0003e841  brsMain_ResetReason                                            
0003e842  _bss_END                                                       
0003e842  vHsm_Ipc_Idx                                                   
0003e843  _bss_LIMIT                                                     
0003e843  _bss_RUN_LIMIT                                                 
0003e844  _data_RUN_START                                                
0003e844  _data_START                                                    
0003f914  dkek                                                           
0003f934  CounterVariable                                                
0003f938  SecondCounter                                                  
0003f93c  SecoundCounterDataPtr                                          
0003f940  ptr                                                            
0003f944  timestampAvailaible                                            
0003f948  vMemAccM_PartitionPublishRequestPtr                            
0003f94c  vMemAccM_SatellitePartitionDataPtr                             
0003f950  CertId_Copy                                                    
0003f952  Crypto_30_Hwa_ModuleInitialized                                
0003f953  Crypto_30_LibCv_ModuleInitialized                              
0003f957  KeyM_ModuleInitialized                                         
0003f958  NvM_TaskState_t                                                
0003f95b  _Data_Default_ALL_END                                          
0003f95b  _data_END                                                      
0003f95c  _Data_Default_ALL_LIMIT                                        
0003f95c  _data_LIMIT                                                    
0003f95c  _data_RUN_LIMIT                                                
0003f960  _OS_DATA_CORE0_VAR_NOINIT_RUN_START                            
0003f960  _OS_DATA_CORE0_VAR_NOINIT_START                                
0003f968  OsCfg_Core_OsCore0_Dyn                                         
0003f9ec  OsCfg_Hal_Context_OsCore0_ExceptionContext                     
0003fad3  _OS_DATA_CORE0_VAR_NOINIT_END                                  
0003fad4  _OS_DATA_CORE0_VAR_NOINIT_LIMIT                                
0003fad4  _OS_DATA_CORE0_VAR_NOINIT_RUN_LIMIT                            
0003fad4  _OS_DATA_SHARED_VAR_NOINIT_RUN_START                           
0003fad4  _OS_DATA_SHARED_VAR_NOINIT_START                               
0003faeb  _OS_DATA_SHARED_VAR_ALL_END                                    
0003faeb  _OS_DATA_SHARED_VAR_NOINIT_END                                 
0003faec  _OS_DATA_SHARED_VAR_ALL_LIMIT                                  
0003faec  _OS_DATA_SHARED_VAR_NOINIT_LIMIT                               
0003faec  _OS_DATA_SHARED_VAR_NOINIT_RUN_LIMIT                           
a1c02910  vMemAccM_PublishReq_Satellite_Id1                              
a1c0292c  vMemAccM_NVRAMAccessToken                                      
a1c02930  vMemAccM_PublishReq_Satellite_Id1_Data                         
ffffffff  __TI_pprof_out_hndl                                            
ffffffff  __TI_prof_data_size                                            
ffffffff  __TI_prof_data_start                                           
ffffffff  __binit__                                                      
ffffffff  binit                                                          

[1921 symbols]
