******************************************************************************
            TI ARM Clang Linker PC v1.3.0                      
******************************************************************************
>> Linked Mon Mar  9 18:10:54 2026

OUTPUT FILE NAME:   <DemoFbl.out>
ENTRY POINT SYMBOL: "brsStartupEntry"  address: 41c03930


MEMORY CONFIGURATION

         name            origin    length      used     unused   attr    fill
----------------------  --------  ---------  --------  --------  ----  --------
  MagicFlagRegion       40280000   00000008  00000008  00000000  RWIX
  SafeShutDownRegion    40280008   00000004  00000000  00000004  RWIX
  FBLAuthRegion         4028000c   00000002  00000000  00000002  RWIX
  vHsmIpcMemory         41c00000   00000380  0000037c  00000004  RWIX
  vHsmComm_HsmReserved  41c00380   00000580  000004a8  000000d8  RWIX
  vHsmComm_Host2Hsm     41c00900   00000004  00000000  00000004  RWIX
  vHSMComm_Hsm2Host     41c00904   00000004  00000000  00000004  RWIX
  vHsmGlobalRamBuffer   41c00908   00002000  00001fa8  00000058  RWIX
  IPCRAM_BMStack        41c02910   00001400  00001114  000002ec  RWIX
  OCMRAM_Stack          41cc0000   00001000  00000000  00001000  RWIX
  OCMCRAM_Common_Startu 41cc1000   00000800  00000000  00000800  RWIX
  OCMCRAM_Common        41cc1800   0000a800  00000000  0000a800  RWIX
  OCMCRAM_Common_NonCac 41ccc000   00000400  00000010  000003f0  RWIX
  OCMCRAM_Core0         41ccc400   00000400  00000000  00000400  RWIX
  EthArea               70040000   00018000  00000000  00018000  RWIX
  CddIpcArea            70058000   00068000  00000000  00068000  RWIX
  DataBssRegion_Shared  700c0000   00000100  00000000  00000100  RWIX
  DataBssRegion         700c0100   0005ff00  000138b0  0004c650  RWIX
  BmHdrArea             90800000   00000020  00000000  00000020  RWIX
  BmCodeConstArea       90800020   000fffe0  00000000  000fffe0  RWIX
  FblFCAheaderArea      90900000   000001c0  00000000  000001c0  RWIX
  FblHeaderArea         909001c0   00000020  0000001c  00000004  RWIX
  FblBmHdrHeaderArea    909001e0   00000020  00000018  00000008  RWIX
  FblCodeConstArea      90900200   0007a000  0005ecbc  0001b344  RWIX
  EepDummyArea          9097a200   00001000  00000000  00001000  RWIX
  FblLBPPArea           9097c000   00002000  00000004  00001ffc  RWIX
  FblBlockPPArea        9097e000   00002000  00000000  00002000  RWIX
  ApplUpdBmHdrHeaderAre 90a00000   00000020  00000000  00000020  RWIX
  ApplUpdCodeConstArea  90a00020   003ffbe0  00000000  003ffbe0  RWIX
  ApplUpdBlockPPArea    90dffc00   00000200  00000000  00000200  RWIX
  ApplUpdLBPPArea       90dffe00   00000200  00000000  00000200  RWIX


SEGMENT ALLOCATION MAP

run origin  load origin   length   init length attrs members
----------  ----------- ---------- ----------- ----- -------
40280000    40280000    00000008   00000000    rw-
  40280000    40280000    00000008   00000000    rw- .MagicFlagSectionGroup
41c00000    41c00000    00000328   00000000    rw-
  41c00000    41c00000    00000328   00000000    rw- .vLinkGenVarSectionGroup
41c00328    41c00328    00000500   00000500    r-x
  41c00328    41c00328    00000054   00000054    r-- .cinit
  41c00380    41c00380    000004a8   000004a8    r-x .startupCode
41c00908    41c00908    00001c94   00000000    rw-
  41c00908    41c00908    00001c94   00000000    rw- .vHsmGlobalRamBufferGroup
41c0259c    41c0259c    00000314   00000314    r--
  41c0259c    41c0259c    00000314   00000314    r-- .startupData
41c02910    90900200    00001020   00001020    rw-
  41c02910    90900200    00001020   00001020    rw- .MasterSatelliteSharedRamSection
41c03930    41c03930    000000f4   000000f4    r-x
  41c03930    41c03930    000000f4   000000f4    r-x .brsStartup
41ccc000    41ccc000    00000010   00000000    rw-
  41ccc000    41ccc000    00000010   00000000    rw- .SysMem
700c0100    700c0100    0000e218   00000000    rw-
  700c0100    700c0100    0000e218   00000000    rw- .RamBssSecGroup
700ce318    90959888    00005698   00005698    rw-
  700ce318    90959888    00005698   00005698    rw- .RamDataSecGroup
909001c0    909001c0    00000038   00000038    r--
  909001c0    909001c0    0000001c   0000001c    r-- .FblHeaderSecGroup
  909001e0    909001e0    00000018   00000018    r-- .FblBmHdrHeaderSecGroup
90901280    90901280    00058604   00058604    r-x
  90901280    90901280    00058604   00058604    r-x .FblCodeConstSecGroup
9097c000    9097c000    00000004   00000004    r--
  9097c000    9097c000    00000004   00000004    r-- .FblPresPatternSecGroup


SECTION ALLOCATION MAP

 output                                  attributes/
section   page    origin      length       input sections
--------  ----  ----------  ----------   ----------------
.EepDummySectionGroup 
*          0    9097a200    00000000     UNINITIALIZED

.FblBmHdrHeaderSecGroup 
*          0    909001e0    00000018     
                  909001e0    00000018     FblBmHdr_Lcfg.o (.BmHdrHeaderSection)

.FblCodeConstSecGroup 
*          0    90901280    00058604     
                  90901280    00001904     sciclient_direct.aer5f : sciclient_boardcfg.oer5f (.boardcfg_data)
                  90902b84    0000384c     rm_pm_hal.aer5f : devices.oer5f (.const.devgroup.MAIN)
                  909063d0    00000960                     : devices.oer5f (.const.devgroup.MCU_WAKEUP)
                  90906d30    0000000c                     : devices.oer5f (.const.devgroup.TIFS_INTERNAL)
                  90906d3c    00000004     --HOLE-- [fill = 0]
                  90906d40    00002510                     : clocks.oer5f (.rodata.soc_clock_data)
                  90909250    000008c4     NvM_Cfg.o (.rodata.NvM_BlockDescriptorTable_at)
                  90909b14    000005dc     rm_pm_hal.aer5f : devices.oer5f (.rodata.soc_device_data_arr)
                  9090a0f0    000005b0                     : clocks.oer5f (.rodata.soc_pll_table)
                  9090a6a0    000002c0     BrsHw.o (.rodata.gCslR5MpuCfg)
                  9090a960    000002c0     sciclient_direct.aer5f : sciclient_fmwSecureProxyMap.oer5f (.rodata.gSciclientMap)
                  9090ac20    00000290                            : sciclient_irq_rm.oer5f (.rodata.gRmIrqTree)
                  9090aeb0    00000288     NvM_JobProc.o (.rodata.NvM_StateDescrTable_at)
                  9090b138    00000210     fbl_diag_oem.o (.rodata.kFblDiagServiceTable)
                  9090b348    000001e8     WrapNv_Cfg.o (.rodata.kWrapNvDefaultValue_NvMBlockDescriptor_SecureLogGroup1)
                  9090b530    000001e8     WrapNv_Cfg.o (.rodata.kWrapNvDefaultValue_NvMBlockDescriptor_SecureLogGroup2)
                  9090b718    00000194     Fbl_Lbt.o (.rodata.FblLogicalBlockTable)
                  9090b8ac    00000180     Ea_Cfg.o (.rodata.Ea_BlockConfigList)
                  9090ba2c    00000180     WrapNv_Cfg.o (.rodata.kWrapNvBlockTbl)
                  9090bbac    00000170     WrapNv_Cfg.o (.rodata.kWrapNvRecordTbl)
                  9090bd1c    00000126     rm_pm_hal.aer5f : ia_pe_conf.oer5f (.rodata.ia_soc_pe_init_list)
                  9090be42    00000126                     : ir_pe_conf.oer5f (.rodata.ir_soc_pe_init_list)
                  9090bf68    00000100     ti.board.aer5f : tps65941.oer5f (.rodata.CRC_8_TABLE)
                  9090c068    000000fe     rm_pm_hal.aer5f : host_idx_mapping.oer5f (.rodata.soc_host_indexes)
                  9090c166    000000d8     fbl_apdi.o (.rodata.ApplFblReadDataByIdentifier.didTable)
                  9090c23e    00000002     CanIf_Lcfg.o (.rodata.CanIf_CanIfCtrlId2MappedTxBuffersConfig)
                  9090c240    000000d0     NvM_Act.o (.rodata.NvM_ActionTable_ap)
                  9090c310    000000b4     Csm_Cfg.o (.rodata.Csm_JobPrimitiveInfo)
                  9090c3c4    000000b4     Csm_Cfg.o (.rodata.Csm_PrimitiveInfo)
                  9090c478    000000b4     Fee_Lcfg.o (.rodata.Fee_BlockConfig_at)
                  9090c52c    000000b0     WrapNv_Cfg.o (.rodata.kWrapNvDefaultValue_NvMBlockDescriptor_FileHeader)
                  9090c5dc    000000a0     fbl_diag_oem.o (.rodata.kFblDiagSubtableRoutine)
                  9090c67c    0000009c     rm_pm_hal.aer5f : clocks.oer5f (.rodata.soc_clock_freq_defaults)
                  9090c718    00000094     NvM_Qry.o (.rodata.NvM_QueryTable_ap)
                  9090c7ac    00000090     Crypto_30_vHsm_Cfg.o (.rodata.Crypto_30_vHsm_Ipc_MemoryLayout)
                  9090c83c    00000090     Fbl_Fbt.o (.rodata.FlashBlock)
                  9090c8cc    00000090     rm_pm_hal.aer5f : rm_udmap.oer5f (.rodata.local_rm_udmap_ch_valid_masks)
                  9090c95c    0000008c     ti.csl.aer5f : i2c.oer5f (.rodata.str1.1)
                  9090c9e8    0000007e     WrapNv_Cfg.o (.rodata.kWrapNvDefaultValue_NvMBlockDescriptor_MetaData)
                  9090ca66    00000002     CanIf_Lcfg.o (.rodata.CanIf_TxBufferPrioByCanIdByteQueueMappedTxPdus)
                  9090ca68    00000060     I2c_PBcfg.o (.rodata.I2c_ConstSeqDescrList_I2cConfigSet)
                  9090cac8    00000060     SecMPar.o (.rodata.SecM_JobInfo)
                  9090cb28    00000050     CryIf_Cfg.o (.rodata.CryIf_Key)
                  9090cb78    0000004d     fbl_ap.o (.rodata.fblCommonData)
                  9090cbc5    00000003     FblMio_Cfg.o (.rodata.FblMemInstanceMapping)
                  9090cbc8    00000048     Csm_Cfg.o (.rodata.Csm_JobInfo)
                  9090cc10    00000048     rm_pm_hal.aer5f : ra_cfg.oer5f (.rodata.ring_types_NAVSS0_RINGACC_0)
                  9090cc58    00000048                     : devices.oer5f (.rodata.soc_devgroups)
                  9090cca0    00000048                     : udmap_cfg.oer5f (.rodata.tx_ch_types_NAVSS0_UDMAP_0)
                  9090cce8    00000048     vLinkGen_Lcfg.o (.rodata.vLinkGen_Init_One_Groups)
                  9090cd30    00000048     vMemAccM_Lcfg.o (.rodata.vMemAccM_SubAddressArea)
                  9090cd78    00000044     CryIf_Cfg.o (.rodata.CryIf_CryptoFunctions)
                  9090cdbc    00000044     Fee_Lcfg.o (.rodata.Fee_PartitionConfig_at)
                  9090ce00    00000042     rm_pm_hal.aer5f : irq_cfg.oer5f (.rodata.irq_global_event_types)
                  9090ce42    00000041     Can_30_Mcan.o (.rodata.Can_30_Mcan_MessageLengthToDlc)
                  9090ce83    00000001     CanIf_Lcfg.o (.rodata.CanIf_MappedTxBuffersConfig)
                  9090ce84    00000040     MemIf_Cfg.o (.rodata.MemIf_MemHwaApis)
                  9090cec4    00000040     rm_pm_hal.aer5f : clocks.oer5f (.rodata.clk_ATL_AWS_SEL_out0_parents)
                  9090cf04    00000040                     : clocks.oer5f (.rodata.clk_ATL_BWS_SEL_out0_parents)
                  9090cf44    00000040                     : clocks.oer5f (.rodata.clk_McASP_AHCLKO_out0_parents)
                  9090cf84    00000040                     : clocks.oer5f (.rodata.clk_obsclk0_mux_parents)
                  9090cfc4    00000040     sciclient_direct.aer5f : sciclient_irq_rm.oer5f (.rodata.tisci_if_PCIE1)
                  9090d004    0000003c     Ea_Cfg.o (.rodata.Ea_PartitionConfigList)
                  9090d040    0000003c     I2c_PBcfg.o (.rodata.I2c_ConstChannelDescrList_I2cConfigSet)
                  9090d07c    0000003c     fbl_diag_oem.o (.rodata.kFblDiagSubtableSessionControl)
                  9090d0b8    0000003c     sciclient_direct.aer5f : sciclient_irq_rm.oer5f (.rodata.tisci_if_GPIOMUX_INTRTR0)
                  9090d0f4    00000038     CanTp_Lcfg.o (.rodata.CanTp_RxSduCfg)
                  9090d12c    00000038     PduR_Lcfg.o (.rodata.PduR_MmRom)
                  9090d164    00000038     sciclient_direct.aer5f : sciclient_irq_rm.oer5f (.rodata.tisci_if_NAVSS0_INTR_0)
                  9090d19c    00000038                            : sciclient_irq_rm.oer5f (.rodata.tisci_if_TIMESYNC_INTRTR0)
                  9090d1d4    00000036     rm_pm_hal.aer5f : udmap_cfg.oer5f (.rodata.rx_ch_types_NAVSS0_UDMAP_0)
                  9090d20a    00000032                     : clk_pll_16fft.oer5f (.rodata.postdiv_mapping)
                  9090d23c    00000030     CanIf_Lcfg.o (.rodata.CanIf_RxPduConfig)
                  9090d26c    00000030     CryIf_Cfg.o (.rodata.CryIf_Channel)
                  9090d29c    00000030     Crypto_30_vHsm_Cfg.o (.rodata.Crypto_30_vHsm_ObjectInfo)
                  9090d2cc    00000030     Eep_30_XXi2c01_PBcfg.o (.rodata.Eep_30_XXi2c01_Runtime)
                  9090d2fc    00000030     rm_pm_hal.aer5f : clk_pll_16fft.oer5f (.rodata.pll_16fft_hsdiv_data)
                  9090d32c    00000030                     : clk_pll_16fft.oer5f (.rodata.pll_16fft_postdiv_data)
                  9090d35c    00000030                     : clk_pll_16fft.oer5f (.rodata.pll_16fft_raw_data)
                  9090d38c    00000030                     : clocks.oer5f (.rodata.soc_clock_ranges)
                  9090d3bc    00000030     sciclient_direct.aer5f : sciclient_irq_rm.oer5f (.rodata.tisci_if_WKUP_GPIOMUX_INTRTR0)
                  9090d3ec    00000030     vLinkGen_Lcfg.o (.rodata.vLinkGen_ZeroInit_One_Blocks)
                  9090d41c    00000030     vMem_30_vXSpi_Nand.o (.rodata.vMem_30_vXSpi_Nand_FunctionPointerTable)
                  9090d44c    00000030     vMem_30_vXSpi_Nand_Lcfg.o (.rodata.vMem_30_vXSpi_Nand_MemSector)
                  9090d47c    0000002e     WrapNv_Cfg.o (.rodata.kWrapNvDefaultValue_NvMBlockDescriptor_CertAccessInfo)
                  9090d4aa    0000002a     CanIf.o (.rodata.CanIfState)
                  9090d4d4    00000028     Csm_Cfg.o (.rodata.Csm_QueueInfo)
                  9090d4fc    00000004     CanIf_Lcfg.o (.rodata.CanIf_BusOffNotificationFctPtr)
                  9090d500    00000028     ti.drv.i2c.aer5f : I2C_drv.oer5f (.rodata.I2C_defaultTransaction)
                  9090d528    00000028     fbl_diag_oem.o (.rodata.kFblDiagSubtableCommControl)
                  9090d550    00000028     fbl_diag_oem.o (.rodata.kFblDiagSubtableSecAccess)
                  9090d578    00000028     rm_pm_hal.aer5f : ra_cfg.oer5f (.rodata.ring_types_MCU_NAVSS0_RINGACC0)
                  9090d5a0    00000024                     : rm_udmap.oer5f (.rodata..Lswitch.table.udmap_validate_burst_size)
                  9090d5c4    00000024     Can_30_Mcan_Lcfg.o (.rodata.Can_30_Mcan_ShmAdr)
                  9090d5e8    00000024     Csm_Cfg.o (.rodata.Csm_Key)
                  9090d60c    00000024     PduR_Lcfg.o (.rodata.PduR_RmGDestRom)
                  9090d630    00000024     rm_pm_hal.aer5f : clk_pll_16fft.oer5f (.rodata.clk_drv_div_pll_16fft_hsdiv)
                  9090d654    00000024                     : clk_pll_16fft.oer5f (.rodata.clk_drv_div_pll_16fft_postdiv)
                  9090d678    00000024                     : clk_div.oer5f (.rodata.clk_drv_div_reg)
                  9090d69c    00000024                     : clk_div.oer5f (.rodata.clk_drv_div_reg_go)
                  9090d6c0    00000024                     : udmap_cfg.oer5f (.rodata.rx_ch_types_MCU_NAVSS0_UDMAP_0)
                  9090d6e4    00000024                     : udmap_cfg.oer5f (.rodata.tx_ch_types_MCU_NAVSS0_UDMAP_0)
                  9090d708    00000024                     : ia_cfg.oer5f (.rodata.unmapped_events_NAVSS0_UDMASS_INTA_0)
                  9090d72c    00000022     libc.a : _printfi.c.obj (.rodata.str1.1)
                  9090d74e    00000002     CanTp_Lcfg.o (.rodata.CanTp_TxSduCfgInd)
                  9090d750    00000020     Ea_Cfg.o (.rodata.Ea_EepApi0)
                  9090d770    00000020     rm_pm_hal.aer5f : clocks.oer5f (.rodata.clk_ATL_PCLKMUX_parents)
                  9090d790    00000020                     : clocks.oer5f (.rodata.clk_CPSW2G_CPTS_RCLK_SEL_parents)
                  9090d7b0    00000020                     : clocks.oer5f (.rodata.clk_GTC_CLK_MUX_parents)
                  9090d7d0    00000020                     : clocks.oer5f (.rodata.clk_MAIN_TIMER16_AFS_SEL_parents)
                  9090d7f0    00000020                     : clocks.oer5f (.rodata.clk_MAIN_TIMER_CLKSEL_out0_parents)
                  9090d810    00000020                     : clocks.oer5f (.rodata.clk_MCU_OBSCLK_SEL_parents)
                  9090d830    00000020                     : clk_mux_j7_dpi.oer5f (.rodata.clk_drv_mux_j7_dpi_0_pclk)
                  9090d850    00000020                     : clk_mux_j7_dpi.oer5f (.rodata.clk_drv_mux_j7_dpi_1_clk_out)
                  9090d870    00000020                     : clk_mux_j7_dpi.oer5f (.rodata.clk_drv_mux_j7_dpi_2_pclk)
                  9090d890    00000020                     : clk_mux.oer5f (.rodata.clk_drv_mux_reg)
                  9090d8b0    00000020                     : clk_mux_j7_dpi.oer5f (.rodata.clk_drv_mux_reg_j7_dpi_3_pclk)
                  9090d8d0    00000020                     : clk_pllctrl.oer5f (.rodata.clk_drv_pllctrl_mux_reg_ro)
                  9090d8f0    00000020                     : clocks.oer5f (.rodata.clk_mcasp_ahclkr_mux_out0_parents)
                  9090d910    00000020     sciclient_direct.aer5f : sciclient_irq_rm.oer5f (.rodata.tisci_if_CMPEVENT_INTRTR0)
                  9090d930    00000020                            : sciclient_irq_rm.oer5f (.rodata.tisci_if_NAVSS0)
                  9090d950    00000020     vLinkGen_Lcfg.o (.rodata.vLinkGen_ZeroInit_Early_Groups)
                  9090d970    00000020     vLinkGen_Lcfg.o (.rodata.vLinkGen_ZeroInit_One_Groups)
                  9090d990    0000001d     ti.osal.aer5f : SemaphoreP_nonos.oer5f (.rodata.str1.1)
                  9090d9ad    00000003     fbl_diag_oem.o (.rodata.kFblDiagSubtableRC_StartApplBlockHash)
                  9090d9b0    0000001c     SecMPar.o (.rodata.SecM_SignaturePrimitives)
                  9090d9cc    0000001c     Fbl_Fbt.o (.rodata.memDrvLst)
                  9090d9e8    0000001c     sciclient_direct.aer5f : sciclient_irq_rm.oer5f (.rodata.tisci_if_CPSW1)
                  9090da04    0000001b     Csm_Cfg.o (.rodata.Csm_JobTable)
                  9090da1f    0000001b     NvM_JobProc.o (.rodata.NvM_IntServiceDescrTable_at)
                  9090da3a    00000002     CanTp_Lcfg.o (.rodata.CanTp_TxSduSnv2Hdl)
                  9090da3c    00000018     rm_pm_hal.aer5f : clk_soc_hfosc0.oer5f (.rodata..L__const.clk_soc_hfosc0_get_freq.freq_table)
                  9090da54    00000018                     : rm_udmap.oer5f (.rodata..Lswitch.table.udmap_validate_burst_size.1)
                  9090da6c    00000018     CanIf_Lcfg.o (.rodata.CanIf_TxPduConfig)
                  9090da84    00000018     Can_30_Mcan_Lcfg.o (.rodata.Can_30_Mcan_ControllerConfig)
                  9090da9c    00000018     Crypto_30_vHsm_Cfg.o (.rodata.Crypto_30_vHsm_MemoryArea)
                  9090dab4    00000018     I2c_PBcfg.o (.rodata.I2c_ConstBusDescrList_I2cConfigSet)
                  9090dacc    00000018     PduR_Lcfg.o (.rodata.PduR_RmDestRom)
                  9090dae4    00000018     PduR_Lcfg.o (.rodata.PduR_RmSrcRom)
                  9090dafc    00000018     rm_pm_hal.aer5f : clk_fixed.oer5f (.rodata.clk_drv_fixed)
                  9090db14    00000018                     : clk_dev.oer5f (.rodata.clk_drv_from_device)
                  9090db2c    00000018                     : clk_pll_16fft.oer5f (.rodata.clk_drv_pll_16fft)
                  9090db44    00000018                     : clk_soc_hfosc0.oer5f (.rodata.clk_drv_soc_hfosc0)
                  9090db5c    00000018     sciclient_direct.aer5f : sciclient_irq_rm.oer5f (.rodata.tisci_if_DSS0)
                  9090db74    00000018                            : sciclient_irq_rm.oer5f (.rodata.tisci_if_VUSR_DUAL0)
                  9090db8c    00000018     vXSpi_Cfg.o (.rodata.vXSpi_Devices_HwConfig)
                  9090dba4    00000017     ti.osal.aer5f : HwiP_nonos.oer5f (.rodata.str1.1)
                  9090dbbb    00000015     vMem_30_vXSpi_Nand_Lcfg.o (.rodata.vMem_30_vXSpi_Nand_vMemDeviceConfig)
                  9090dbd0    00000015     vXSpi_Cfg.o (.rodata.vXSpi_ProtocolModes_HwConfig)
                  9090dbe5    00000003     fbl_diag_oem.o (.rodata.kFblDiagSubtableRC_StartBootBlockHash)
                  9090dbe8    00000014     ti.drv.i2c.aer5f : I2C_v1.oer5f (.rodata.I2C_v1_FxnTable)
                  9090dbfc    00000014     I2c_PBcfg.o (.rodata.I2c_ConfigSet)
                  9090dc10    00000014     NvM_Crc.o (.rodata.NvM_Crc_Crc16Handler_t)
                  9090dc24    00000014     NvM_Crc.o (.rodata.NvM_Crc_NoCrcHandler_t)
                  9090dc38    00000014     rm_pm_hal.aer5f : clocks.oer5f (.rodata.clk_data_pllfracf2_ssmod_16fft_main_0)
                  9090dc4c    00000014                     : clocks.oer5f (.rodata.clk_data_pllfracf2_ssmod_16fft_main_12)
                  9090dc60    00000014                     : clocks.oer5f (.rodata.clk_data_pllfracf2_ssmod_16fft_main_14)
                  9090dc74    00000014                     : clocks.oer5f (.rodata.clk_data_pllfracf2_ssmod_16fft_main_16)
                  9090dc88    00000014                     : clocks.oer5f (.rodata.clk_data_pllfracf2_ssmod_16fft_main_17)
                  9090dc9c    00000014                     : clocks.oer5f (.rodata.clk_data_pllfracf2_ssmod_16fft_main_19)
                  9090dcb0    00000014                     : clocks.oer5f (.rodata.clk_data_pllfracf2_ssmod_16fft_main_1)
                  9090dcc4    00000014                     : clocks.oer5f (.rodata.clk_data_pllfracf2_ssmod_16fft_main_25)
                  9090dcd8    00000014                     : clocks.oer5f (.rodata.clk_data_pllfracf2_ssmod_16fft_main_26)
                  9090dcec    00000014                     : clocks.oer5f (.rodata.clk_data_pllfracf2_ssmod_16fft_main_2)
                  9090dd00    00000014                     : clocks.oer5f (.rodata.clk_data_pllfracf2_ssmod_16fft_main_3)
                  9090dd14    00000014                     : clocks.oer5f (.rodata.clk_data_pllfracf2_ssmod_16fft_main_4)
                  9090dd28    00000014                     : clocks.oer5f (.rodata.clk_data_pllfracf2_ssmod_16fft_main_5)
                  9090dd3c    00000014                     : clocks.oer5f (.rodata.clk_data_pllfracf2_ssmod_16fft_main_6)
                  9090dd50    00000014                     : clocks.oer5f (.rodata.clk_data_pllfracf2_ssmod_16fft_main_7)
                  9090dd64    00000014                     : clocks.oer5f (.rodata.clk_data_pllfracf2_ssmod_16fft_main_8)
                  9090dd78    00000014                     : clocks.oer5f (.rodata.clk_data_pllfracf2_ssmod_16fft_mcu_0)
                  9090dd8c    00000014                     : clocks.oer5f (.rodata.clk_data_pllfracf2_ssmod_16fft_mcu_1)
                  9090dda0    00000014                     : clocks.oer5f (.rodata.clk_data_pllfracf2_ssmod_16fft_mcu_2)
                  9090ddb4    00000014                     : irq_cfg.oer5f (.rodata.evt_rt_srcs)
                  9090ddc8    00000014     fbl_diag_oem.o (.rodata.kFblDiagSubtableEcuReset)
                  9090dddc    00000014     fbl_diag_oem.o (.rodata.kFblDiagSubtableReadDtcInfo)
                  9090ddf0    00000014     fbl_diag_oem.o (.rodata.kFblDiagSubtableTesterPresent)
                  9090de04    00000014     vMem_30_vXSpi_Nand_Lcfg.o (.rodata.vMem_30_vXSpi_Nand_vMemInstance)
                  9090de18    00000014     vXSpi_Cfg.o (.rodata.vXSpi_HwConfig)
                  9090de2c    00000004     CanIf_Lcfg.o (.rodata.CanIf_CtrlModeIndicationFctPtr)
                  9090de30    00000013     sciclient_direct.aer5f : sciclient_boardcfg.oer5f (.rodata..L__const.Sciclient_boardCfg.request)
                  9090de43    00000005     vMem_30_vXSpi_Nand_LL_FlsCmdSequences.o (.rodata..L__const.vMem_30_vXSpi_Nand_LL_FlsCmdSequences_ConvertAddressFormatTovXSpiAddressFormat.vXSpiAddressFormatMap)
                  9090de48    00000013     sciclient_direct.aer5f : sciclient_boardcfg.oer5f (.rodata..L__const.Sciclient_boardCfgPm.request)
                  9090de5b    00000005     Can_30_Mcan_Lcfg.o (.rodata.Can_30_Mcan_ShmElementSize)
                  9090de60    00000013     sciclient_direct.aer5f : sciclient_boardcfg.oer5f (.rodata..L__const.Sciclient_boardCfgRm.request)
                  9090de73    00000004     CanIf_Lcfg.o (.rodata.CanIf_TxBufferPrioByCanIdByteQueueConfig)
                  9090de77    00000001     Can_30_Mcan_Lcfg.o (.rodata.Can_30_Mcan_CanIfChannelId)
                  9090de78    00000013     sciclient_direct.aer5f : sciclient_boardcfg.oer5f (.rodata..L__const.Sciclient_boardCfgSec.request)
                  9090de8b    00000013     rm_pm_hal.aer5f : clocks.oer5f (.rodata.pllfracf2_ssmod_16fft_main_25_entries)
                  9090de9e    00000012     Can_30_Mcan_Lcfg.o (.rodata.Can_30_Mcan_Mailbox)
                  9090deb0    00000012     rm_pm_hal.aer5f : clocks.oer5f (.rodata.clk_DPI1_CLKOUT_SEL_parents)
                  9090dec2    00000012                     : udmap_cfg.oer5f (.rodata.rx_ch_types_NAVSS0_BCDMA_0)
                  9090ded4    00000012                     : udmap_cfg.oer5f (.rodata.tx_ch_types_NAVSS0_BCDMA_0)
                  9090dee6    00000011     WrapNv_Cfg.o (.rodata.kWrapNvDefaultValue_SWC_ConfigMgrVIN_OriginalVal)
                  9090def7    00000001     Can_30_Mcan_Lcfg.o (.rodata.Can_30_Mcan_GFC)
                  9090def8    00000010     CanIf_Lcfg.o (.rodata.CanIf_RxIndicationFctList)
                  9090df08    00000010     CanTp_Lcfg.o (.rodata.CanTp_RxPduMap)
                  9090df18    00000010     Fee_Lcfg.o (.rodata.Fee_Config)
                  9090df28    00000010     NvM_Crc.o (.rodata.NvM_CrcHandlerTable_at)
                  9090df38    00000010     rm_pm_hal.aer5f : clocks.oer5f (.rodata.clk_DPI_3_PCLK_SEL_parents)
                  9090df48    00000010                     : clocks.oer5f (.rodata.clk_MAIN_WWDT_RTICLK_SEL_out0_parents)
                  9090df58    00000010                     : clocks.oer5f (.rodata.clk_MCU_TIMER_CLKSEL_out0_parents)
                  9090df68    00000010                     : clocks.oer5f (.rodata.clk_MCU_WWD_CLKSEL_out0_parents)
                  9090df78    00000010                     : clocks.oer5f (.rodata.clk_McASP_AUXCLK_SEL_out0_parents)
                  9090df88    00000010                     : clocks.oer5f (.rodata.clk_data_ATL_AWS_SEL_out0)
                  9090df98    00000010                     : clocks.oer5f (.rodata.clk_data_ATL_AWS_SEL_out1)
                  9090dfa8    00000010                     : clocks.oer5f (.rodata.clk_data_ATL_AWS_SEL_out2)
                  9090dfb8    00000010                     : clocks.oer5f (.rodata.clk_data_ATL_AWS_SEL_out3)
                  9090dfc8    00000010                     : clocks.oer5f (.rodata.clk_data_ATL_BWS_SEL_out0)
                  9090dfd8    00000010                     : clocks.oer5f (.rodata.clk_data_ATL_BWS_SEL_out1)
                  9090dfe8    00000010                     : clocks.oer5f (.rodata.clk_data_ATL_BWS_SEL_out2)
                  9090dff8    00000010                     : clocks.oer5f (.rodata.clk_data_ATL_BWS_SEL_out3)
                  9090e008    00000010                     : clocks.oer5f (.rodata.clk_data_ATL_PCLKMUX_out0)
                  9090e018    00000010                     : clocks.oer5f (.rodata.clk_data_CPSW2G_CPTS_RCLK_SEL_out0)
                  9090e028    00000010                     : clocks.oer5f (.rodata.clk_data_DPHY_CLK_SEL_out0)
                  9090e038    00000010                     : clocks.oer5f (.rodata.clk_data_DPHY_CLK_SEL_out1)
                  9090e048    00000010                     : clocks.oer5f (.rodata.clk_data_DPI0_EXT_CLKSEL_out0)
                  9090e058    00000010                     : clocks.oer5f (.rodata.clk_data_DPI_1_PCLK_SEL_out0)
                  9090e068    00000010                     : clocks.oer5f (.rodata.clk_data_DPI_3_PCLK_SEL_out0)
                  9090e078    00000010                     : clocks.oer5f (.rodata.clk_data_EMMCSD1_LB_CLKSEL_out0)
                  9090e088    00000010                     : clocks.oer5f (.rodata.clk_data_EMMCSD_REFCLK_SEL_out0)
                  9090e098    00000010                     : clocks.oer5f (.rodata.clk_data_EMMCSD_REFCLK_SEL_out1)
                  9090e0a8    00000010                     : clocks.oer5f (.rodata.clk_data_GTC_CLK_MUX_out0)
                  9090e0b8    00000010                     : clocks.oer5f (.rodata.clk_data_MAIN_CPSW2_CPTS_CLK_MUX_out0)
                  9090e0c8    00000010                     : clocks.oer5f (.rodata.clk_data_MAIN_PLL4_XREF_SEL_out0)
                  9090e0d8    00000010                     : clocks.oer5f (.rodata.clk_data_MAIN_PLL_HFOSC_SEL_out0)
                  9090e0e8    00000010                     : clocks.oer5f (.rodata.clk_data_MAIN_PLL_HFOSC_SEL_out12)
                  9090e0f8    00000010                     : clocks.oer5f (.rodata.clk_data_MAIN_PLL_HFOSC_SEL_out14)
                  9090e108    00000010                     : clocks.oer5f (.rodata.clk_data_MAIN_PLL_HFOSC_SEL_out16)
                  9090e118    00000010                     : clocks.oer5f (.rodata.clk_data_MAIN_PLL_HFOSC_SEL_out17)
                  9090e128    00000010                     : clocks.oer5f (.rodata.clk_data_MAIN_PLL_HFOSC_SEL_out19)
                  9090e138    00000010                     : clocks.oer5f (.rodata.clk_data_MAIN_PLL_HFOSC_SEL_out1)
                  9090e148    00000010                     : clocks.oer5f (.rodata.clk_data_MAIN_PLL_HFOSC_SEL_out25_0)
                  9090e158    00000010                     : clocks.oer5f (.rodata.clk_data_MAIN_PLL_HFOSC_SEL_out26_0)
                  9090e168    00000010                     : clocks.oer5f (.rodata.clk_data_MAIN_PLL_HFOSC_SEL_out2)
                  9090e178    00000010                     : clocks.oer5f (.rodata.clk_data_MAIN_PLL_HFOSC_SEL_out3)
                  9090e188    00000010                     : clocks.oer5f (.rodata.clk_data_MAIN_PLL_HFOSC_SEL_out4)
                  9090e198    00000010                     : clocks.oer5f (.rodata.clk_data_MAIN_PLL_HFOSC_SEL_out5)
                  9090e1a8    00000010                     : clocks.oer5f (.rodata.clk_data_MAIN_PLL_HFOSC_SEL_out6)
                  9090e1b8    00000010                     : clocks.oer5f (.rodata.clk_data_MAIN_PLL_HFOSC_SEL_out7)
                  9090e1c8    00000010                     : clocks.oer5f (.rodata.clk_data_MAIN_PLL_HFOSC_SEL_out8)
                  9090e1d8    00000010                     : clocks.oer5f (.rodata.clk_data_MAIN_TIMER16_AFS_EN_out0)
                  9090e1e8    00000010                     : clocks.oer5f (.rodata.clk_data_MAIN_TIMER16_AFS_SEL_out0)
                  9090e1f8    00000010                     : clocks.oer5f (.rodata.clk_data_MAIN_TIMER17_AFS_EN_out0)
                  9090e208    00000010                     : clocks.oer5f (.rodata.clk_data_MAIN_TIMER17_AFS_SEL_out0)
                  9090e218    00000010                     : clocks.oer5f (.rodata.clk_data_MAIN_TIMER18_AFS_EN_out0)
                  9090e228    00000010                     : clocks.oer5f (.rodata.clk_data_MAIN_TIMER18_AFS_SEL_out0)
                  9090e238    00000010                     : clocks.oer5f (.rodata.clk_data_MAIN_TIMER19_AFS_EN_out0)
                  9090e248    00000010                     : clocks.oer5f (.rodata.clk_data_MAIN_TIMER19_AFS_SEL_out0)
                  9090e258    00000010                     : clocks.oer5f (.rodata.clk_data_MAIN_TIMER_CLKSEL_out0)
                  9090e268    00000010                     : clocks.oer5f (.rodata.clk_data_MAIN_TIMER_CLKSEL_out10)
                  9090e278    00000010                     : clocks.oer5f (.rodata.clk_data_MAIN_TIMER_CLKSEL_out11)
                  9090e288    00000010                     : clocks.oer5f (.rodata.clk_data_MAIN_TIMER_CLKSEL_out12)
                  9090e298    00000010                     : clocks.oer5f (.rodata.clk_data_MAIN_TIMER_CLKSEL_out13)
                  9090e2a8    00000010                     : clocks.oer5f (.rodata.clk_data_MAIN_TIMER_CLKSEL_out14)
                  9090e2b8    00000010                     : clocks.oer5f (.rodata.clk_data_MAIN_TIMER_CLKSEL_out15)
                  9090e2c8    00000010                     : clocks.oer5f (.rodata.clk_data_MAIN_TIMER_CLKSEL_out16)
                  9090e2d8    00000010                     : clocks.oer5f (.rodata.clk_data_MAIN_TIMER_CLKSEL_out17)
                  9090e2e8    00000010                     : clocks.oer5f (.rodata.clk_data_MAIN_TIMER_CLKSEL_out18)
                  9090e2f8    00000010                     : clocks.oer5f (.rodata.clk_data_MAIN_TIMER_CLKSEL_out19)
                  9090e308    00000010                     : clocks.oer5f (.rodata.clk_data_MAIN_TIMER_CLKSEL_out1)
                  9090e318    00000010                     : clocks.oer5f (.rodata.clk_data_MAIN_TIMER_CLKSEL_out2)
                  9090e328    00000010                     : clocks.oer5f (.rodata.clk_data_MAIN_TIMER_CLKSEL_out3)
                  9090e338    00000010                     : clocks.oer5f (.rodata.clk_data_MAIN_TIMER_CLKSEL_out4)
                  9090e348    00000010                     : clocks.oer5f (.rodata.clk_data_MAIN_TIMER_CLKSEL_out5)
                  9090e358    00000010                     : clocks.oer5f (.rodata.clk_data_MAIN_TIMER_CLKSEL_out6)
                  9090e368    00000010                     : clocks.oer5f (.rodata.clk_data_MAIN_TIMER_CLKSEL_out7)
                  9090e378    00000010                     : clocks.oer5f (.rodata.clk_data_MAIN_TIMER_CLKSEL_out8)
                  9090e388    00000010                     : clocks.oer5f (.rodata.clk_data_MAIN_TIMER_CLKSEL_out9)
                  9090e398    00000010                     : clocks.oer5f (.rodata.clk_data_MAIN_WWDT_RTICLK_SEL_out0)
                  9090e3a8    00000010                     : clocks.oer5f (.rodata.clk_data_MAIN_WWDT_RTICLK_SEL_out15_0)
                  9090e3b8    00000010                     : clocks.oer5f (.rodata.clk_data_MAIN_WWDT_RTICLK_SEL_out16_0)
                  9090e3c8    00000010                     : clocks.oer5f (.rodata.clk_data_MAIN_WWDT_RTICLK_SEL_out17_0)
                  9090e3d8    00000010                     : clocks.oer5f (.rodata.clk_data_MAIN_WWDT_RTICLK_SEL_out1)
                  9090e3e8    00000010                     : clocks.oer5f (.rodata.clk_data_MAIN_WWDT_RTICLK_SEL_out28_0)
                  9090e3f8    00000010                     : clocks.oer5f (.rodata.clk_data_MAIN_WWDT_RTICLK_SEL_out29_0)
                  9090e408    00000010                     : clocks.oer5f (.rodata.clk_data_MAIN_WWDT_RTICLK_SEL_out30_0)
                  9090e418    00000010                     : clocks.oer5f (.rodata.clk_data_MAIN_WWDT_RTICLK_SEL_out31_0)
                  9090e428    00000010                     : clocks.oer5f (.rodata.clk_data_MCAN_CLK_SEL_out0)
                  9090e438    00000010                     : clocks.oer5f (.rodata.clk_data_MCAN_CLK_SEL_out10)
                  9090e448    00000010                     : clocks.oer5f (.rodata.clk_data_MCAN_CLK_SEL_out11)
                  9090e458    00000010                     : clocks.oer5f (.rodata.clk_data_MCAN_CLK_SEL_out12)
                  9090e468    00000010                     : clocks.oer5f (.rodata.clk_data_MCAN_CLK_SEL_out13)
                  9090e478    00000010                     : clocks.oer5f (.rodata.clk_data_MCAN_CLK_SEL_out14_0)
                  9090e488    00000010                     : clocks.oer5f (.rodata.clk_data_MCAN_CLK_SEL_out15_0)
                  9090e498    00000010                     : clocks.oer5f (.rodata.clk_data_MCAN_CLK_SEL_out16_0)
                  9090e4a8    00000010                     : clocks.oer5f (.rodata.clk_data_MCAN_CLK_SEL_out17_0)
                  9090e4b8    00000010                     : clocks.oer5f (.rodata.clk_data_MCAN_CLK_SEL_out1)
                  9090e4c8    00000010                     : clocks.oer5f (.rodata.clk_data_MCAN_CLK_SEL_out2)
                  9090e4d8    00000010                     : clocks.oer5f (.rodata.clk_data_MCAN_CLK_SEL_out3)
                  9090e4e8    00000010                     : clocks.oer5f (.rodata.clk_data_MCAN_CLK_SEL_out4)
                  9090e4f8    00000010                     : clocks.oer5f (.rodata.clk_data_MCAN_CLK_SEL_out5)
                  9090e508    00000010                     : clocks.oer5f (.rodata.clk_data_MCAN_CLK_SEL_out6)
                  9090e518    00000010                     : clocks.oer5f (.rodata.clk_data_MCAN_CLK_SEL_out7)
                  9090e528    00000010                     : clocks.oer5f (.rodata.clk_data_MCAN_CLK_SEL_out8)
                  9090e538    00000010                     : clocks.oer5f (.rodata.clk_data_MCAN_CLK_SEL_out9)
                  9090e548    00000010                     : clocks.oer5f (.rodata.clk_data_MCU_ADC_clk_sel_out0)
                  9090e558    00000010                     : clocks.oer5f (.rodata.clk_data_MCU_ADC_clk_sel_out1)
                  9090e568    00000010                     : clocks.oer5f (.rodata.clk_data_MCU_CLKOUT_MUX_out0)
                  9090e578    00000010                     : clocks.oer5f (.rodata.clk_data_MCU_MCAN_CLKSEL_out0)
                  9090e588    00000010                     : clocks.oer5f (.rodata.clk_data_MCU_MCAN_CLKSEL_out1)
                  9090e598    00000010                     : clocks.oer5f (.rodata.clk_data_MCU_OBSCLK_OUT_out0)
                  9090e5a8    00000010                     : clocks.oer5f (.rodata.clk_data_MCU_OBSCLK_SEL_out0)
                  9090e5b8    00000010                     : clocks.oer5f (.rodata.clk_data_MCU_R5_core0_clksel_out0)
                  9090e5c8    00000010                     : clocks.oer5f (.rodata.clk_data_MCU_R5_core1_clksel_out0)
                  9090e5d8    00000010                     : clocks.oer5f (.rodata.clk_data_MCU_R5_phase0_clksel_out0)
                  9090e5e8    00000010                     : clocks.oer5f (.rodata.clk_data_MCU_R5_phase1_clksel_out0)
                  9090e5f8    00000010                     : clocks.oer5f (.rodata.clk_data_MCU_SPI0_CLK_LPBK_MUX_out0)
                  9090e608    00000010                     : clocks.oer5f (.rodata.clk_data_MCU_SPI1_CLK_LPBK_MUX_out0)
                  9090e618    00000010                     : clocks.oer5f (.rodata.clk_data_MCU_SPI1_CLK_MUX_out0)
                  9090e628    00000010                     : clocks.oer5f (.rodata.clk_data_MCU_TIMER1_CASCADE_out0)
                  9090e638    00000010                     : clocks.oer5f (.rodata.clk_data_MCU_TIMER3_CASCADE_out0)
                  9090e648    00000010                     : clocks.oer5f (.rodata.clk_data_MCU_TIMER5_CASCADE_out0)
                  9090e658    00000010                     : clocks.oer5f (.rodata.clk_data_MCU_TIMER7_CASCADE_out0)
                  9090e668    00000010                     : clocks.oer5f (.rodata.clk_data_MCU_TIMER9_CASCADE_out0)
                  9090e678    00000010                     : clocks.oer5f (.rodata.clk_data_MCU_TIMER_CLKSEL_out0)
                  9090e688    00000010                     : clocks.oer5f (.rodata.clk_data_MCU_TIMER_CLKSEL_out1)
                  9090e698    00000010                     : clocks.oer5f (.rodata.clk_data_MCU_TIMER_CLKSEL_out2)
                  9090e6a8    00000010                     : clocks.oer5f (.rodata.clk_data_MCU_TIMER_CLKSEL_out3)
                  9090e6b8    00000010                     : clocks.oer5f (.rodata.clk_data_MCU_TIMER_CLKSEL_out4)
                  9090e6c8    00000010                     : clocks.oer5f (.rodata.clk_data_MCU_TIMER_CLKSEL_out5)
                  9090e6d8    00000010                     : clocks.oer5f (.rodata.clk_data_MCU_TIMER_CLKSEL_out6)
                  9090e6e8    00000010                     : clocks.oer5f (.rodata.clk_data_MCU_TIMER_CLKSEL_out7)
                  9090e6f8    00000010                     : clocks.oer5f (.rodata.clk_data_MCU_TIMER_CLKSEL_out8)
                  9090e708    00000010                     : clocks.oer5f (.rodata.clk_data_MCU_TIMER_CLKSEL_out9)
                  9090e718    00000010                     : clocks.oer5f (.rodata.clk_data_MCU_USART_CLKSEL_out0)
                  9090e728    00000010                     : clocks.oer5f (.rodata.clk_data_MCU_WWD_CLKSEL_out0)
                  9090e738    00000010                     : clocks.oer5f (.rodata.clk_data_MCU_WWD_CLKSEL_out1)
                  9090e748    00000010                     : clocks.oer5f (.rodata.clk_data_McASP_AHCLKO_out0)
                  9090e758    00000010                     : clocks.oer5f (.rodata.clk_data_McASP_AHCLKO_out1)
                  9090e768    00000010                     : clocks.oer5f (.rodata.clk_data_McASP_AUXCLK_SEL_out0)
                  9090e778    00000010                     : clocks.oer5f (.rodata.clk_data_McASP_AUXCLK_SEL_out1)
                  9090e788    00000010                     : clocks.oer5f (.rodata.clk_data_McASP_AUXCLK_SEL_out2)
                  9090e798    00000010                     : clocks.oer5f (.rodata.clk_data_McASP_AUXCLK_SEL_out3)
                  9090e7a8    00000010                     : clocks.oer5f (.rodata.clk_data_McASP_AUXCLK_SEL_out4)
                  9090e7b8    00000010                     : clocks.oer5f (.rodata.clk_data_NAVSS_CPTS_RCLK_SEL_out0)
                  9090e7c8    00000010                     : clocks.oer5f (.rodata.clk_data_PCIEn_CPTS_RCLK_MUX_out1)
                  9090e7d8    00000010                     : clocks.oer5f (.rodata.clk_data_SERDES0_CORE_REFCLK_out0)
                  9090e7e8    00000010                     : clocks.oer5f (.rodata.clk_data_SPI0_CLK_LPBK_MUX_out0)
                  9090e7f8    00000010                     : clocks.oer5f (.rodata.clk_data_SPI1_CLK_LPBK_MUX_out0)
                  9090e808    00000010                     : clocks.oer5f (.rodata.clk_data_SPI2_CLK_LPBK_MUX_out0)
                  9090e818    00000010                     : clocks.oer5f (.rodata.clk_data_SPI3_CLK_LPBK_MUX_out0)
                  9090e828    00000010                     : clocks.oer5f (.rodata.clk_data_SPI3_CLK_MUX_out0)
                  9090e838    00000010                     : clocks.oer5f (.rodata.clk_data_SPI5_CLK_LPBK_MUX_out0)
                  9090e848    00000010                     : clocks.oer5f (.rodata.clk_data_SPI6_CLK_LPBK_MUX_out0)
                  9090e858    00000010                     : clocks.oer5f (.rodata.clk_data_SPI7_CLK_LPBK_MUX_out0)
                  9090e868    00000010                     : clocks.oer5f (.rodata.clk_data_SerDes0_IP1_LN2_TXCLK_out0)
                  9090e878    00000010                     : clocks.oer5f (.rodata.clk_data_SerDes0_IP1_LN3_TXCLK_out0)
                  9090e888    00000010                     : clocks.oer5f (.rodata.clk_data_TIMER11_CASCADE_out0)
                  9090e898    00000010                     : clocks.oer5f (.rodata.clk_data_TIMER13_CASCADE_out0)
                  9090e8a8    00000010                     : clocks.oer5f (.rodata.clk_data_TIMER15_CASCADE_out0)
                  9090e8b8    00000010                     : clocks.oer5f (.rodata.clk_data_TIMER17_CASCADE_out0)
                  9090e8c8    00000010                     : clocks.oer5f (.rodata.clk_data_TIMER19_CASCADE_out0)
                  9090e8d8    00000010                     : clocks.oer5f (.rodata.clk_data_TIMER1_CASCADE_out0)
                  9090e8e8    00000010                     : clocks.oer5f (.rodata.clk_data_TIMER3_CASCADE_out0)
                  9090e8f8    00000010                     : clocks.oer5f (.rodata.clk_data_TIMER5_CASCADE_out0)
                  9090e908    00000010                     : clocks.oer5f (.rodata.clk_data_TIMER7_CASCADE_out0)
                  9090e918    00000010                     : clocks.oer5f (.rodata.clk_data_TIMER9_CASCADE_out0)
                  9090e928    00000010                     : clocks.oer5f (.rodata.clk_data_USB0_REFCLK_SEL_out0)
                  9090e938    00000010                     : clocks.oer5f (.rodata.clk_data_USB0_SerDes_refclk_Mux_out0)
                  9090e948    00000010                     : clocks.oer5f (.rodata.clk_data_USB0_SerDes_rxclk_Mux_out0)
                  9090e958    00000010                     : clocks.oer5f (.rodata.clk_data_USB0_SerDes_rxfclk_Mux_out0)
                  9090e968    00000010                     : clocks.oer5f (.rodata.clk_data_USB0_SerDes_txfclk_Mux_out0)
                  9090e978    00000010                     : clocks.oer5f (.rodata.clk_data_USB0_SerDes_txmclk_Mux_out0)
                  9090e988    00000010                     : clocks.oer5f (.rodata.clk_data_VPAC_CLK_SEL_out0)
                  9090e998    00000010                     : clocks.oer5f (.rodata.clk_data_WKUP_I2C_MCUPLL_BYPASS_out0)
                  9090e9a8    00000010                     : clocks.oer5f (.rodata.clk_data_WKUP_USART_CLKSEL_out0)
                  9090e9b8    00000010                     : clocks.oer5f (.rodata.clk_data_WKUP_USART_MCUPLL_BYPASS_out0)
                  9090e9c8    00000010                     : clocks.oer5f (.rodata.clk_data_eDP0_LN0_REFCLK_out0)
                  9090e9d8    00000010                     : clocks.oer5f (.rodata.clk_data_eDP0_LN0_RXCLK_out0)
                  9090e9e8    00000010                     : clocks.oer5f (.rodata.clk_data_eDP0_LN0_RXFCLK_out0)
                  9090e9f8    00000010                     : clocks.oer5f (.rodata.clk_data_eDP0_LN0_TXFCLK_out0)
                  9090ea08    00000010                     : clocks.oer5f (.rodata.clk_data_eDP0_LN0_TXMCLK_out0)
                  9090ea18    00000010                     : clocks.oer5f (.rodata.clk_data_eDP0_LN1_REFCLK_out0)
                  9090ea28    00000010                     : clocks.oer5f (.rodata.clk_data_eDP0_LN1_RXCLK_out0)
                  9090ea38    00000010                     : clocks.oer5f (.rodata.clk_data_eDP0_LN1_RXFCLK_out0)
                  9090ea48    00000010                     : clocks.oer5f (.rodata.clk_data_eDP0_LN1_TXFCLK_out0)
                  9090ea58    00000010                     : clocks.oer5f (.rodata.clk_data_eDP0_LN1_TXMCLK_out0)
                  9090ea68    00000010                     : clocks.oer5f (.rodata.clk_data_gpmc_fclk_sel_out0)
                  9090ea78    00000010                     : clocks.oer5f (.rodata.clk_data_k3_pll_ctrl_wrap_main_0_sysclkout_clk)
                  9090ea88    00000010                     : clocks.oer5f (.rodata.clk_data_k3_pll_ctrl_wrap_wkup_0_sysclkout_clk)
                  9090ea98    00000010                     : clocks.oer5f (.rodata.clk_data_mcasp_ahclkr_mux_out0)
                  9090eaa8    00000010                     : clocks.oer5f (.rodata.clk_data_mcasp_ahclkr_mux_out1)
                  9090eab8    00000010                     : clocks.oer5f (.rodata.clk_data_mcasp_ahclkr_mux_out2)
                  9090eac8    00000010                     : clocks.oer5f (.rodata.clk_data_mcasp_ahclkr_mux_out3)
                  9090ead8    00000010                     : clocks.oer5f (.rodata.clk_data_mcasp_ahclkr_mux_out4_0)
                  9090eae8    00000010                     : clocks.oer5f (.rodata.clk_data_mcasp_ahclkx_mux_out0)
                  9090eaf8    00000010                     : clocks.oer5f (.rodata.clk_data_mcasp_ahclkx_mux_out1)
                  9090eb08    00000010                     : clocks.oer5f (.rodata.clk_data_mcasp_ahclkx_mux_out2)
                  9090eb18    00000010                     : clocks.oer5f (.rodata.clk_data_mcasp_ahclkx_mux_out3)
                  9090eb28    00000010                     : clocks.oer5f (.rodata.clk_data_mcasp_ahclkx_mux_out4)
                  9090eb38    00000010                     : clocks.oer5f (.rodata.clk_data_mcu_OSPI0_iclk_sel_out0)
                  9090eb48    00000010                     : clocks.oer5f (.rodata.clk_data_mcu_OSPI1_iclk_sel_out0)
                  9090eb58    00000010                     : clocks.oer5f (.rodata.clk_data_mcu_OSPI_ref_clk_sel_out0)
                  9090eb68    00000010                     : clocks.oer5f (.rodata.clk_data_mcu_OSPI_ref_clk_sel_out1)
                  9090eb78    00000010                     : clocks.oer5f (.rodata.clk_data_obsclk0_mux_out0)
                  9090eb88    00000010                     : clocks.oer5f (.rodata.clk_data_obsclk1_mux_out0)
                  9090eb98    00000010                     : clocks.oer5f (.rodata.clk_data_wkup_FREF_clksel_out0)
                  9090eba8    00000010                     : clocks.oer5f (.rodata.clk_data_wkup_gpio0_clksel_out0)
                  9090ebb8    00000010     Can_30_Mcan.o (.rodata.cst16)
                  9090ebc8    00000010     rm_pm_hal.aer5f : psc.oer5f (.rodata.cst16)
                  9090ebd8    00000010     ti.osal.aer5f : Arch_util.oer5f (.rodata.cst16)
                  9090ebe8    00000010     vXSpi.o (.rodata.cst16)
                  9090ebf8    00000010     rm_pm_hal.aer5f : dmsc.oer5f (.rodata.j721s2_sleep_modes)
                  9090ec08    00000010                     : ir_cfg.oer5f (.rodata.mmr_CMPEVENT_INTRTR0_CFG)
                  9090ec18    00000010                     : ir_cfg.oer5f (.rodata.mmr_GPIOMUX_INTRTR0_CFG)
                  9090ec28    00000010                     : ir_cfg.oer5f (.rodata.mmr_MAIN2MCU_LVL_INTRTR0_CFG)
                  9090ec38    00000010                     : ir_cfg.oer5f (.rodata.mmr_MAIN2MCU_PLS_INTRTR0_CFG)
                  9090ec48    00000010                     : ir_cfg.oer5f (.rodata.mmr_MCU_NAVSS0_INTR_ROUTER_0_INTR0_CFG)
                  9090ec58    00000010                     : proxy_cfg.oer5f (.rodata.mmr_MCU_NAVSS0_PROXY0_PROXY0_BUF_CFG)
                  9090ec68    00000010                     : proxy_cfg.oer5f (.rodata.mmr_MCU_NAVSS0_PROXY0_PROXY0_TARGET0_DATA)
                  9090ec78    00000010                     : ra_cfg.oer5f (.rodata.mmr_MCU_NAVSS0_RINGACC0_UDMASS_RINGACC0_CFG)
                  9090ec88    00000010                     : ra_cfg.oer5f (.rodata.mmr_MCU_NAVSS0_RINGACC0_UDMASS_RINGACC0_CFG_GCFG)
                  9090ec98    00000010                     : ra_cfg.oer5f (.rodata.mmr_MCU_NAVSS0_RINGACC0_UDMASS_RINGACC0_CFG_MON)
                  9090eca8    00000010                     : ra_cfg.oer5f (.rodata.mmr_MCU_NAVSS0_RINGACC0_UDMASS_RINGACC0_CFG_RT)
                  9090ecb8    00000010                     : ra_cfg.oer5f (.rodata.mmr_MCU_NAVSS0_RINGACC0_UDMASS_RINGACC0_FIFOS)
                  9090ecc8    00000010                     : udmap_cfg.oer5f (.rodata.mmr_MCU_NAVSS0_UDMAP_0_UDMASS_UDMAP0_CFG_GCFG)
                  9090ecd8    00000010                     : udmap_cfg.oer5f (.rodata.mmr_MCU_NAVSS0_UDMAP_0_UDMASS_UDMAP0_CFG_RFLOW)
                  9090ece8    00000010                     : udmap_cfg.oer5f (.rodata.mmr_MCU_NAVSS0_UDMAP_0_UDMASS_UDMAP0_RCHAN)
                  9090ecf8    00000010                     : udmap_cfg.oer5f (.rodata.mmr_MCU_NAVSS0_UDMAP_0_UDMASS_UDMAP0_TCHAN)
                  9090ed08    00000010                     : udmap_cfg.oer5f (.rodata.mmr_MCU_NAVSS0_UDMAP_0_UDMASS_UDMAP_RCHANRT)
                  9090ed18    00000010                     : udmap_cfg.oer5f (.rodata.mmr_MCU_NAVSS0_UDMAP_0_UDMASS_UDMAP_TCHANRT)
                  9090ed28    00000010                     : ia_cfg.oer5f (.rodata.mmr_MCU_NAVSS0_UDMASS_INTA_0_UDMASS_INTA0_GCNTRTI)
                  9090ed38    00000010                     : ia_cfg.oer5f (.rodata.mmr_MCU_NAVSS0_UDMASS_INTA_0_UDMASS_INTA0_IMAP)
                  9090ed48    00000010                     : ia_cfg.oer5f (.rodata.mmr_MCU_NAVSS0_UDMASS_INTA_0_UDMASS_INTA0_INTR)
                  9090ed58    00000010                     : ra_cfg.oer5f (.rodata.mmr_NAVSS0_BCDMA_0_BCDMA0_CFG_GCFG)
                  9090ed68    00000010                     : udmap_cfg.oer5f (.rodata.mmr_NAVSS0_BCDMA_0_BCDMA0_CFG_GCFG)
                  9090ed78    00000010                     : udmap_cfg.oer5f (.rodata.mmr_NAVSS0_BCDMA_0_BCDMA0_CFG_RCHAN)
                  9090ed88    00000010                     : udmap_cfg.oer5f (.rodata.mmr_NAVSS0_BCDMA_0_BCDMA0_CFG_RCHANRT)
                  9090ed98    00000010                     : ra_cfg.oer5f (.rodata.mmr_NAVSS0_BCDMA_0_BCDMA0_CFG_RING)
                  9090eda8    00000010                     : ra_cfg.oer5f (.rodata.mmr_NAVSS0_BCDMA_0_BCDMA0_CFG_RINGRT)
                  9090edb8    00000010                     : udmap_cfg.oer5f (.rodata.mmr_NAVSS0_BCDMA_0_BCDMA0_CFG_TCHAN)
                  9090edc8    00000010                     : udmap_cfg.oer5f (.rodata.mmr_NAVSS0_BCDMA_0_BCDMA0_CFG_TCHANRT)
                  9090edd8    00000010                     : ir_cfg.oer5f (.rodata.mmr_NAVSS0_INTR_0_INTR0_INTR_ROUTER_CFG)
                  9090ede8    00000010                     : ia_cfg.oer5f (.rodata.mmr_NAVSS0_MODSS_INTA_0_MODSS_INTA0_CFG_IMAP)
                  9090edf8    00000010                     : ia_cfg.oer5f (.rodata.mmr_NAVSS0_MODSS_INTA_0_MODSS_INTA0_CFG_INTR)
                  9090ee08    00000010                     : ia_cfg.oer5f (.rodata.mmr_NAVSS0_MODSS_INTA_1_MODSS_INTA1_CFG_IMAP)
                  9090ee18    00000010                     : ia_cfg.oer5f (.rodata.mmr_NAVSS0_MODSS_INTA_1_MODSS_INTA1_CFG_INTR)
                  9090ee28    00000010                     : proxy_cfg.oer5f (.rodata.mmr_NAVSS0_PROXY_0_PROXY0_BUF_CFG)
                  9090ee38    00000010                     : proxy_cfg.oer5f (.rodata.mmr_NAVSS0_PROXY_0_PROXY_TARGET0_DATA)
                  9090ee48    00000010                     : ra_cfg.oer5f (.rodata.mmr_NAVSS0_RINGACC_0_UDMASS_RINGACC0_CFG)
                  9090ee58    00000010                     : ra_cfg.oer5f (.rodata.mmr_NAVSS0_RINGACC_0_UDMASS_RINGACC0_CFG_MON)
                  9090ee68    00000010                     : ra_cfg.oer5f (.rodata.mmr_NAVSS0_RINGACC_0_UDMASS_RINGACC0_CFG_RT)
                  9090ee78    00000010                     : ra_cfg.oer5f (.rodata.mmr_NAVSS0_RINGACC_0_UDMASS_RINGACC0_GCFG)
                  9090ee88    00000010                     : ra_cfg.oer5f (.rodata.mmr_NAVSS0_RINGACC_0_UDMASS_RINGACC0_SRC_FIFOS)
                  9090ee98    00000010                     : udmap_cfg.oer5f (.rodata.mmr_NAVSS0_UDMAP_0_UDMASS_UDMAP0_CFG)
                  9090eea8    00000010                     : udmap_cfg.oer5f (.rodata.mmr_NAVSS0_UDMAP_0_UDMASS_UDMAP0_CFG_RCHAN)
                  9090eeb8    00000010                     : udmap_cfg.oer5f (.rodata.mmr_NAVSS0_UDMAP_0_UDMASS_UDMAP0_CFG_RCHANRT)
                  9090eec8    00000010                     : udmap_cfg.oer5f (.rodata.mmr_NAVSS0_UDMAP_0_UDMASS_UDMAP0_CFG_RFLOW)
                  9090eed8    00000010                     : udmap_cfg.oer5f (.rodata.mmr_NAVSS0_UDMAP_0_UDMASS_UDMAP0_CFG_TCHAN)
                  9090eee8    00000010                     : udmap_cfg.oer5f (.rodata.mmr_NAVSS0_UDMAP_0_UDMASS_UDMAP0_CFG_TCHANRT)
                  9090eef8    00000010                     : ia_cfg.oer5f (.rodata.mmr_NAVSS0_UDMASS_INTA_0_UDMASS_INTA0_CFG_GCNTRTI)
                  9090ef08    00000010                     : ia_cfg.oer5f (.rodata.mmr_NAVSS0_UDMASS_INTA_0_UDMASS_INTA0_CFG_INTR)
                  9090ef18    00000010                     : ia_cfg.oer5f (.rodata.mmr_NAVSS0_UDMASS_INTA_0_UDMASS_INTA0_CFG_UNMAP)
                  9090ef28    00000010                     : ia_cfg.oer5f (.rodata.mmr_NAVSS0_UDMASS_INTA_0_UDMASS_INTA0_IMAP)
                  9090ef38    00000010                     : ir_cfg.oer5f (.rodata.mmr_TIMESYNC_INTRTR0_INTR_ROUTER_CFG)
                  9090ef48    00000010                     : ir_cfg.oer5f (.rodata.mmr_WKUP_GPIOMUX_INTRTR0_CFG)
                  9090ef58    00000010                     : psc.oer5f (.rodata.psc_drv)
                  9090ef68    00000010                     : ra_cfg.oer5f (.rodata.ring_types_NAVSS0_BCDMA_0)
                  9090ef78    00000010     sciclient_direct.aer5f : sciclient_irq_rm.oer5f (.rodata.tisci_if_DDR0)
                  9090ef88    00000010                            : sciclient_irq_rm.oer5f (.rodata.tisci_if_DDR1)
                  9090ef98    00000010                            : sciclient_irq_rm.oer5f (.rodata.tisci_if_MCU_CPSW0)
                  9090efa8    00000010     SecMPar.o (.rodata.verifyConfigSmhSecurityClassVendorConfig)
                  9090efb8    0000000f     WrapNv_Cfg.o (.rodata.kWrapNvDefaultValue_NvMBlockDescriptor_SystemTimestamp)
                  9090efc7    0000000e     CanIf_Lcfg.o (.rodata.CanIf_MailBoxConfig)
                  9090efd5    0000000e     CanTp_Lcfg.o (.rodata.CanTp_TxSduCfg)
                  9090efe3    0000000d     WrapNv_Cfg.o (.rodata.kWrapNvDefaultValue_SWC_PartNumMgrDID_F180_Boot_SW_Ver_Info)
                  9090eff0    0000000d     rm_pm_hal.aer5f : clocks.oer5f (.rodata.pllfracf2_ssmod_16fft_main_16_entries)
                  9090effd    0000000d                     : clocks.oer5f (.rodata.pllfracf2_ssmod_16fft_main_3_entries)
                  9090f00a    0000000d                     : clocks.oer5f (.rodata.pllfracf2_ssmod_16fft_main_4_entries)
                  9090f017    0000000d                     : clocks.oer5f (.rodata.pllfracf2_ssmod_16fft_main_5_entries)
                  9090f024    0000000d     vMem_30_vXSpi_Nand_Lcfg.o (.rodata.vMem_30_vXSpi_Nand_vMemFlsCmdAddressFormatValue)
                  9090f031    0000000d     vMem_30_vXSpi_Nand_Lcfg.o (.rodata.vMem_30_vXSpi_Nand_vMemFlsCmdDummyCycleValue)
                  9090f03e    0000000d     vMem_30_vXSpi_Nand_Lcfg.o (.rodata.vMem_30_vXSpi_Nand_vMemFlsCmdValue)
                  9090f04b    00000004     CanTp_Lcfg.o (.rodata.CanTp_RxSduCfgInd)
                  9090f04f    00000001     Can_30_Mcan_Lcfg.o (.rodata.Can_30_Mcan_InitObjectFdBrsConfig)
                  9090f050    0000000c     sciclient_direct.aer5f : sciclient.oer5f (.rodata..L__const.Sciclient_init.semParams)
                  9090f05c    0000000c     ti.drv.i2c.aer5f : I2C_v1.oer5f (.rodata..Lswitch.table.I2C_open_v1)
                  9090f068    0000000c     Can_30_Mcan_Lcfg.o (.rodata.Can_30_Mcan_BufferConfig)
                  9090f074    0000000c     Eep_30_XXi2c01_PBcfg.o (.rodata.Eep_30_XXi2c01_I2cApi0)
                  9090f080    0000000c     I2c_PBcfg.o (.rodata.I2c_ConstHwUnitDescrList_I2cConfigSet)
                  9090f08c    0000000c     SecMPar.o (.rodata.SecM_HashPrimitives)
                  9090f098    0000000c     rm_pm_hal.aer5f : clocks.oer5f (.rodata.clk_data_USART_Programmable_Clock_Divider_out0)
                  9090f0a4    0000000c                     : clocks.oer5f (.rodata.clk_data_USART_Programmable_Clock_Divider_out1)
                  9090f0b0    0000000c                     : clocks.oer5f (.rodata.clk_data_USART_Programmable_Clock_Divider_out2)
                  9090f0bc    0000000c                     : clocks.oer5f (.rodata.clk_data_USART_Programmable_Clock_Divider_out3)
                  9090f0c8    0000000c                     : clocks.oer5f (.rodata.clk_data_USART_Programmable_Clock_Divider_out4)
                  9090f0d4    0000000c                     : clocks.oer5f (.rodata.clk_data_USART_Programmable_Clock_Divider_out5)
                  9090f0e0    0000000c                     : clocks.oer5f (.rodata.clk_data_USART_Programmable_Clock_Divider_out6)
                  9090f0ec    0000000c                     : clocks.oer5f (.rodata.clk_data_USART_Programmable_Clock_Divider_out7)
                  9090f0f8    0000000c                     : clocks.oer5f (.rodata.clk_data_USART_Programmable_Clock_Divider_out8)
                  9090f104    0000000c                     : clocks.oer5f (.rodata.clk_data_USART_Programmable_Clock_Divider_out9)
                  9090f110    0000000c                     : clocks.oer5f (.rodata.clk_data_hsdiv0_16fft_main_12_hsdiv0)
                  9090f11c    0000000c                     : clocks.oer5f (.rodata.clk_data_hsdiv0_16fft_main_26_hsdiv0)
                  9090f128    0000000c                     : clocks.oer5f (.rodata.clk_data_hsdiv0_16fft_main_6_hsdiv0)
                  9090f134    0000000c                     : clocks.oer5f (.rodata.clk_data_hsdiv0_16fft_main_7_hsdiv0)
                  9090f140    0000000c                     : clocks.oer5f (.rodata.clk_data_hsdiv0_16fft_main_8_hsdiv0)
                  9090f14c    0000000c                     : clocks.oer5f (.rodata.clk_data_hsdiv1_16fft_main_16_hsdiv0)
                  9090f158    0000000c                     : clocks.oer5f (.rodata.clk_data_hsdiv1_16fft_main_16_hsdiv1)
                  9090f164    0000000c                     : clocks.oer5f (.rodata.clk_data_hsdiv1_16fft_main_17_hsdiv0)
                  9090f170    0000000c                     : clocks.oer5f (.rodata.clk_data_hsdiv1_16fft_main_17_hsdiv1)
                  9090f17c    0000000c                     : clocks.oer5f (.rodata.clk_data_hsdiv1_16fft_main_19_hsdiv0)
                  9090f188    0000000c                     : clocks.oer5f (.rodata.clk_data_hsdiv1_16fft_main_25_hsdiv0)
                  9090f194    0000000c                     : clocks.oer5f (.rodata.clk_data_hsdiv1_16fft_main_25_hsdiv1)
                  9090f1a0    0000000c                     : clocks.oer5f (.rodata.clk_data_hsdiv1_16fft_main_5_hsdiv0)
                  9090f1ac    0000000c                     : clocks.oer5f (.rodata.clk_data_hsdiv1_16fft_main_5_hsdiv1)
                  9090f1b8    0000000c                     : clocks.oer5f (.rodata.clk_data_hsdiv1_16fft_mcu_0_hsdiv0)
                  9090f1c4    0000000c                     : clocks.oer5f (.rodata.clk_data_hsdiv1_16fft_mcu_0_hsdiv1)
                  9090f1d0    0000000c                     : clocks.oer5f (.rodata.clk_data_hsdiv2_16fft_main_14_hsdiv0)
                  9090f1dc    0000000c                     : clocks.oer5f (.rodata.clk_data_hsdiv2_16fft_main_14_hsdiv1)
                  9090f1e8    0000000c                     : clocks.oer5f (.rodata.clk_data_hsdiv2_16fft_main_14_hsdiv2)
                  9090f1f4    0000000c                     : clocks.oer5f (.rodata.clk_data_hsdiv2_16fft_main_4_hsdiv0)
                  9090f200    0000000c                     : clocks.oer5f (.rodata.clk_data_hsdiv2_16fft_main_4_hsdiv1)
                  9090f20c    0000000c                     : clocks.oer5f (.rodata.clk_data_hsdiv2_16fft_main_4_hsdiv2)
                  9090f218    0000000c                     : clocks.oer5f (.rodata.clk_data_hsdiv4_16fft_main_0_hsdiv0)
                  9090f224    0000000c                     : clocks.oer5f (.rodata.clk_data_hsdiv4_16fft_main_0_hsdiv1)
                  9090f230    0000000c                     : clocks.oer5f (.rodata.clk_data_hsdiv4_16fft_main_0_hsdiv2)
                  9090f23c    0000000c                     : clocks.oer5f (.rodata.clk_data_hsdiv4_16fft_main_0_hsdiv3)
                  9090f248    0000000c                     : clocks.oer5f (.rodata.clk_data_hsdiv4_16fft_main_0_hsdiv4)
                  9090f254    0000000c                     : clocks.oer5f (.rodata.clk_data_hsdiv4_16fft_main_1_hsdiv0)
                  9090f260    0000000c                     : clocks.oer5f (.rodata.clk_data_hsdiv4_16fft_main_1_hsdiv1)
                  9090f26c    0000000c                     : clocks.oer5f (.rodata.clk_data_hsdiv4_16fft_main_1_hsdiv2)
                  9090f278    0000000c                     : clocks.oer5f (.rodata.clk_data_hsdiv4_16fft_main_1_hsdiv3)
                  9090f284    0000000c                     : clocks.oer5f (.rodata.clk_data_hsdiv4_16fft_main_2_hsdiv1)
                  9090f290    0000000c                     : clocks.oer5f (.rodata.clk_data_hsdiv4_16fft_main_2_hsdiv2)
                  9090f29c    0000000c                     : clocks.oer5f (.rodata.clk_data_hsdiv4_16fft_main_2_hsdiv3)
                  9090f2a8    0000000c                     : clocks.oer5f (.rodata.clk_data_hsdiv4_16fft_main_2_hsdiv4)
                  9090f2b4    0000000c                     : clocks.oer5f (.rodata.clk_data_hsdiv4_16fft_main_3_hsdiv0)
                  9090f2c0    0000000c                     : clocks.oer5f (.rodata.clk_data_hsdiv4_16fft_main_3_hsdiv1)
                  9090f2cc    0000000c                     : clocks.oer5f (.rodata.clk_data_hsdiv4_16fft_main_3_hsdiv2)
                  9090f2d8    0000000c                     : clocks.oer5f (.rodata.clk_data_hsdiv4_16fft_main_3_hsdiv3)
                  9090f2e4    0000000c                     : clocks.oer5f (.rodata.clk_data_hsdiv4_16fft_main_3_hsdiv4)
                  9090f2f0    0000000c                     : clocks.oer5f (.rodata.clk_data_hsdiv4_16fft_mcu_1_hsdiv0)
                  9090f2fc    0000000c                     : clocks.oer5f (.rodata.clk_data_hsdiv4_16fft_mcu_1_hsdiv1)
                  9090f308    0000000c                     : clocks.oer5f (.rodata.clk_data_hsdiv4_16fft_mcu_1_hsdiv2)
                  9090f314    0000000c                     : clocks.oer5f (.rodata.clk_data_hsdiv4_16fft_mcu_1_hsdiv3)
                  9090f320    0000000c                     : clocks.oer5f (.rodata.clk_data_hsdiv4_16fft_mcu_1_hsdiv4)
                  9090f32c    0000000c                     : clocks.oer5f (.rodata.clk_data_hsdiv4_16fft_mcu_2_hsdiv0)
                  9090f338    0000000c                     : clocks.oer5f (.rodata.clk_data_hsdiv4_16fft_mcu_2_hsdiv1)
                  9090f344    0000000c                     : clocks.oer5f (.rodata.clk_data_hsdiv4_16fft_mcu_2_hsdiv2)
                  9090f350    0000000c                     : clocks.oer5f (.rodata.clk_data_hsdiv4_16fft_mcu_2_hsdiv3)
                  9090f35c    0000000c                     : clocks.oer5f (.rodata.clk_data_hsdiv4_16fft_mcu_2_hsdiv4)
                  9090f368    0000000c                     : clocks.oer5f (.rodata.clk_data_k3_pll_ctrl_wrap_main_0_chip_div1_clk_clk)
                  9090f374    0000000c                     : clocks.oer5f (.rodata.clk_data_k3_pll_ctrl_wrap_main_0_chip_div24_clk_clk)
                  9090f380    0000000c                     : clocks.oer5f (.rodata.clk_data_k3_pll_ctrl_wrap_wkup_0_chip_div1_clk_clk)
                  9090f38c    0000000c                     : clocks.oer5f (.rodata.clk_data_k3_pll_ctrl_wrap_wkup_0_chip_div24_clk_clk)
                  9090f398    0000000c                     : clocks.oer5f (.rodata.clk_data_mcu_obsclk_div_out0)
                  9090f3a4    0000000c                     : clocks.oer5f (.rodata.clk_data_obsclk0_div_out0)
                  9090f3b0    0000000c                     : clocks.oer5f (.rodata.clk_data_postdiv2_16fft_main_2_hsdiv6)
                  9090f3bc    0000000c                     : clocks.oer5f (.rodata.clk_data_postdiv2_16fft_main_2_hsdiv7)
                  9090f3c8    0000000c                     : clocks.oer5f (.rodata.clk_data_postdiv3_16fft_main_0_hsdiv5)
                  9090f3d4    0000000c                     : clocks.oer5f (.rodata.clk_data_postdiv3_16fft_main_0_hsdiv6)
                  9090f3e0    0000000c                     : clocks.oer5f (.rodata.clk_data_postdiv3_16fft_main_0_hsdiv7)
                  9090f3ec    0000000c                     : clocks.oer5f (.rodata.clk_data_postdiv3_16fft_main_0_hsdiv8)
                  9090f3f8    0000000c                     : clocks.oer5f (.rodata.clk_data_postdiv3_16fft_main_1_hsdiv5)
                  9090f404    0000000c                     : clocks.oer5f (.rodata.clk_data_postdiv3_16fft_main_1_hsdiv6)
                  9090f410    0000000c                     : clocks.oer5f (.rodata.clk_data_postdiv3_16fft_main_1_hsdiv7)
                  9090f41c    0000000c                     : clocks.oer5f (.rodata.clk_data_postdiv3_16fft_main_1_hsdiv8)
                  9090f428    0000000c                     : init.oer5f (.rodata.startups)
                  9090f434    0000000c                     : rm_udmap.oer5f (.rodata.str4.4)
                  9090f440    0000000c     sciclient_direct.aer5f : sciclient_irq_rm.oer5f (.rodata.tisci_if_CSI_RX_IF0)
                  9090f44c    0000000c                            : sciclient_irq_rm.oer5f (.rodata.tisci_if_CSI_RX_IF1)
                  9090f458    0000000c                            : sciclient_irq_rm.oer5f (.rodata.tisci_if_MCU_NAVSS0_MCRC_0)
                  9090f464    0000000c                            : sciclient_irq_rm.oer5f (.rodata.tisci_if_NAVSS0_MCRC_0)
                  9090f470    0000000c                            : sciclient_irq_rm.oer5f (.rodata.tisci_if_USB0)
                  9090f47c    0000000c     vMemAccM_Lcfg.o (.rodata.vMemAccM_AddressArea)
                  9090f488    0000000c     vMem_30_vXSpi_Nand_LL.o (.rodata.vMem_30_vXSpi_Nand_HwSpecificFunctions)
                  9090f494    0000000c     vXSpi_Cfg.o (.rodata.vXSpi_HwUnits_HwConfig)
                  9090f4a0    0000000b     WrapNv_Cfg.o (.rodata.kWrapNvDefaultValue_SWC_PartNumMgrDID_F134_CODEP_Asm_PartNum)
                  9090f4ab    0000000b     WrapNv_Cfg.o (.rodata.kWrapNvDefaultValue_SWC_PartNumMgrDID_F187_CODEP_Ecu_PartNum)
                  9090f4b6    0000000b     WrapNv_Cfg.o (.rodata.kWrapNvDefaultValue_SWC_PartNumMgrDID_F188_FCA_ESLM_Ecu_SW_Num)
                  9090f4c1    0000000b     WrapNv_Cfg.o (.rodata.kWrapNvDefaultValue_SWC_PartNumMgrDID_F194_Supplier_Ecu_SW_PartNum)
                  9090f4cc    0000000a     Crypto_30_vHsm_Cfg.o (.rodata.Crypto_30_vHsm_ObjMap)
                  9090f4d6    0000000a     WrapNv_Cfg.o (.rodata.kWrapNvDefaultValue_SWC_PartNumMgrDID_F132_EBOM_Ecu_PartNum)
                  9090f4e0    0000000a     WrapNv_Cfg.o (.rodata.kWrapNvDefaultValue_SWC_PartNumMgrDID_F133_EBOM_Asm_PartNum)
                  9090f4ea    0000000a     WrapNv_Cfg.o (.rodata.kWrapNvDefaultValue_SWC_PartNumMgrDID_F18A_FCA_ESLM_Ecu_SW_Cal_Num)
                  9090f4f4    0000000a     WrapNv_Cfg.o (.rodata.kWrapNvDefaultValue_SWC_PartNumMgrDID_F18B_FCA_ESLM_ECU_SW_App_Num)
                  9090f4fe    00000009     rm_pm_hal.aer5f : devices.oer5f (.rodata.compute_cluster_j7ae_main_0_domains)
                  9090f507    00000009                     : devices.oer5f (.rodata.sms_wkup_0_domains)
                  9090f510    00000008     sciclient_direct.aer5f : sciclient_irq_rm.oer5f (.rodata.CMPEVENT_INTRTR0_outp_0_3_to_COMPUTE_CLUSTER0_CLEC_soc_events_in_544_547)
                  9090f518    00000008                            : sciclient_irq_rm.oer5f (.rodata.CMPEVENT_INTRTR0_outp_0_3_to_COMPUTE_CLUSTER0_GIC500SS_spi_544_547)
                  9090f520    00000008                            : sciclient_irq_rm.oer5f (.rodata.CMPEVENT_INTRTR0_outp_12_15_to_NAVSS0_UDMASS_INTA_0_intaggr_levi_pend_108_111)
                  9090f528    00000008                            : sciclient_irq_rm.oer5f (.rodata.CMPEVENT_INTRTR0_outp_4_7_to_MAIN2MCU_PLS_INTRTR0_in_96_99)
                  9090f530    00000008                            : sciclient_irq_rm.oer5f (.rodata.CMPEVENT_INTRTR0_outp_8_11_to_R5FSS0_CORE0_intr_326_329)
                  9090f538    00000008                            : sciclient_irq_rm.oer5f (.rodata.CMPEVENT_INTRTR0_outp_8_11_to_R5FSS0_CORE1_intr_326_329)
                  9090f540    00000008                            : sciclient_irq_rm.oer5f (.rodata.CMPEVENT_INTRTR0_outp_8_11_to_R5FSS1_CORE0_intr_326_329)
                  9090f548    00000008                            : sciclient_irq_rm.oer5f (.rodata.CMPEVENT_INTRTR0_outp_8_11_to_R5FSS1_CORE1_intr_326_329)
                  9090f550    00000008                            : sciclient_irq_rm.oer5f (.rodata.CODEC0_vpu_wave521cl_intr_0_0_to_MAIN2MCU_LVL_INTRTR0_in_263_263)
                  9090f558    00000008                            : sciclient_irq_rm.oer5f (.rodata.CPSW1_cpts_comp_0_0_to_CMPEVENT_INTRTR0_in_11_11)
                  9090f560    00000008                            : sciclient_irq_rm.oer5f (.rodata.CPSW1_cpts_genf0_1_1_to_TIMESYNC_INTRTR0_in_18_18)
                  9090f568    00000008                            : sciclient_irq_rm.oer5f (.rodata.CPSW1_cpts_genf1_2_2_to_TIMESYNC_INTRTR0_in_19_19)
                  9090f570    00000008                            : sciclient_irq_rm.oer5f (.rodata.CPSW1_cpts_sync_3_3_to_TIMESYNC_INTRTR0_in_39_39)
                  9090f578    00000008                            : sciclient_irq_rm.oer5f (.rodata.CPSW1_evnt_pend_4_4_to_MAIN2MCU_LVL_INTRTR0_in_72_72)
                  9090f580    00000008                            : sciclient_irq_rm.oer5f (.rodata.CPSW1_mdio_pend_5_5_to_MAIN2MCU_LVL_INTRTR0_in_71_71)
                  9090f588    00000008                            : sciclient_irq_rm.oer5f (.rodata.CPSW1_stat_pend_6_6_to_MAIN2MCU_LVL_INTRTR0_in_70_70)
                  9090f590    00000008                            : sciclient_irq_rm.oer5f (.rodata.CSI_RX_IF0_csi_err_irq_0_0_to_MAIN2MCU_LVL_INTRTR0_in_255_255)
                  9090f598    00000008                            : sciclient_irq_rm.oer5f (.rodata.CSI_RX_IF0_csi_irq_1_1_to_MAIN2MCU_LVL_INTRTR0_in_254_254)
                  9090f5a0    00000008                            : sciclient_irq_rm.oer5f (.rodata.CSI_RX_IF0_csi_level_2_2_to_MAIN2MCU_LVL_INTRTR0_in_256_256)
                  9090f5a8    00000008                            : sciclient_irq_rm.oer5f (.rodata.CSI_RX_IF1_csi_err_irq_0_0_to_MAIN2MCU_LVL_INTRTR0_in_258_258)
                  9090f5b0    00000008                            : sciclient_irq_rm.oer5f (.rodata.CSI_RX_IF1_csi_irq_1_1_to_MAIN2MCU_LVL_INTRTR0_in_257_257)
                  9090f5b8    00000008                            : sciclient_irq_rm.oer5f (.rodata.CSI_RX_IF1_csi_level_2_2_to_MAIN2MCU_LVL_INTRTR0_in_259_259)
                  9090f5c0    00000008                            : sciclient_irq_rm.oer5f (.rodata.CSI_TX_IF_V2_0_csi_interrupt_0_0_to_MAIN2MCU_LVL_INTRTR0_in_250_250)
                  9090f5c8    00000008                            : sciclient_irq_rm.oer5f (.rodata.CSI_TX_IF_V2_0_csi_level_1_1_to_MAIN2MCU_LVL_INTRTR0_in_251_251)
                  9090f5d0    00000008                            : sciclient_irq_rm.oer5f (.rodata.CSI_TX_IF_V2_1_csi_interrupt_0_0_to_MAIN2MCU_LVL_INTRTR0_in_248_248)
                  9090f5d8    00000008                            : sciclient_irq_rm.oer5f (.rodata.CSI_TX_IF_V2_1_csi_level_1_1_to_MAIN2MCU_LVL_INTRTR0_in_249_249)
                  9090f5e0    00000008     CanIf_Lcfg.o (.rodata.CanIf_TxConfirmationFctList)
                  9090f5e8    00000008     Can_30_Mcan_Lcfg.o (.rodata.Can_30_Mcan_XIDFE)
                  9090f5f0    00000008     sciclient_direct.aer5f : sciclient_irq_rm.oer5f (.rodata.DCC0_intr_done_level_0_0_to_MAIN2MCU_LVL_INTRTR0_in_88_88)
                  9090f5f8    00000008                            : sciclient_irq_rm.oer5f (.rodata.DCC1_intr_done_level_0_0_to_MAIN2MCU_LVL_INTRTR0_in_89_89)
                  9090f600    00000008                            : sciclient_irq_rm.oer5f (.rodata.DCC2_intr_done_level_0_0_to_MAIN2MCU_LVL_INTRTR0_in_90_90)
                  9090f608    00000008                            : sciclient_irq_rm.oer5f (.rodata.DCC3_intr_done_level_0_0_to_MAIN2MCU_LVL_INTRTR0_in_91_91)
                  9090f610    00000008                            : sciclient_irq_rm.oer5f (.rodata.DCC4_intr_done_level_0_0_to_MAIN2MCU_LVL_INTRTR0_in_92_92)
                  9090f618    00000008                            : sciclient_irq_rm.oer5f (.rodata.DCC5_intr_done_level_0_0_to_MAIN2MCU_LVL_INTRTR0_in_93_93)
                  9090f620    00000008                            : sciclient_irq_rm.oer5f (.rodata.DCC6_intr_done_level_0_0_to_MAIN2MCU_LVL_INTRTR0_in_94_94)
                  9090f628    00000008                            : sciclient_irq_rm.oer5f (.rodata.DCC7_intr_done_level_0_0_to_MAIN2MCU_LVL_INTRTR0_in_95_95)
                  9090f630    00000008                            : sciclient_irq_rm.oer5f (.rodata.DCC8_intr_done_level_0_0_to_MAIN2MCU_LVL_INTRTR0_in_208_208)
                  9090f638    00000008                            : sciclient_irq_rm.oer5f (.rodata.DCC9_intr_done_level_0_0_to_MAIN2MCU_LVL_INTRTR0_in_209_209)
                  9090f640    00000008                            : sciclient_irq_rm.oer5f (.rodata.DDR0_ddrss_controller_0_0_to_MAIN2MCU_LVL_INTRTR0_in_10_10)
                  9090f648    00000008                            : sciclient_irq_rm.oer5f (.rodata.DDR0_ddrss_hs_phy_global_error_1_1_to_MAIN2MCU_LVL_INTRTR0_in_12_12)
                  9090f650    00000008                            : sciclient_irq_rm.oer5f (.rodata.DDR0_ddrss_pll_freq_change_req_2_2_to_MAIN2MCU_LVL_INTRTR0_in_9_9)
                  9090f658    00000008                            : sciclient_irq_rm.oer5f (.rodata.DDR0_ddrss_v2a_other_err_lvl_3_3_to_MAIN2MCU_LVL_INTRTR0_in_11_11)
                  9090f660    00000008                            : sciclient_irq_rm.oer5f (.rodata.DDR1_ddrss_controller_0_0_to_MAIN2MCU_LVL_INTRTR0_in_64_64)
                  9090f668    00000008                            : sciclient_irq_rm.oer5f (.rodata.DDR1_ddrss_hs_phy_global_error_1_1_to_MAIN2MCU_LVL_INTRTR0_in_66_66)
                  9090f670    00000008                            : sciclient_irq_rm.oer5f (.rodata.DDR1_ddrss_pll_freq_change_req_2_2_to_MAIN2MCU_LVL_INTRTR0_in_63_63)
                  9090f678    00000008                            : sciclient_irq_rm.oer5f (.rodata.DDR1_ddrss_v2a_other_err_lvl_3_3_to_MAIN2MCU_LVL_INTRTR0_in_65_65)
                  9090f680    00000008                            : sciclient_irq_rm.oer5f (.rodata.DMPAC0_INTD_0_system_intr_level_0_1_to_MAIN2MCU_LVL_INTRTR0_in_268_269)
                  9090f688    00000008                            : sciclient_irq_rm.oer5f (.rodata.DSS0_dss_inst0_dispc_func_irq_proc0_0_0_to_MAIN2MCU_LVL_INTRTR0_in_226_226)
                  9090f690    00000008                            : sciclient_irq_rm.oer5f (.rodata.DSS0_dss_inst0_dispc_func_irq_proc1_1_1_to_MAIN2MCU_LVL_INTRTR0_in_227_227)
                  9090f698    00000008                            : sciclient_irq_rm.oer5f (.rodata.DSS0_dss_inst0_dispc_safety_error_irq_proc0_2_2_to_MAIN2MCU_LVL_INTRTR0_in_230_230)
                  9090f6a0    00000008                            : sciclient_irq_rm.oer5f (.rodata.DSS0_dss_inst0_dispc_safety_error_irq_proc1_3_3_to_MAIN2MCU_LVL_INTRTR0_in_231_231)
                  9090f6a8    00000008                            : sciclient_irq_rm.oer5f (.rodata.DSS0_dss_inst0_dispc_secure_irq_proc0_4_4_to_MAIN2MCU_LVL_INTRTR0_in_228_228)
                  9090f6b0    00000008                            : sciclient_irq_rm.oer5f (.rodata.DSS0_dss_inst0_dispc_secure_irq_proc1_5_5_to_MAIN2MCU_LVL_INTRTR0_in_229_229)
                  9090f6b8    00000008                            : sciclient_irq_rm.oer5f (.rodata.DSS_DSI0_dsi_0_func_intr_0_0_to_MAIN2MCU_LVL_INTRTR0_in_224_224)
[...]
90958a4c  I2CMasterEnable                                                                            
90958a60  I2CMasterEnableFreeRun                                                                     
90958a74  I2CMasterStart                                                                             
90958a88  I2CMasterStop                                                                              
90958a9c  I2CSoftReset                                                                               
90958b40  NvM_ActSetReqOk                                                                            
90958bc0  NvM_QryReadAllKilled                                                                       
90958bd4  Osal_DeleteInterrupt                                                                       
90958bf0  PduR_InitMemory                                                                            
90958c2c  Sciclient_rmIrqRelease                                                                     
90958c40  SecM_InitPowerOn                                                                           
90958c60  SecM_KeyElementGet                                                                         
90958c80  WrapNv_PollMainFunctionsInternalIdle                                                       
90958c94  device_prepare_nonexclusive                                                                
90958cc0  vMem2His_ClrLastMemDriverResult                                                            
90958ce0  vMemAccM_CfgAbGetMpPartitionPriority                                                       
90958d00  vMemAccM_CfgAbInit                                                                         
90958d20  vMemAccM_CfgAbMpGetToken                                                                   
90958d40  vMemAccM_CfgAbSetPublishedPriority                                                         
90958d60  vMemAccM_MemAbResetAlternatevMemPtrTable                                                   
90958d80  vMem_30_vXSpi_Nand_LL_InstanceInitializer_Init                                             
90958da0  vXSpi_InitMemory                                                                           
90958dc0  ApplFblReadDcmDslRxTesterSourceAddr                                                        
90958dd0  CanTp_MainFunction                                                                         
90958de0  EaBh_GetBlockStartAddress                                                                  
90958df0  EaDh_GetDataLength                                                                         
90958e00  EaDh_GetDatasetStartAddress                                                                
90958e10  EaEr_GetJobResult                                                                          
90958e20  EaEr_GetStatus                                                                             
90958e30  EaIf_GetJobResult                                                                          
90958e40  EaIf_GetStatus                                                                             
90958e50  EaIh_GetTrailerAddressFromHeaderAddress                                                    
90958e60  EaIh_VerifyData                                                                            
90958e70  EaInvInst_GetJobResult                                                                     
90958e80  EaInvInst_GetStatus                                                                        
90958e90  EaInv_GetJobResult                                                                         
90958ea0  EaInv_GetStatus                                                                            
90958eb0  EaRdMgmt_GetJobResult                                                                      
90958ec0  EaRdMgmt_GetStatus                                                                         
90958ed0  EaRd_GetJobResult                                                                          
90958ee0  EaRd_GetStatus                                                                             
90958ef0  EaWrInst_GetJobResult                                                                      
90958f00  EaWrInst_GetStatus                                                                         
90958f10  EaWr_GetJobResult                                                                          
90958f20  EaWr_GetStatus                                                                             
90958f30  Ea_GetStatus                                                                               
90958f40  Eep_30_XXi2c01_GetCurrentJobResult                                                         
90958f50  Eep_30_XXi2c01_GetCurrentStatus                                                            
90958f60  Eep_30_XXi2c01_InitCfgArray                                                                
90958f70  Eep_30_XXi2c01_SetCurrentHandling                                                          
90958f80  Eep_30_XXi2c01_SetCurrentMode                                                              
90958fa0  FblLbtBlockDone                                                                            
90958fb0  FblLbtBlockFilterInit                                                                      
90958fc0  FblLbtBlockFilterSetBlockType                                                              
90958fd0  FblLbtBlockFilterSetMandatoryType                                                          
90958fe0  Fee_FsmReset                                                                               
90958ff0  Fee_GetStatus                                                                              
90959000  I2CGetEnabledIntStatus                                                                     
90959010  I2CMasterBusBusy                                                                           
90959020  I2CMasterControl                                                                           
90959030  I2CMasterDataGet                                                                           
90959040  I2CMasterIntRawStatusEx                                                                    
90959050  I2CSlaveDataGet                                                                            
90959060  I2CSystemStatusGet                                                                         
90959070  I2C_transactionInit                                                                        
90959080  I2c_QueueMgr_ResetQueue                                                                    
90959090  I2c_TransProcessor_SetHandling                                                             
909590b0  NvM_ActProcessDataIntegrityJob                                                             
909590c0  clk_freq_change_allow                                                                      
909590d0  clk_freq_change_block                                                                      
909590e0  clk_notify_children_freq                                                                   
90959100  osalArch_TimeStampGetFreqKHz                                                               
90959160  sys_reset_handler_register                                                                 
90959170  vMem2His_GetLastMemDriverResult                                                            
90959180  vMemAccM_MainFunction_wrapper                                                              
90959190  vMemAccM_SMDefaultInit                                                                     
909591a0  vMemAccM_SMEraseInit                                                                       
909591b0  vMemAccM_SMHwSpecificInit                                                                  
909591c0  vMemAccM_SMIsBlankInit                                                                     
909591d0  vMemAccM_SMReadBlankInit                                                                   
909591e0  vMemAccM_SMReadInit                                                                        
909591f0  vMemAccM_SMWriteInit                                                                       
90959200  vMemAccM_SchedSetInitState                                                                 
90959210  vMem_30_vXSpi_Nand_LLGetJobResult                                                          
90959220  vXSpi_Peripheral_GetTransactionResult                                                      
90959230  NvM_DataIntegrity_Compare                                                                  
90959240  NvM_DataIntegrity_ExportDataIntegrityRecord                                                
90959250  NvM_DataIntegrity_GetStatus                                                                
90959260  NvM_DataIntegrity_Process                                                                  
90959270  NvM_IsBooleanBitfieldTrue                                                                  
90959280  vMemAccM_CfgAbAddressAreaIdValid                                                           
90959290  vMemAccM_SMLibCalcJobPointer                                                               
909592a0  vMem_30_vXSpi_Nand_IsInstanceIdValid                                                       
909592b0  ApplFblCSRTrigger                                                                          
909592c0  ApplFblGetBlockErased                                                                      
909592d0  ApplFblSecurityInit                                                                        
909592e0  ApplFblSecuritySeedInit                                                                    
909592f0  EaIh_GetHeaderValue                                                                        
90959300  EaIh_GetInstanceLength                                                                     
90959310  EaIh_GetInstanceStartAddress                                                               
90959320  EaIh_GetInstanceStatus                                                                     
90959330  EaIh_GetTrailerValue                                                                       
90959340  EaIh_SetHeaderAndTrailerAddress                                                            
90959350  EaIh_SetInstanceStatus                                                                     
909593b0  FblDiagMemPostWrite                                                                        
909593c0  FblDiagMemPreWrite                                                                         
909593e0  FlashWrapperDriver_DeinitSync                                                              
909593f0  FlashWrapperDriver_InitSync                                                                
90959400  FlashWrapperDriver_REraseSync                                                              
90959410  FlashWrapperDriver_RReadSync                                                               
90959420  FlashWrapperDriver_RWriteSync                                                              
90959470  NvM_QrySyncDecrypt                                                                         
90959490  SecM_AuthDiag_Certificate_VerifySign                                                       
909594a0  SecM_DeinitVerification                                                                    
909594b0  SecM_InitVerification                                                                      
909594c0  SecM_VerifyClassVendorStream                                                               
909594d0  SecM_VerifySHA256                                                                          
909594e0  vMemAccM_CfgAbGetMaxNrOfJobSetupsInMainFunction                                            
909594f0  vMemAccM_CfgAbMpGetCurrentActivePartitionFromToken                                         
90959500  vMemAccM_InitMemory                                                                        
90959520  ApplFblCanBusOff                                                                           
90959530  ApplFblFatalError                                                                          
90959540  ApplFblReset                                                                               
90959550  ApplFblResetVfp                                                                            
90959560  ApplFblSetVfp                                                                              
90959570  ApplFblStartApplication                                                                    
90959580  ApplTrcvrNormalMode                                                                        
90959590  BrsMain_MemoryInit_StageHardReset_Hook                                                     
909595a0  BrsMain_MemoryInit_StageOne_Hook                                                           
909595b0  BrsMain_MemoryInit_StageThree_Hook                                                         
909595c0  BrsMain_MemoryInit_StageTwo_Hook                                                           
909595d0  BrsMain_MemoryInit_StageZero_Hook                                                          
909595e0  BrsMain_PreMainHook                                                                        
909595f0  BrsMain_SoftwareResetECU_Hook                                                              
90959600  Can_30_Mcan_InitMemory                                                                     
90959610  CryIf_CallbackNotification                                                                 
90959620  Csm_CallbackNotification                                                                   
90959630  Dem_ReportErrorStatus                                                                      
90959640  Ea_SetMode                                                                                 
90959650  Eep_30_XXi2c01_ComEnd                                                                      
90959660  Eep_30_XXi2c01_GetStatus                                                                   
90959670  Eep_30_XXi2c01_MainFunction                                                                
90959680  FblCwIdleTask                                                                              
90959690  FblCwResetRxBlock                                                                          
909596a0  FblCw_ControllerBusOff                                                                     
909596b0  FblCw_ControllerModeIndication                                                             
90959750  NvM_EnterCriticalSection                                                                   
90959760  NvM_ExitCriticalSection                                                                    
90959770  NvM_MultiBlockCbk                                                                          
90959780  NvM_NotifyLossOfRedundancy                                                                 
90959790  PduR_CanTpCopyRxData                                                                       
909597a0  PduR_CanTpCopyTxData                                                                       
909597b0  PduR_CanTpRxIndication                                                                     
909597c0  PduR_CanTpStartOfReception                                                                 
909597d0  PduR_CanTpTxConfirmation                                                                   
909597e0  PduR_DcmTransmit                                                                           
90959810  SchM_Enter_CanIf_CANIF_EXCLUSIVE_AREA_0                                                    
90959820  SchM_Exit_CanIf_CANIF_EXCLUSIVE_AREA_0                                                     
90959830  SecM_InitPowerOnVerification                                                               
90959840  WrapNv_InitConfig                                                                          
90959850  WrapNv_PollMainFunctionsInternalTimer                                                      
90959860  __aeabi_idiv0                                                                              
90959870  __aeabi_ldiv0                                                                              
90959880  vMem_30_vXSpi_Nand_MainFunction                                                            
90959883  _FblCodeConstGroup_ALL_END                                                                 
90959883  _FblCodeConstSecGroup_END                                                                  
90959884  _FblCodeConstGroup_ALL_LIMIT                                                               
90959884  _FblCodeConstSecGroup_LIMIT                                                                
90959884  _FblCodeConstSecGroup_RUN_LIMIT                                                            
90959888  _RamDataSecGroup_ROM_START                                                                 
9095ef20  _RamDataSecGroup_ROM_LIMIT                                                                 
9097a1ff  _EepDummyGroup_ALL_END                                                                     
9097a1ff  _EepDummySectionGroup_END                                                                  
9097a200  _EepDummyGroup_ALL_LIMIT                                                                   
9097a200  _EepDummyGroup_ALL_START                                                                   
9097a200  _EepDummySectionGroup_LIMIT                                                                
9097a200  _EepDummySectionGroup_RUN_LIMIT                                                            
9097a200  _EepDummySectionGroup_RUN_START                                                            
9097a200  _EepDummySectionGroup_START                                                                
9097c000  FblPresencePatternArray                                                                    
9097c000  _FblPresPatternGroup_ALL_START                                                             
9097c000  _FblPresPatternSecGroup_RUN_START                                                          
9097c000  _FblPresPatternSecGroup_START                                                              
9097c003  _FblPresPatternGroup_ALL_END                                                               
9097c003  _FblPresPatternSecGroup_END                                                                
9097c004  _FblPresPatternGroup_ALL_LIMIT                                                             
9097c004  _FblPresPatternSecGroup_LIMIT                                                              
9097c004  _FblPresPatternSecGroup_RUN_LIMIT                                                          
ffffffff  __TI_pprof_out_hndl                                                                        
ffffffff  __TI_prof_data_size                                                                        
ffffffff  __TI_prof_data_start                                                                       
ffffffff  __binit__                                                                                  
ffffffff  binit                                                                                      

[2176 symbols]
